Resuming: 42 results already present in /Users/mariapereda/Library/CloudStorage/Dropbox/UPM/investigacion/Mis_trabajos_en_curso/19. GabrielleMuller - TFM - Vigilantes 2.0 con distancia Estrada/long-range-social-pressure/robustness_checks/data/network_realization_robustness.csv
BA_z4 corr L=2 coop       b=1.0 th=0.0 rlz=6: rho=1.0000 (4.8s)
BA_z4 corr L=2 coop       b=1.0 th=0.0 rlz=7: rho=1.0000 (4.1s)
BA_z4 corr L=2 coop       b=1.0 th=0.0 rlz=8: rho=1.0000 (3.4s)
BA_z4 corr L=2 coop       b=1.0 th=0.0 rlz=9: rho=0.9891 (3.5s)
BA_z4 corr L=2 defect     b=2.0 th=0.6 rlz=0: rho=0.5673 (5.1s)
BA_z4 corr L=2 defect     b=2.0 th=0.6 rlz=1: rho=0.6149 (5.9s)
BA_z4 corr L=2 defect     b=2.0 th=0.6 rlz=2: rho=0.5555 (6.1s)
BA_z4 corr L=2 defect     b=2.0 th=0.6 rlz=3: rho=0.6084 (5.6s)
BA_z4 corr L=2 defect     b=2.0 th=0.6 rlz=4: rho=0.5894 (5.4s)
BA_z4 corr L=2 defect     b=2.0 th=0.6 rlz=5: rho=0.5370 (5.5s)
BA_z4 corr L=2 defect     b=2.0 th=0.6 rlz=6: rho=0.5816 (4.8s)
BA_z4 corr L=2 defect     b=2.0 th=0.6 rlz=7: rho=0.6547 (5.2s)
BA_z4 corr L=2 defect     b=2.0 th=0.6 rlz=8: rho=0.5903 (4.9s)
BA_z4 corr L=2 defect     b=2.0 th=0.6 rlz=9: rho=0.6365 (4.6s)
BA_z4 corr L=2 bistable   b=2.0 th=0.4 rlz=0: rho=0.7976 (4.3s)
BA_z4 corr L=2 bistable   b=2.0 th=0.4 rlz=1: rho=0.8526 (4.5s)
BA_z4 corr L=2 bistable   b=2.0 th=0.4 rlz=2: rho=0.7688 (4.9s)
BA_z4 corr L=2 bistable   b=2.0 th=0.4 rlz=3: rho=0.7790 (4.7s)
BA_z4 corr L=2 bistable   b=2.0 th=0.4 rlz=4: rho=0.7917 (4.3s)
BA_z4 corr L=2 bistable   b=2.0 th=0.4 rlz=5: rho=0.7464 (4.8s)
BA_z4 corr L=2 bistable   b=2.0 th=0.4 rlz=6: rho=0.8062 (4.1s)
BA_z4 corr L=2 bistable   b=2.0 th=0.4 rlz=7: rho=0.8575 (4.1s)
BA_z4 corr L=2 bistable   b=2.0 th=0.4 rlz=8: rho=0.8760 (3.7s)
BA_z4 corr L=2 bistable   b=2.0 th=0.4 rlz=9: rho=0.8296 (4.0s)
BA_z4 corr L=3 coop       b=1.8 th=0.3 rlz=0: rho=0.9988 (8.7s)
BA_z4 corr L=3 coop       b=1.8 th=0.3 rlz=1: rho=1.0000 (9.2s)
BA_z4 corr L=3 coop       b=1.8 th=0.3 rlz=2: rho=0.9484 (10.9s)
BA_z4 corr L=3 coop       b=1.8 th=0.3 rlz=3: rho=1.0000 (8.8s)
BA_z4 corr L=3 coop       b=1.8 th=0.3 rlz=4: rho=1.0000 (8.9s)
BA_z4 corr L=3 coop       b=1.8 th=0.3 rlz=5: rho=0.9878 (9.5s)
BA_z4 corr L=3 coop       b=1.8 th=0.3 rlz=6: rho=1.0000 (9.2s)
BA_z4 corr L=3 coop       b=1.8 th=0.3 rlz=7: rho=1.0000 (8.7s)
BA_z4 corr L=3 coop       b=1.8 th=0.3 rlz=8: rho=1.0000 (8.2s)
BA_z4 corr L=3 coop       b=1.8 th=0.3 rlz=9: rho=0.9885 (9.0s)
BA_z4 corr L=3 defect     b=2.0 th=0.7 rlz=0: rho=0.5676 (13.1s)
BA_z4 corr L=3 defect     b=2.0 th=0.7 rlz=1: rho=0.6150 (15.7s)
BA_z4 corr L=3 defect     b=2.0 th=0.7 rlz=2: rho=0.5527 (16.4s)
BA_z4 corr L=3 defect     b=2.0 th=0.7 rlz=3: rho=0.6107 (14.1s)
BA_z4 corr L=3 defect     b=2.0 th=0.7 rlz=4: rho=0.5905 (13.6s)
BA_z4 corr L=3 defect     b=2.0 th=0.7 rlz=5: rho=0.5310 (13.9s)
BA_z4 corr L=3 defect     b=2.0 th=0.7 rlz=6: rho=0.5817 (13.0s)
BA_z4 corr L=3 defect     b=2.0 th=0.7 rlz=7: rho=0.6529 (13.5s)
BA_z4 corr L=3 defect     b=2.0 th=0.7 rlz=8: rho=0.5876 (12.9s)
BA_z4 corr L=3 defect     b=2.0 th=0.7 rlz=9: rho=0.6378 (11.7s)
BA_z4 corr L=3 bistable   b=2.0 th=0.5 rlz=0: rho=0.6133 (11.7s)
BA_z4 corr L=3 bistable   b=2.0 th=0.5 rlz=1: rho=0.7028 (14.8s)
BA_z4 corr L=3 bistable   b=2.0 th=0.5 rlz=2: rho=0.6272 (15.8s)
BA_z4 corr L=3 bistable   b=2.0 th=0.5 rlz=3: rho=0.6831 (14.1s)
BA_z4 corr L=3 bistable   b=2.0 th=0.5 rlz=4: rho=0.6625 (14.2s)
BA_z4 corr L=3 bistable   b=2.0 th=0.5 rlz=5: rho=0.6187 (12.8s)
BA_z4 corr L=3 bistable   b=2.0 th=0.5 rlz=6: rho=0.6559 (12.2s)
BA_z4 corr L=3 bistable   b=2.0 th=0.5 rlz=7: rho=0.7060 (12.6s)
BA_z4 corr L=3 bistable   b=2.0 th=0.5 rlz=8: rho=0.6649 (11.1s)
BA_z4 corr L=3 bistable   b=2.0 th=0.5 rlz=9: rho=0.7034 (11.5s)
BA_z4 corr L=4 coop       b=1.4 th=0.4 rlz=6: rho=0.9999 (20.8s)
BA_z4 corr L=4 coop       b=1.4 th=0.4 rlz=7: rho=1.0000 (20.3s)
BA_z4 corr L=4 coop       b=1.4 th=0.4 rlz=8: rho=1.0000 (19.3s)
BA_z4 corr L=4 coop       b=1.4 th=0.4 rlz=9: rho=0.9865 (20.9s)
BA_z4 corr L=4 defect     b=2.0 th=0.7 rlz=0: rho=0.5675 (29.5s)
BA_z4 corr L=4 defect     b=2.0 th=0.7 rlz=1: rho=0.6132 (35.1s)
BA_z4 corr L=4 defect     b=2.0 th=0.7 rlz=2: rho=0.5533 (35.9s)
BA_z4 corr L=4 defect     b=2.0 th=0.7 rlz=3: rho=0.6127 (31.9s)
BA_z4 corr L=4 defect     b=2.0 th=0.7 rlz=4: rho=0.5874 (31.5s)
BA_z4 corr L=4 defect     b=2.0 th=0.7 rlz=5: rho=0.5404 (33.2s)
BA_z4 corr L=4 defect     b=2.0 th=0.7 rlz=6: rho=0.5804 (29.6s)
BA_z4 corr L=4 defect     b=2.0 th=0.7 rlz=7: rho=0.6540 (31.6s)
BA_z4 corr L=4 defect     b=2.0 th=0.7 rlz=8: rho=0.5895 (30.5s)
BA_z4 corr L=4 defect     b=2.0 th=0.7 rlz=9: rho=0.6367 (27.6s)
BA_z4 corr L=4 bistable   b=2.0 th=0.5 rlz=0: rho=0.7498 (24.7s)
BA_z4 corr L=4 bistable   b=2.0 th=0.5 rlz=1: rho=0.7884 (28.7s)
BA_z4 corr L=4 bistable   b=2.0 th=0.5 rlz=2: rho=0.7096 (30.7s)
BA_z4 corr L=4 bistable   b=2.0 th=0.5 rlz=3: rho=0.7523 (29.6s)
BA_z4 corr L=4 bistable   b=2.0 th=0.5 rlz=4: rho=0.7312 (28.8s)
BA_z4 corr L=4 bistable   b=2.0 th=0.5 rlz=5: rho=0.7302 (27.3s)
BA_z4 corr L=4 bistable   b=2.0 th=0.5 rlz=6: rho=0.7174 (26.0s)
BA_z4 corr L=4 bistable   b=2.0 th=0.5 rlz=7: rho=0.8180 (25.3s)
BA_z4 corr L=4 bistable   b=2.0 th=0.5 rlz=8: rho=0.7890 (24.2s)
BA_z4 corr L=4 bistable   b=2.0 th=0.5 rlz=9: rho=0.7702 (25.3s)
BA_z4 uncorr L=1 coop       b=1.0 th=0.0 rlz=0: rho=0.9978 (2.5s)
BA_z4 uncorr L=1 coop       b=1.0 th=0.0 rlz=1: rho=1.0000 (2.5s)
BA_z4 uncorr L=1 coop       b=1.0 th=0.0 rlz=2: rho=0.9923 (2.8s)
BA_z4 uncorr L=1 coop       b=1.0 th=0.0 rlz=3: rho=1.0000 (2.5s)
BA_z4 uncorr L=1 coop       b=1.0 th=0.0 rlz=4: rho=1.0000 (2.5s)
BA_z4 uncorr L=1 coop       b=1.0 th=0.0 rlz=5: rho=0.9829 (2.8s)
BA_z4 uncorr L=1 coop       b=1.0 th=0.0 rlz=6: rho=1.0000 (2.5s)
BA_z4 uncorr L=1 coop       b=1.0 th=0.0 rlz=7: rho=1.0000 (2.5s)
BA_z4 uncorr L=1 coop       b=1.0 th=0.0 rlz=8: rho=1.0000 (2.5s)
BA_z4 uncorr L=1 coop       b=1.0 th=0.0 rlz=9: rho=0.9891 (2.5s)
BA_z4 uncorr L=1 defect     b=2.0 th=0.6 rlz=0: rho=0.5684 (3.8s)
BA_z4 uncorr L=1 defect     b=2.0 th=0.6 rlz=1: rho=0.6200 (4.6s)
BA_z4 uncorr L=1 defect     b=2.0 th=0.6 rlz=2: rho=0.5587 (4.5s)
BA_z4 uncorr L=1 defect     b=2.0 th=0.6 rlz=3: rho=0.6237 (4.2s)
BA_z4 uncorr L=1 defect     b=2.0 th=0.6 rlz=4: rho=0.5780 (4.2s)
BA_z4 uncorr L=1 defect     b=2.0 th=0.6 rlz=5: rho=0.5338 (4.2s)
BA_z4 uncorr L=1 defect     b=2.0 th=0.6 rlz=6: rho=0.5827 (3.7s)
BA_z4 uncorr L=1 defect     b=2.0 th=0.6 rlz=7: rho=0.6515 (3.9s)
BA_z4 uncorr L=1 defect     b=2.0 th=0.6 rlz=8: rho=0.5908 (3.9s)
BA_z4 uncorr L=1 defect     b=2.0 th=0.6 rlz=9: rho=0.6400 (3.6s)
BA_z4 uncorr L=1 bistable   b=2.0 th=0.2 rlz=0: rho=0.7059 (3.4s)
BA_z4 uncorr L=1 bistable   b=2.0 th=0.2 rlz=1: rho=0.8429 (3.2s)
BA_z4 uncorr L=1 bistable   b=2.0 th=0.2 rlz=2: rho=0.7062 (3.9s)
BA_z4 uncorr L=1 bistable   b=2.0 th=0.2 rlz=3: rho=0.7445 (3.6s)
BA_z4 uncorr L=1 bistable   b=2.0 th=0.2 rlz=4: rho=0.7566 (3.5s)
BA_z4 uncorr L=1 bistable   b=2.0 th=0.2 rlz=5: rho=0.6932 (3.8s)
BA_z4 uncorr L=1 bistable   b=2.0 th=0.2 rlz=6: rho=0.7453 (3.2s)
BA_z4 uncorr L=1 bistable   b=2.0 th=0.2 rlz=7: rho=0.8033 (3.5s)
BA_z4 uncorr L=1 bistable   b=2.0 th=0.2 rlz=8: rho=0.7931 (3.2s)
BA_z4 uncorr L=1 bistable   b=2.0 th=0.2 rlz=9: rho=0.8022 (3.1s)
BA_z4 uncorr L=2 coop       b=1.8 th=0.1 rlz=0: rho=0.9951 (3.4s)
BA_z4 uncorr L=2 coop       b=1.8 th=0.1 rlz=1: rho=1.0000 (3.4s)
BA_z4 uncorr L=2 coop       b=1.8 th=0.1 rlz=2: rho=0.9810 (4.0s)
BA_z4 uncorr L=2 coop       b=1.8 th=0.1 rlz=3: rho=0.9966 (3.5s)
BA_z4 uncorr L=2 coop       b=1.8 th=0.1 rlz=4: rho=0.9981 (3.5s)
BA_z4 uncorr L=2 coop       b=1.8 th=0.1 rlz=5: rho=0.9899 (4.0s)
BA_z4 uncorr L=2 coop       b=1.8 th=0.1 rlz=6: rho=0.9983 (3.5s)
BA_z4 uncorr L=2 coop       b=1.8 th=0.1 rlz=7: rho=0.9980 (3.6s)
BA_z4 uncorr L=2 coop       b=1.8 th=0.1 rlz=8: rho=1.0000 (3.4s)
BA_z4 uncorr L=2 coop       b=1.8 th=0.1 rlz=9: rho=0.9893 (3.6s)
BA_z4 uncorr L=2 defect     b=2.0 th=0.6 rlz=0: rho=0.5695 (5.0s)
BA_z4 uncorr L=2 defect     b=2.0 th=0.6 rlz=1: rho=0.6212 (5.7s)
BA_z4 uncorr L=2 defect     b=2.0 th=0.6 rlz=2: rho=0.5630 (6.2s)
BA_z4 uncorr L=2 defect     b=2.0 th=0.6 rlz=3: rho=0.6222 (5.9s)
BA_z4 uncorr L=2 defect     b=2.0 th=0.6 rlz=4: rho=0.5776 (5.4s)
BA_z4 uncorr L=2 defect     b=2.0 th=0.6 rlz=5: rho=0.5356 (5.8s)
BA_z4 uncorr L=2 defect     b=2.0 th=0.6 rlz=6: rho=0.5826 (4.9s)
BA_z4 uncorr L=2 defect     b=2.0 th=0.6 rlz=7: rho=0.6515 (5.2s)
BA_z4 uncorr L=2 defect     b=2.0 th=0.6 rlz=8: rho=0.5906 (4.9s)
BA_z4 uncorr L=2 defect     b=2.0 th=0.6 rlz=9: rho=0.6388 (4.9s)
BA_z4 uncorr L=2 bistable   b=2.0 th=0.3 rlz=0: rho=0.7069 (4.2s)
BA_z4 uncorr L=2 bistable   b=2.0 th=0.3 rlz=1: rho=0.7646 (4.8s)
BA_z4 uncorr L=2 bistable   b=2.0 th=0.3 rlz=2: rho=0.7246 (4.9s)
BA_z4 uncorr L=2 bistable   b=2.0 th=0.3 rlz=3: rho=0.7467 (4.7s)
BA_z4 uncorr L=2 bistable   b=2.0 th=0.3 rlz=4: rho=0.7109 (4.8s)
BA_z4 uncorr L=2 bistable   b=2.0 th=0.3 rlz=5: rho=0.6757 (5.0s)
BA_z4 uncorr L=2 bistable   b=2.0 th=0.3 rlz=6: rho=0.7369 (4.3s)
BA_z4 uncorr L=2 bistable   b=2.0 th=0.3 rlz=7: rho=0.7888 (4.7s)
BA_z4 uncorr L=2 bistable   b=2.0 th=0.3 rlz=8: rho=0.7849 (4.2s)
BA_z4 uncorr L=2 bistable   b=2.0 th=0.3 rlz=9: rho=0.7467 (4.4s)
BA_z4 uncorr L=3 coop       b=1.6 th=0.2 rlz=0: rho=0.9903 (8.8s)
BA_z4 uncorr L=3 coop       b=1.6 th=0.2 rlz=1: rho=0.9990 (8.9s)
BA_z4 uncorr L=3 coop       b=1.6 th=0.2 rlz=2: rho=0.9904 (11.0s)
BA_z4 uncorr L=3 coop       b=1.6 th=0.2 rlz=3: rho=0.9977 (9.6s)
BA_z4 uncorr L=3 coop       b=1.6 th=0.2 rlz=4: rho=0.9998 (9.2s)
BA_z4 uncorr L=3 coop       b=1.6 th=0.2 rlz=5: rho=0.9777 (11.0s)
BA_z4 uncorr L=3 coop       b=1.6 th=0.2 rlz=6: rho=0.9983 (9.2s)
BA_z4 uncorr L=3 coop       b=1.6 th=0.2 rlz=7: rho=0.9985 (9.8s)
BA_z4 uncorr L=3 coop       b=1.6 th=0.2 rlz=8: rho=0.9998 (8.6s)
BA_z4 uncorr L=3 coop       b=1.6 th=0.2 rlz=9: rho=0.9873 (10.0s)
BA_z4 uncorr L=3 defect     b=2.0 th=0.6 rlz=0: rho=0.5723 (12.8s)
BA_z4 uncorr L=3 defect     b=2.0 th=0.6 rlz=1: rho=0.6203 (15.2s)
BA_z4 uncorr L=3 defect     b=2.0 th=0.6 rlz=2: rho=0.5623 (17.1s)
BA_z4 uncorr L=3 defect     b=2.0 th=0.6 rlz=3: rho=0.6198 (16.6s)
BA_z4 uncorr L=3 defect     b=2.0 th=0.6 rlz=4: rho=0.5818 (14.0s)
BA_z4 uncorr L=3 defect     b=2.0 th=0.6 rlz=5: rho=0.5404 (16.1s)
BA_z4 uncorr L=3 defect     b=2.0 th=0.6 rlz=6: rho=0.5822 (13.3s)
BA_z4 uncorr L=3 defect     b=2.0 th=0.6 rlz=7: rho=0.6522 (15.4s)
BA_z4 uncorr L=3 defect     b=2.0 th=0.6 rlz=8: rho=0.5958 (12.9s)
BA_z4 uncorr L=3 defect     b=2.0 th=0.6 rlz=9: rho=0.6434 (13.8s)
BA_z4 uncorr L=3 bistable   b=2.0 th=0.3 rlz=0: rho=0.8202 (10.4s)
BA_z4 uncorr L=3 bistable   b=2.0 th=0.3 rlz=1: rho=0.8595 (11.0s)
BA_z4 uncorr L=3 bistable   b=2.0 th=0.3 rlz=2: rho=0.8240 (13.4s)
BA_z4 uncorr L=3 bistable   b=2.0 th=0.3 rlz=3: rho=0.8208 (12.2s)
BA_z4 uncorr L=3 bistable   b=2.0 th=0.3 rlz=4: rho=0.8336 (11.4s)
BA_z4 uncorr L=3 bistable   b=2.0 th=0.3 rlz=5: rho=0.7730 (12.9s)
BA_z4 uncorr L=3 bistable   b=2.0 th=0.3 rlz=6: rho=0.8123 (10.8s)
BA_z4 uncorr L=3 bistable   b=2.0 th=0.3 rlz=7: rho=0.8614 (12.1s)
BA_z4 uncorr L=3 bistable   b=2.0 th=0.3 rlz=8: rho=0.9050 (9.8s)
BA_z4 uncorr L=3 bistable   b=2.0 th=0.3 rlz=9: rho=0.8178 (12.2s)
BA_z4 uncorr L=4 coop       b=1.4 th=0.0 rlz=0: rho=0.9978 (20.1s)
BA_z4 uncorr L=4 coop       b=1.4 th=0.0 rlz=1: rho=1.0000 (20.4s)
BA_z4 uncorr L=4 coop       b=1.4 th=0.0 rlz=2: rho=0.9868 (23.7s)
BA_z4 uncorr L=4 coop       b=1.4 th=0.0 rlz=3: rho=1.0000 (21.7s)
BA_z4 uncorr L=4 coop       b=1.4 th=0.0 rlz=4: rho=1.0000 (21.3s)
BA_z4 uncorr L=4 coop       b=1.4 th=0.0 rlz=5: rho=0.9847 (23.9s)
BA_z4 uncorr L=4 coop       b=1.4 th=0.0 rlz=6: rho=1.0000 (20.9s)
BA_z4 uncorr L=4 coop       b=1.4 th=0.0 rlz=7: rho=1.0000 (21.5s)
BA_z4 uncorr L=4 coop       b=1.4 th=0.0 rlz=8: rho=1.0000 (19.7s)
BA_z4 uncorr L=4 coop       b=1.4 th=0.0 rlz=9: rho=0.9880 (22.3s)
BA_z4 uncorr L=4 defect     b=2.0 th=0.6 rlz=0: rho=0.5741 (29.0s)
BA_z4 uncorr L=4 defect     b=2.0 th=0.6 rlz=1: rho=0.6229 (35.9s)
BA_z4 uncorr L=4 defect     b=2.0 th=0.6 rlz=2: rho=0.5603 (35.6s)
BA_z4 uncorr L=4 defect     b=2.0 th=0.6 rlz=3: rho=0.6119 (35.3s)
BA_z4 uncorr L=4 defect     b=2.0 th=0.6 rlz=4: rho=0.5800 (32.3s)
BA_z4 uncorr L=4 defect     b=2.0 th=0.6 rlz=5: rho=0.5433 (35.0s)
BA_z4 uncorr L=4 defect     b=2.0 th=0.6 rlz=6: rho=0.5811 (30.5s)
BA_z4 uncorr L=4 defect     b=2.0 th=0.6 rlz=7: rho=0.6499 (33.8s)
BA_z4 uncorr L=4 defect     b=2.0 th=0.6 rlz=8: rho=0.5940 (29.3s)
BA_z4 uncorr L=4 defect     b=2.0 th=0.6 rlz=9: rho=0.6416 (34.2s)
BA_z4 uncorr L=4 bistable   b=2.0 th=0.4 rlz=0: rho=0.6843 (27.8s)
BA_z4 uncorr L=4 bistable   b=2.0 th=0.4 rlz=1: rho=0.7299 (30.0s)
BA_z4 uncorr L=4 bistable   b=2.0 th=0.4 rlz=2: rho=0.6934 (33.0s)
BA_z4 uncorr L=4 bistable   b=2.0 th=0.4 rlz=3: rho=0.7383 (29.6s)
BA_z4 uncorr L=4 bistable   b=2.0 th=0.4 rlz=4: rho=0.7086 (29.7s)
BA_z4 uncorr L=4 bistable   b=2.0 th=0.4 rlz=5: rho=0.6405 (31.3s)
BA_z4 uncorr L=4 bistable   b=2.0 th=0.4 rlz=6: rho=0.7206 (26.3s)
BA_z4 uncorr L=4 bistable   b=2.0 th=0.4 rlz=7: rho=0.7633 (29.3s)
BA_z4 uncorr L=4 bistable   b=2.0 th=0.4 rlz=8: rho=0.7498 (26.1s)
BA_z4 uncorr L=4 bistable   b=2.0 th=0.4 rlz=9: rho=0.7271 (28.3s)
BA_z16 corr L=1 coop       b=1.0 th=0.0 rlz=0: rho=0.9723 (3.4s)
BA_z16 corr L=1 coop       b=1.0 th=0.0 rlz=1: rho=0.8935 (6.0s)
BA_z16 corr L=1 coop       b=1.0 th=0.0 rlz=2: rho=0.9978 (3.1s)
BA_z16 corr L=1 coop       b=1.0 th=0.0 rlz=3: rho=0.9986 (3.1s)
BA_z16 corr L=1 coop       b=1.0 th=0.0 rlz=4: rho=0.8691 (4.1s)
BA_z16 corr L=1 coop       b=1.0 th=0.0 rlz=5: rho=1.0000 (2.9s)
BA_z16 corr L=1 coop       b=1.0 th=0.0 rlz=6: rho=1.0000 (2.9s)
BA_z16 corr L=1 coop       b=1.0 th=0.0 rlz=7: rho=0.8199 (5.6s)
BA_z16 corr L=1 coop       b=1.0 th=0.0 rlz=8: rho=1.0000 (2.9s)
BA_z16 corr L=1 coop       b=1.0 th=0.0 rlz=9: rho=1.0000 (2.9s)
BA_z16 corr L=1 defect     b=2.0 th=0.1 rlz=0: rho=0.0038 (3.2s)
BA_z16 corr L=1 defect     b=2.0 th=0.1 rlz=1: rho=0.0021 (3.2s)
BA_z16 corr L=1 defect     b=2.0 th=0.1 rlz=2: rho=0.0031 (3.3s)
BA_z16 corr L=1 defect     b=2.0 th=0.1 rlz=3: rho=0.0012 (3.2s)
BA_z16 corr L=1 defect     b=2.0 th=0.1 rlz=4: rho=0.0099 (3.4s)
BA_z16 corr L=1 defect     b=2.0 th=0.1 rlz=5: rho=0.0116 (3.2s)
BA_z16 corr L=1 defect     b=2.0 th=0.1 rlz=6: rho=0.0000 (3.2s)
BA_z16 corr L=1 defect     b=2.0 th=0.1 rlz=7: rho=0.0057 (3.3s)
BA_z16 corr L=1 defect     b=2.0 th=0.1 rlz=8: rho=0.0033 (3.2s)
BA_z16 corr L=1 defect     b=2.0 th=0.1 rlz=9: rho=0.0000 (3.2s)
BA_z16 corr L=1 transition b=1.5 th=0.1 rlz=0: rho=0.5069 (4.6s)
BA_z16 corr L=1 transition b=1.5 th=0.1 rlz=1: rho=0.5314 (4.3s)
BA_z16 corr L=1 transition b=1.5 th=0.1 rlz=2: rho=0.4711 (5.2s)
BA_z16 corr L=1 transition b=1.5 th=0.1 rlz=3: rho=0.4292 (4.4s)
BA_z16 corr L=1 transition b=1.5 th=0.1 rlz=4: rho=0.4889 (4.1s)
BA_z16 corr L=1 transition b=1.5 th=0.1 rlz=5: rho=0.3855 (4.9s)
BA_z16 corr L=1 transition b=1.5 th=0.1 rlz=6: rho=0.4771 (4.7s)
BA_z16 corr L=1 transition b=1.5 th=0.1 rlz=7: rho=0.5396 (4.1s)
BA_z16 corr L=1 transition b=1.5 th=0.1 rlz=8: rho=0.5227 (4.8s)
BA_z16 corr L=1 transition b=1.5 th=0.1 rlz=9: rho=0.2709 (4.5s)
BA_z16 corr L=1 bistable   b=1.6 th=0.0 rlz=0: rho=0.7473 (3.7s)
BA_z16 corr L=1 bistable   b=1.6 th=0.0 rlz=1: rho=0.7539 (4.0s)
BA_z16 corr L=1 bistable   b=1.6 th=0.0 rlz=2: rho=0.6263 (3.9s)
BA_z16 corr L=1 bistable   b=1.6 th=0.0 rlz=3: rho=0.7276 (4.2s)
BA_z16 corr L=1 bistable   b=1.6 th=0.0 rlz=4: rho=0.7846 (3.4s)
BA_z16 corr L=1 bistable   b=1.6 th=0.0 rlz=5: rho=0.4730 (4.1s)
BA_z16 corr L=1 bistable   b=1.6 th=0.0 rlz=6: rho=0.6382 (4.0s)
BA_z16 corr L=1 bistable   b=1.6 th=0.0 rlz=7: rho=0.6556 (4.0s)
BA_z16 corr L=1 bistable   b=1.6 th=0.0 rlz=8: rho=0.6563 (4.1s)
BA_z16 corr L=1 bistable   b=1.6 th=0.0 rlz=9: rho=0.3295 (5.0s)
BA_z16 corr L=2 coop       b=1.0 th=0.0 rlz=0: rho=0.9723 (13.7s)
BA_z16 corr L=2 coop       b=1.0 th=0.0 rlz=1: rho=0.8935 (24.2s)
BA_z16 corr L=2 coop       b=1.0 th=0.0 rlz=2: rho=0.9978 (12.1s)
BA_z16 corr L=2 coop       b=1.0 th=0.0 rlz=3: rho=0.9986 (12.6s)
BA_z16 corr L=2 coop       b=1.0 th=0.0 rlz=4: rho=0.8691 (16.8s)
BA_z16 corr L=2 coop       b=1.0 th=0.0 rlz=5: rho=1.0000 (11.3s)
BA_z16 corr L=2 coop       b=1.0 th=0.0 rlz=6: rho=1.0000 (11.5s)
BA_z16 corr L=2 coop       b=1.0 th=0.0 rlz=7: rho=0.8199 (23.2s)
BA_z16 corr L=2 coop       b=1.0 th=0.0 rlz=8: rho=1.0000 (11.8s)
BA_z16 corr L=2 coop       b=1.0 th=0.0 rlz=9: rho=1.0000 (11.2s)
BA_z16 corr L=2 defect     b=2.0 th=0.6 rlz=0: rho=0.0021 (12.0s)
BA_z16 corr L=2 defect     b=2.0 th=0.6 rlz=1: rho=0.0013 (19.1s)
BA_z16 corr L=2 defect     b=2.0 th=0.6 rlz=2: rho=0.0049 (12.2s)
BA_z16 corr L=2 defect     b=2.0 th=0.6 rlz=3: rho=0.0018 (11.6s)
BA_z16 corr L=2 defect     b=2.0 th=0.6 rlz=4: rho=0.0094 (12.9s)
BA_z16 corr L=2 defect     b=2.0 th=0.6 rlz=5: rho=0.0009 (11.7s)
BA_z16 corr L=2 defect     b=2.0 th=0.6 rlz=6: rho=0.0000 (11.3s)
BA_z16 corr L=2 defect     b=2.0 th=0.6 rlz=7: rho=0.0052 (11.8s)
BA_z16 corr L=2 defect     b=2.0 th=0.6 rlz=8: rho=0.0021 (11.8s)
BA_z16 corr L=2 defect     b=2.0 th=0.6 rlz=9: rho=0.0000 (11.3s)
BA_z16 corr L=2 transition b=1.5 th=0.3 rlz=0: rho=0.5617 (16.6s)
BA_z16 corr L=2 transition b=1.5 th=0.3 rlz=1: rho=0.4702 (17.0s)
BA_z16 corr L=2 transition b=1.5 th=0.3 rlz=2: rho=0.4879 (17.4s)
BA_z16 corr L=2 transition b=1.5 th=0.3 rlz=3: rho=0.4586 (17.4s)
BA_z16 corr L=2 transition b=1.5 th=0.3 rlz=4: rho=0.4677 (18.6s)
BA_z16 corr L=2 transition b=1.5 th=0.3 rlz=5: rho=0.5058 (16.1s)
BA_z16 corr L=2 transition b=1.5 th=0.3 rlz=6: rho=0.4799 (15.7s)
BA_z16 corr L=2 transition b=1.5 th=0.3 rlz=7: rho=0.4094 (16.4s)
BA_z16 corr L=2 transition b=1.5 th=0.3 rlz=8: rho=0.5895 (15.6s)
BA_z16 corr L=2 transition b=1.5 th=0.3 rlz=9: rho=0.4464 (15.7s)
BA_z16 corr L=2 bistable   b=1.8 th=0.0 rlz=0: rho=0.5163 (13.2s)
BA_z16 corr L=2 bistable   b=1.8 th=0.0 rlz=1: rho=0.5167 (20.5s)
BA_z16 corr L=2 bistable   b=1.8 th=0.0 rlz=2: rho=0.6188 (14.1s)
BA_z16 corr L=2 bistable   b=1.8 th=0.0 rlz=3: rho=0.4286 (13.8s)
BA_z16 corr L=2 bistable   b=1.8 th=0.0 rlz=4: rho=0.5731 (12.4s)
BA_z16 corr L=2 bistable   b=1.8 th=0.0 rlz=5: rho=0.4292 (13.5s)
BA_z16 corr L=2 bistable   b=1.8 th=0.0 rlz=6: rho=0.3874 (12.8s)
BA_z16 corr L=2 bistable   b=1.8 th=0.0 rlz=7: rho=0.5349 (13.1s)
BA_z16 corr L=2 bistable   b=1.8 th=0.0 rlz=8: rho=0.5410 (15.1s)
BA_z16 corr L=2 bistable   b=1.8 th=0.0 rlz=9: rho=0.2088 (13.6s)
BA_z16 corr L=3 coop       b=1.0 th=0.0 rlz=0: rho=0.9723 (35.0s)
BA_z16 corr L=3 coop       b=1.0 th=0.0 rlz=1: rho=0.8935 (62.2s)
BA_z16 corr L=3 coop       b=1.0 th=0.0 rlz=2: rho=0.9978 (29.8s)
BA_z16 corr L=3 coop       b=1.0 th=0.0 rlz=3: rho=0.9986 (31.2s)
BA_z16 corr L=3 coop       b=1.0 th=0.0 rlz=4: rho=0.8691 (41.8s)
BA_z16 corr L=3 coop       b=1.0 th=0.0 rlz=5: rho=1.0000 (28.5s)
BA_z16 corr L=3 coop       b=1.0 th=0.0 rlz=6: rho=1.0000 (29.8s)
BA_z16 corr L=3 coop       b=1.0 th=0.0 rlz=7: rho=0.8199 (58.3s)
BA_z16 corr L=3 coop       b=1.0 th=0.0 rlz=8: rho=1.0000 (29.5s)
BA_z16 corr L=3 coop       b=1.0 th=0.0 rlz=9: rho=1.0000 (28.4s)
BA_z16 corr L=3 defect     b=2.0 th=0.6 rlz=0: rho=0.0021 (29.4s)
BA_z16 corr L=3 defect     b=2.0 th=0.6 rlz=1: rho=0.0020 (29.2s)
BA_z16 corr L=3 defect     b=2.0 th=0.6 rlz=2: rho=0.0042 (29.9s)
BA_z16 corr L=3 defect     b=2.0 th=0.6 rlz=3: rho=0.0011 (28.8s)
BA_z16 corr L=3 defect     b=2.0 th=0.6 rlz=4: rho=0.0091 (30.9s)
BA_z16 corr L=3 defect     b=2.0 th=0.6 rlz=5: rho=0.0009 (29.0s)
BA_z16 corr L=3 defect     b=2.0 th=0.6 rlz=6: rho=0.0000 (28.7s)
BA_z16 corr L=3 defect     b=2.0 th=0.6 rlz=7: rho=0.0056 (29.4s)
BA_z16 corr L=3 defect     b=2.0 th=0.6 rlz=8: rho=0.0027 (29.1s)
BA_z16 corr L=3 defect     b=2.0 th=0.6 rlz=9: rho=0.0000 (28.2s)
BA_z16 corr L=3 transition b=1.7 th=0.2 rlz=0: rho=0.4995 (33.7s)
BA_z16 corr L=3 transition b=1.7 th=0.2 rlz=1: rho=0.4469 (33.5s)
BA_z16 corr L=3 transition b=1.7 th=0.2 rlz=2: rho=0.4872 (34.1s)
BA_z16 corr L=3 transition b=1.7 th=0.2 rlz=3: rho=0.4509 (34.8s)
BA_z16 corr L=3 transition b=1.7 th=0.2 rlz=4: rho=0.4609 (34.3s)
BA_z16 corr L=3 transition b=1.7 th=0.2 rlz=5: rho=0.5288 (32.0s)
BA_z16 corr L=3 transition b=1.7 th=0.2 rlz=6: rho=0.5078 (31.2s)
BA_z16 corr L=3 transition b=1.7 th=0.2 rlz=7: rho=0.3825 (31.1s)
BA_z16 corr L=3 transition b=1.7 th=0.2 rlz=8: rho=0.5767 (31.4s)
BA_z16 corr L=3 transition b=1.7 th=0.2 rlz=9: rho=0.4717 (30.5s)
BA_z16 corr L=3 bistable   b=1.8 th=0.1 rlz=0: rho=0.4837 (30.4s)
BA_z16 corr L=3 bistable   b=1.8 th=0.1 rlz=1: rho=0.4650 (32.0s)
BA_z16 corr L=3 bistable   b=1.8 th=0.1 rlz=2: rho=0.4498 (30.6s)
BA_z16 corr L=3 bistable   b=1.8 th=0.1 rlz=3: rho=0.4440 (31.6s)
BA_z16 corr L=3 bistable   b=1.8 th=0.1 rlz=4: rho=0.5530 (31.3s)
BA_z16 corr L=3 bistable   b=1.8 th=0.1 rlz=5: rho=0.4654 (29.8s)
BA_z16 corr L=3 bistable   b=1.8 th=0.1 rlz=6: rho=0.4346 (34.1s)
BA_z16 corr L=3 bistable   b=1.8 th=0.1 rlz=7: rho=0.4059 (30.5s)
BA_z16 corr L=3 bistable   b=1.8 th=0.1 rlz=8: rho=0.4541 (33.1s)
BA_z16 corr L=3 bistable   b=1.8 th=0.1 rlz=9: rho=0.3363 (30.4s)
BA_z16 corr L=4 coop       b=1.0 th=0.0 rlz=0: rho=0.9723 (35.1s)
BA_z16 corr L=4 coop       b=1.0 th=0.0 rlz=1: rho=0.8935 (68.9s)
BA_z16 corr L=4 coop       b=1.0 th=0.0 rlz=2: rho=0.9978 (30.2s)
BA_z16 corr L=4 coop       b=1.0 th=0.0 rlz=3: rho=0.9986 (31.5s)
BA_z16 corr L=4 coop       b=1.0 th=0.0 rlz=4: rho=0.8691 (42.3s)
BA_z16 corr L=4 coop       b=1.0 th=0.0 rlz=5: rho=1.0000 (28.8s)
BA_z16 corr L=4 coop       b=1.0 th=0.0 rlz=6: rho=1.0000 (29.6s)
BA_z16 corr L=4 coop       b=1.0 th=0.0 rlz=7: rho=0.8199 (59.3s)
BA_z16 corr L=4 coop       b=1.0 th=0.0 rlz=8: rho=1.0000 (29.9s)
BA_z16 corr L=4 coop       b=1.0 th=0.0 rlz=9: rho=1.0000 (28.8s)
BA_z16 corr L=4 defect     b=2.0 th=0.6 rlz=0: rho=0.0026 (29.6s)
BA_z16 corr L=4 defect     b=2.0 th=0.6 rlz=1: rho=0.0020 (29.3s)
BA_z16 corr L=4 defect     b=2.0 th=0.6 rlz=2: rho=0.0038 (30.1s)
BA_z16 corr L=4 defect     b=2.0 th=0.6 rlz=3: rho=0.0011 (28.9s)
BA_z16 corr L=4 defect     b=2.0 th=0.6 rlz=4: rho=0.0082 (31.2s)
BA_z16 corr L=4 defect     b=2.0 th=0.6 rlz=5: rho=0.0014 (29.5s)
BA_z16 corr L=4 defect     b=2.0 th=0.6 rlz=6: rho=0.0000 (37.2s)
BA_z16 corr L=4 defect     b=2.0 th=0.6 rlz=7: rho=0.0053 (31.8s)
BA_z16 corr L=4 defect     b=2.0 th=0.6 rlz=8: rho=0.0034 (29.6s)
BA_z16 corr L=4 defect     b=2.0 th=0.6 rlz=9: rho=0.0000 (28.7s)
BA_z16 corr L=4 transition b=1.7 th=0.2 rlz=0: rho=0.5309 (31.9s)
BA_z16 corr L=4 transition b=1.7 th=0.2 rlz=1: rho=0.4554 (31.6s)
BA_z16 corr L=4 transition b=1.7 th=0.2 rlz=2: rho=0.4589 (33.2s)
BA_z16 corr L=4 transition b=1.7 th=0.2 rlz=3: rho=0.4330 (33.6s)
BA_z16 corr L=4 transition b=1.7 th=0.2 rlz=4: rho=0.4935 (31.7s)
BA_z16 corr L=4 transition b=1.7 th=0.2 rlz=5: rho=0.5354 (32.1s)
BA_z16 corr L=4 transition b=1.7 th=0.2 rlz=6: rho=0.4695 (32.3s)
BA_z16 corr L=4 transition b=1.7 th=0.2 rlz=7: rho=0.4113 (32.7s)
BA_z16 corr L=4 transition b=1.7 th=0.2 rlz=8: rho=0.5782 (32.0s)
BA_z16 corr L=4 transition b=1.7 th=0.2 rlz=9: rho=0.4621 (31.7s)
BA_z16 corr L=4 bistable   b=1.8 th=0.1 rlz=0: rho=0.5065 (30.9s)
BA_z16 corr L=4 bistable   b=1.8 th=0.1 rlz=1: rho=0.4850 (31.1s)
BA_z16 corr L=4 bistable   b=1.8 th=0.1 rlz=2: rho=0.4829 (36.2s)
BA_z16 corr L=4 bistable   b=1.8 th=0.1 rlz=3: rho=0.4273 (31.3s)
BA_z16 corr L=4 bistable   b=1.8 th=0.1 rlz=4: rho=0.5071 (31.3s)
BA_z16 corr L=4 bistable   b=1.8 th=0.1 rlz=5: rho=0.4477 (30.4s)
BA_z16 corr L=4 bistable   b=1.8 th=0.1 rlz=6: rho=0.3961 (30.7s)
BA_z16 corr L=4 bistable   b=1.8 th=0.1 rlz=7: rho=0.4301 (30.1s)
BA_z16 corr L=4 bistable   b=1.8 th=0.1 rlz=8: rho=0.5272 (30.0s)
BA_z16 corr L=4 bistable   b=1.8 th=0.1 rlz=9: rho=0.4239 (29.9s)
BA_z16 uncorr L=1 coop       b=1.0 th=0.0 rlz=0: rho=0.9723 (13.1s)
BA_z16 uncorr L=1 coop       b=1.0 th=0.0 rlz=1: rho=0.8935 (5.9s)
BA_z16 uncorr L=1 coop       b=1.0 th=0.0 rlz=2: rho=0.9978 (2.9s)
BA_z16 uncorr L=1 coop       b=1.0 th=0.0 rlz=3: rho=0.9986 (3.0s)
BA_z16 uncorr L=1 coop       b=1.0 th=0.0 rlz=4: rho=0.8691 (4.0s)
BA_z16 uncorr L=1 coop       b=1.0 th=0.0 rlz=5: rho=1.0000 (2.8s)
BA_z16 uncorr L=1 coop       b=1.0 th=0.0 rlz=6: rho=1.0000 (2.8s)
BA_z16 uncorr L=1 coop       b=1.0 th=0.0 rlz=7: rho=0.8199 (5.6s)
BA_z16 uncorr L=1 coop       b=1.0 th=0.0 rlz=8: rho=1.0000 (2.9s)
BA_z16 uncorr L=1 coop       b=1.0 th=0.0 rlz=9: rho=1.0000 (2.8s)
BA_z16 uncorr L=1 defect     b=2.0 th=0.0 rlz=0: rho=0.0014 (3.3s)
BA_z16 uncorr L=1 defect     b=2.0 th=0.0 rlz=1: rho=0.0045 (3.2s)
BA_z16 uncorr L=1 defect     b=2.0 th=0.0 rlz=2: rho=0.0058 (3.2s)
BA_z16 uncorr L=1 defect     b=2.0 th=0.0 rlz=3: rho=0.0029 (3.3s)
BA_z16 uncorr L=1 defect     b=2.0 th=0.0 rlz=4: rho=0.0246 (3.5s)
BA_z16 uncorr L=1 defect     b=2.0 th=0.0 rlz=5: rho=0.0038 (3.3s)
BA_z16 uncorr L=1 defect     b=2.0 th=0.0 rlz=6: rho=0.0002 (3.2s)
BA_z16 uncorr L=1 defect     b=2.0 th=0.0 rlz=7: rho=0.0092 (3.2s)
BA_z16 uncorr L=1 defect     b=2.0 th=0.0 rlz=8: rho=0.0031 (3.3s)
BA_z16 uncorr L=1 defect     b=2.0 th=0.0 rlz=9: rho=0.0000 (3.2s)
BA_z16 uncorr L=1 transition b=1.4 th=0.4 rlz=0: rho=0.7196 (5.0s)
BA_z16 uncorr L=1 transition b=1.4 th=0.4 rlz=1: rho=0.6081 (5.7s)
BA_z16 uncorr L=1 transition b=1.4 th=0.4 rlz=2: rho=0.6461 (5.2s)
BA_z16 uncorr L=1 transition b=1.4 th=0.4 rlz=3: rho=0.4253 (5.9s)
BA_z16 uncorr L=1 transition b=1.4 th=0.4 rlz=4: rho=0.5545 (5.6s)
BA_z16 uncorr L=1 transition b=1.4 th=0.4 rlz=5: rho=0.5332 (4.6s)
BA_z16 uncorr L=1 transition b=1.4 th=0.4 rlz=6: rho=0.4532 (6.0s)
BA_z16 uncorr L=1 transition b=1.4 th=0.4 rlz=7: rho=0.4740 (5.5s)
BA_z16 uncorr L=1 transition b=1.4 th=0.4 rlz=8: rho=0.5695 (5.1s)
BA_z16 uncorr L=1 transition b=1.4 th=0.4 rlz=9: rho=0.3021 (5.9s)
BA_z16 uncorr L=1 bistable   b=1.6 th=0.0 rlz=0: rho=0.7425 (3.5s)
BA_z16 uncorr L=1 bistable   b=1.6 th=0.0 rlz=1: rho=0.7341 (3.6s)
BA_z16 uncorr L=1 bistable   b=1.6 th=0.0 rlz=2: rho=0.7436 (3.6s)
BA_z16 uncorr L=1 bistable   b=1.6 th=0.0 rlz=3: rho=0.7047 (3.8s)
BA_z16 uncorr L=1 bistable   b=1.6 th=0.0 rlz=4: rho=0.7144 (3.4s)
BA_z16 uncorr L=1 bistable   b=1.6 th=0.0 rlz=5: rho=0.5738 (4.0s)
BA_z16 uncorr L=1 bistable   b=1.6 th=0.0 rlz=6: rho=0.5865 (3.8s)
BA_z16 uncorr L=1 bistable   b=1.6 th=0.0 rlz=7: rho=0.6346 (3.8s)
BA_z16 uncorr L=1 bistable   b=1.6 th=0.0 rlz=8: rho=0.6612 (4.1s)
BA_z16 uncorr L=1 bistable   b=1.6 th=0.0 rlz=9: rho=0.3251 (4.5s)
BA_z16 uncorr L=2 coop       b=1.0 th=0.0 rlz=0: rho=0.9723 (21.2s)
BA_z16 uncorr L=2 coop       b=1.0 th=0.0 rlz=1: rho=0.8935 (24.1s)
BA_z16 uncorr L=2 coop       b=1.0 th=0.0 rlz=2: rho=0.9978 (11.8s)
BA_z16 uncorr L=2 coop       b=1.0 th=0.0 rlz=3: rho=0.9986 (12.2s)
BA_z16 uncorr L=2 coop       b=1.0 th=0.0 rlz=4: rho=0.8691 (16.6s)
BA_z16 uncorr L=2 coop       b=1.0 th=0.0 rlz=5: rho=1.0000 (11.1s)
BA_z16 uncorr L=2 coop       b=1.0 th=0.0 rlz=6: rho=1.0000 (11.8s)
BA_z16 uncorr L=2 coop       b=1.0 th=0.0 rlz=7: rho=0.8199 (22.3s)
BA_z16 uncorr L=2 coop       b=1.0 th=0.0 rlz=8: rho=1.0000 (11.6s)
BA_z16 uncorr L=2 coop       b=1.0 th=0.0 rlz=9: rho=1.0000 (11.4s)
BA_z16 uncorr L=2 defect     b=2.0 th=0.6 rlz=0: rho=0.0017 (11.9s)
BA_z16 uncorr L=2 defect     b=2.0 th=0.6 rlz=1: rho=0.0020 (11.5s)
BA_z16 uncorr L=2 defect     b=2.0 th=0.6 rlz=2: rho=0.0032 (12.1s)
BA_z16 uncorr L=2 defect     b=2.0 th=0.6 rlz=3: rho=0.0014 (11.5s)
BA_z16 uncorr L=2 defect     b=2.0 th=0.6 rlz=4: rho=0.0091 (12.5s)
BA_z16 uncorr L=2 defect     b=2.0 th=0.6 rlz=5: rho=0.0008 (11.6s)
BA_z16 uncorr L=2 defect     b=2.0 th=0.6 rlz=6: rho=0.0000 (11.7s)
BA_z16 uncorr L=2 defect     b=2.0 th=0.6 rlz=7: rho=0.0052 (11.5s)
BA_z16 uncorr L=2 defect     b=2.0 th=0.6 rlz=8: rho=0.0023 (11.8s)
BA_z16 uncorr L=2 defect     b=2.0 th=0.6 rlz=9: rho=0.0000 (11.6s)
BA_z16 uncorr L=2 transition b=1.8 th=0.0 rlz=0: rho=0.5959 (12.6s)
BA_z16 uncorr L=2 transition b=1.8 th=0.0 rlz=1: rho=0.4548 (13.3s)
BA_z16 uncorr L=2 transition b=1.8 th=0.0 rlz=2: rho=0.5643 (13.6s)
BA_z16 uncorr L=2 transition b=1.8 th=0.0 rlz=3: rho=0.4020 (13.1s)
BA_z16 uncorr L=2 transition b=1.8 th=0.0 rlz=4: rho=0.5426 (12.3s)
BA_z16 uncorr L=2 transition b=1.8 th=0.0 rlz=5: rho=0.3379 (12.9s)
BA_z16 uncorr L=2 transition b=1.8 th=0.0 rlz=6: rho=0.3843 (12.9s)
BA_z16 uncorr L=2 transition b=1.8 th=0.0 rlz=7: rho=0.5293 (13.0s)
BA_z16 uncorr L=2 transition b=1.8 th=0.0 rlz=8: rho=0.4784 (14.3s)
BA_z16 uncorr L=2 transition b=1.8 th=0.0 rlz=9: rho=0.1764 (13.9s)
BA_z16 uncorr L=3 coop       b=1.0 th=0.0 rlz=0: rho=0.9723 (38.7s)
BA_z16 uncorr L=3 coop       b=1.0 th=0.0 rlz=1: rho=0.8935 (68.2s)
BA_z16 uncorr L=3 coop       b=1.0 th=0.0 rlz=2: rho=0.9978 (29.8s)
BA_z16 uncorr L=3 coop       b=1.0 th=0.0 rlz=3: rho=0.9986 (31.1s)
BA_z16 uncorr L=3 coop       b=1.0 th=0.0 rlz=4: rho=0.8691 (41.6s)
BA_z16 uncorr L=3 coop       b=1.0 th=0.0 rlz=5: rho=1.0000 (28.3s)
BA_z16 uncorr L=3 coop       b=1.0 th=0.0 rlz=6: rho=1.0000 (29.2s)
BA_z16 uncorr L=3 coop       b=1.0 th=0.0 rlz=7: rho=0.8199 (58.2s)
BA_z16 uncorr L=3 coop       b=1.0 th=0.0 rlz=8: rho=1.0000 (29.4s)
BA_z16 uncorr L=3 coop       b=1.0 th=0.0 rlz=9: rho=1.0000 (28.4s)
BA_z16 uncorr L=3 defect     b=2.0 th=0.7 rlz=0: rho=0.0016 (29.2s)
BA_z16 uncorr L=3 defect     b=2.0 th=0.7 rlz=1: rho=0.0015 (29.0s)
BA_z16 uncorr L=3 defect     b=2.0 th=0.7 rlz=2: rho=0.0046 (29.9s)
BA_z16 uncorr L=3 defect     b=2.0 th=0.7 rlz=3: rho=0.0016 (28.6s)
BA_z16 uncorr L=3 defect     b=2.0 th=0.7 rlz=4: rho=0.0093 (31.2s)
BA_z16 uncorr L=3 defect     b=2.0 th=0.7 rlz=5: rho=0.0011 (28.7s)
BA_z16 uncorr L=3 defect     b=2.0 th=0.7 rlz=6: rho=0.0000 (28.4s)
BA_z16 uncorr L=3 defect     b=2.0 th=0.7 rlz=7: rho=0.0050 (35.5s)
BA_z16 uncorr L=3 defect     b=2.0 th=0.7 rlz=8: rho=0.0023 (28.9s)
BA_z16 uncorr L=3 defect     b=2.0 th=0.7 rlz=9: rho=0.0000 (28.3s)
BA_z16 uncorr L=3 transition b=1.7 th=0.1 rlz=0: rho=0.5132 (31.2s)
BA_z16 uncorr L=3 transition b=1.7 th=0.1 rlz=1: rho=0.4271 (32.7s)
BA_z16 uncorr L=3 transition b=1.7 th=0.1 rlz=2: rho=0.4586 (33.7s)
BA_z16 uncorr L=3 transition b=1.7 th=0.1 rlz=3: rho=0.4381 (32.9s)
BA_z16 uncorr L=3 transition b=1.7 th=0.1 rlz=4: rho=0.5180 (30.6s)
BA_z16 uncorr L=3 transition b=1.7 th=0.1 rlz=5: rho=0.5113 (30.4s)
BA_z16 uncorr L=3 transition b=1.7 th=0.1 rlz=6: rho=0.4818 (32.3s)
BA_z16 uncorr L=3 transition b=1.7 th=0.1 rlz=7: rho=0.4170 (31.2s)
BA_z16 uncorr L=3 transition b=1.7 th=0.1 rlz=8: rho=0.5936 (30.9s)
BA_z16 uncorr L=3 transition b=1.7 th=0.1 rlz=9: rho=0.4641 (31.2s)
BA_z16 uncorr L=4 coop       b=1.0 th=0.0 rlz=0: rho=0.9723 (35.1s)
BA_z16 uncorr L=4 coop       b=1.0 th=0.0 rlz=1: rho=0.8935 (62.7s)
BA_z16 uncorr L=4 coop       b=1.0 th=0.0 rlz=2: rho=0.9978 (30.0s)
BA_z16 uncorr L=4 coop       b=1.0 th=0.0 rlz=3: rho=0.9986 (31.5s)
BA_z16 uncorr L=4 coop       b=1.0 th=0.0 rlz=4: rho=0.8691 (42.6s)
BA_z16 uncorr L=4 coop       b=1.0 th=0.0 rlz=5: rho=1.0000 (28.8s)
BA_z16 uncorr L=4 coop       b=1.0 th=0.0 rlz=6: rho=1.0000 (29.6s)
BA_z16 uncorr L=4 coop       b=1.0 th=0.0 rlz=7: rho=0.8199 (59.1s)
BA_z16 uncorr L=4 coop       b=1.0 th=0.0 rlz=8: rho=1.0000 (29.9s)
BA_z16 uncorr L=4 coop       b=1.0 th=0.0 rlz=9: rho=1.0000 (34.8s)
BA_z16 uncorr L=4 defect     b=2.0 th=0.7 rlz=0: rho=0.0020 (29.8s)
BA_z16 uncorr L=4 defect     b=2.0 th=0.7 rlz=1: rho=0.0027 (29.5s)
BA_z16 uncorr L=4 defect     b=2.0 th=0.7 rlz=2: rho=0.0059 (30.8s)
BA_z16 uncorr L=4 defect     b=2.0 th=0.7 rlz=3: rho=0.0014 (29.0s)
BA_z16 uncorr L=4 defect     b=2.0 th=0.7 rlz=4: rho=0.0103 (31.4s)
BA_z16 uncorr L=4 defect     b=2.0 th=0.7 rlz=5: rho=0.0007 (29.3s)
BA_z16 uncorr L=4 defect     b=2.0 th=0.7 rlz=6: rho=0.0000 (28.9s)
BA_z16 uncorr L=4 defect     b=2.0 th=0.7 rlz=7: rho=0.0046 (30.0s)
BA_z16 uncorr L=4 defect     b=2.0 th=0.7 rlz=8: rho=0.0027 (29.9s)
BA_z16 uncorr L=4 defect     b=2.0 th=0.7 rlz=9: rho=0.0000 (28.9s)
BA_z16 uncorr L=4 transition b=1.5 th=0.4 rlz=0: rho=0.5725 (42.8s)
BA_z16 uncorr L=4 transition b=1.5 th=0.4 rlz=1: rho=0.4524 (45.8s)
BA_z16 uncorr L=4 transition b=1.5 th=0.4 rlz=2: rho=0.5072 (50.5s)
BA_z16 uncorr L=4 transition b=1.5 th=0.4 rlz=3: rho=0.4242 (49.7s)
BA_z16 uncorr L=4 transition b=1.5 th=0.4 rlz=4: rho=0.4524 (43.7s)
BA_z16 uncorr L=4 transition b=1.5 th=0.4 rlz=5: rho=0.5428 (43.4s)
BA_z16 uncorr L=4 transition b=1.5 th=0.4 rlz=6: rho=0.4962 (39.2s)
BA_z16 uncorr L=4 transition b=1.5 th=0.4 rlz=7: rho=0.3948 (46.1s)
BA_z16 uncorr L=4 transition b=1.5 th=0.4 rlz=8: rho=0.5409 (40.7s)
BA_z16 uncorr L=4 transition b=1.5 th=0.4 rlz=9: rho=0.5291 (39.4s)
BA_z16 uncorr L=4 bistable   b=1.9 th=0.0 rlz=0: rho=0.4915 (32.9s)
BA_z16 uncorr L=4 bistable   b=1.9 th=0.0 rlz=1: rho=0.4251 (31.9s)
BA_z16 uncorr L=4 bistable   b=1.9 th=0.0 rlz=2: rho=0.4659 (32.8s)
BA_z16 uncorr L=4 bistable   b=1.9 th=0.0 rlz=3: rho=0.3255 (32.4s)
BA_z16 uncorr L=4 bistable   b=1.9 th=0.0 rlz=4: rho=0.6244 (30.8s)
BA_z16 uncorr L=4 bistable   b=1.9 th=0.0 rlz=5: rho=0.4220 (31.8s)
BA_z16 uncorr L=4 bistable   b=1.9 th=0.0 rlz=6: rho=0.3311 (30.8s)
BA_z16 uncorr L=4 bistable   b=1.9 th=0.0 rlz=7: rho=0.4257 (32.6s)
BA_z16 uncorr L=4 bistable   b=1.9 th=0.0 rlz=8: rho=0.4833 (31.7s)
BA_z16 uncorr L=4 bistable   b=1.9 th=0.0 rlz=9: rho=0.2117 (30.8s)
ER_z4 corr L=1 coop       b=1.0 th=0.0 rlz=0: rho=1.0000 (2.7s)
ER_z4 corr L=1 coop       b=1.0 th=0.0 rlz=1: rho=1.0000 (2.7s)
ER_z4 corr L=1 coop       b=1.0 th=0.0 rlz=2: rho=1.0000 (2.6s)
ER_z4 corr L=1 coop       b=1.0 th=0.0 rlz=3: rho=1.0000 (2.6s)
ER_z4 corr L=1 coop       b=1.0 th=0.0 rlz=4: rho=1.0000 (2.6s)
ER_z4 corr L=1 coop       b=1.0 th=0.0 rlz=5: rho=1.0000 (2.5s)
ER_z4 corr L=1 coop       b=1.0 th=0.0 rlz=6: rho=1.0000 (2.6s)
ER_z4 corr L=1 coop       b=1.0 th=0.0 rlz=7: rho=1.0000 (2.7s)
ER_z4 corr L=1 coop       b=1.0 th=0.0 rlz=8: rho=1.0000 (2.6s)
ER_z4 corr L=1 coop       b=1.0 th=0.0 rlz=9: rho=1.0000 (2.6s)
ER_z4 corr L=1 defect     b=1.7 th=0.4 rlz=0: rho=0.0003 (3.0s)
ER_z4 corr L=1 defect     b=1.7 th=0.4 rlz=1: rho=0.0000 (3.0s)
ER_z4 corr L=1 defect     b=1.7 th=0.4 rlz=2: rho=0.0000 (2.9s)
ER_z4 corr L=1 defect     b=1.7 th=0.4 rlz=3: rho=0.0006 (3.0s)
ER_z4 corr L=1 defect     b=1.7 th=0.4 rlz=4: rho=0.0000 (2.9s)
ER_z4 corr L=1 defect     b=1.7 th=0.4 rlz=5: rho=0.0000 (2.9s)
ER_z4 corr L=1 defect     b=1.7 th=0.4 rlz=6: rho=0.0000 (3.0s)
ER_z4 corr L=1 defect     b=1.7 th=0.4 rlz=7: rho=0.0026 (3.0s)
ER_z4 corr L=1 defect     b=1.7 th=0.4 rlz=8: rho=0.0002 (2.9s)
ER_z4 corr L=1 defect     b=1.7 th=0.4 rlz=9: rho=0.0006 (3.0s)
ER_z4 corr L=1 transition b=1.3 th=0.4 rlz=0: rho=0.4197 (4.7s)
ER_z4 corr L=1 transition b=1.3 th=0.4 rlz=1: rho=0.3848 (4.9s)
ER_z4 corr L=1 transition b=1.3 th=0.4 rlz=2: rho=0.4040 (4.8s)
ER_z4 corr L=1 transition b=1.3 th=0.4 rlz=3: rho=0.3876 (4.7s)
ER_z4 corr L=1 transition b=1.3 th=0.4 rlz=4: rho=0.4089 (4.9s)
ER_z4 corr L=1 transition b=1.3 th=0.4 rlz=5: rho=0.4515 (5.3s)
ER_z4 corr L=1 transition b=1.3 th=0.4 rlz=6: rho=0.3848 (5.4s)
ER_z4 corr L=1 transition b=1.3 th=0.4 rlz=7: rho=0.4363 (5.2s)
ER_z4 corr L=1 transition b=1.3 th=0.4 rlz=8: rho=0.3839 (5.0s)
ER_z4 corr L=1 transition b=1.3 th=0.4 rlz=9: rho=0.4065 (4.7s)
ER_z4 corr L=1 bistable   b=1.6 th=0.2 rlz=0: rho=0.9507 (3.9s)
ER_z4 corr L=1 bistable   b=1.6 th=0.2 rlz=1: rho=0.7885 (4.3s)
ER_z4 corr L=1 bistable   b=1.6 th=0.2 rlz=2: rho=0.8547 (3.9s)
ER_z4 corr L=1 bistable   b=1.6 th=0.2 rlz=3: rho=0.7862 (4.8s)
ER_z4 corr L=1 bistable   b=1.6 th=0.2 rlz=4: rho=0.8900 (4.3s)
ER_z4 corr L=1 bistable   b=1.6 th=0.2 rlz=5: rho=0.9879 (3.4s)
ER_z4 corr L=1 bistable   b=1.6 th=0.2 rlz=6: rho=0.7118 (4.7s)
ER_z4 corr L=1 bistable   b=1.6 th=0.2 rlz=7: rho=0.9549 (3.8s)
ER_z4 corr L=1 bistable   b=1.6 th=0.2 rlz=8: rho=0.8837 (4.2s)
ER_z4 corr L=1 bistable   b=1.6 th=0.2 rlz=9: rho=0.9430 (3.8s)
ER_z4 corr L=2 coop       b=1.0 th=0.0 rlz=0: rho=1.0000 (2.9s)
ER_z4 corr L=2 coop       b=1.0 th=0.0 rlz=1: rho=1.0000 (3.0s)
ER_z4 corr L=2 coop       b=1.0 th=0.0 rlz=2: rho=1.0000 (3.0s)
ER_z4 corr L=2 coop       b=1.0 th=0.0 rlz=3: rho=1.0000 (3.0s)
ER_z4 corr L=2 coop       b=1.0 th=0.0 rlz=4: rho=1.0000 (2.9s)
ER_z4 corr L=2 coop       b=1.0 th=0.0 rlz=5: rho=1.0000 (2.9s)
ER_z4 corr L=2 coop       b=1.0 th=0.0 rlz=6: rho=1.0000 (3.0s)
ER_z4 corr L=2 coop       b=1.0 th=0.0 rlz=7: rho=1.0000 (2.9s)
ER_z4 corr L=2 coop       b=1.0 th=0.0 rlz=8: rho=1.0000 (2.9s)
ER_z4 corr L=2 coop       b=1.0 th=0.0 rlz=9: rho=1.0000 (2.9s)
ER_z4 corr L=2 defect     b=1.7 th=0.6 rlz=0: rho=0.0007 (3.3s)
ER_z4 corr L=2 defect     b=1.7 th=0.6 rlz=1: rho=0.0001 (3.3s)
ER_z4 corr L=2 defect     b=1.7 th=0.6 rlz=2: rho=0.0001 (3.4s)
ER_z4 corr L=2 defect     b=1.7 th=0.6 rlz=3: rho=0.0009 (3.3s)
ER_z4 corr L=2 defect     b=1.7 th=0.6 rlz=4: rho=0.0000 (3.3s)
ER_z4 corr L=2 defect     b=1.7 th=0.6 rlz=5: rho=0.0000 (3.3s)
ER_z4 corr L=2 defect     b=1.7 th=0.6 rlz=6: rho=0.0000 (3.4s)
ER_z4 corr L=2 defect     b=1.7 th=0.6 rlz=7: rho=0.0024 (3.3s)
ER_z4 corr L=2 defect     b=1.7 th=0.6 rlz=8: rho=0.0000 (3.2s)
ER_z4 corr L=2 defect     b=1.7 th=0.6 rlz=9: rho=0.0006 (3.3s)
ER_z4 corr L=2 transition b=1.3 th=0.4 rlz=0: rho=0.5103 (5.1s)
ER_z4 corr L=2 transition b=1.3 th=0.4 rlz=1: rho=0.4464 (5.4s)
ER_z4 corr L=2 transition b=1.3 th=0.4 rlz=2: rho=0.4797 (5.1s)
ER_z4 corr L=2 transition b=1.3 th=0.4 rlz=3: rho=0.5193 (4.8s)
ER_z4 corr L=2 transition b=1.3 th=0.4 rlz=4: rho=0.5673 (4.8s)
ER_z4 corr L=2 transition b=1.3 th=0.4 rlz=5: rho=0.6071 (4.8s)
ER_z4 corr L=2 transition b=1.3 th=0.4 rlz=6: rho=0.4587 (4.7s)
ER_z4 corr L=2 transition b=1.3 th=0.4 rlz=7: rho=0.5234 (5.0s)
ER_z4 corr L=2 transition b=1.3 th=0.4 rlz=8: rho=0.4998 (4.8s)
ER_z4 corr L=2 transition b=1.3 th=0.4 rlz=9: rho=0.5472 (4.6s)
ER_z4 corr L=2 bistable   b=1.9 th=0.0 rlz=0: rho=0.9404 (3.3s)
ER_z4 corr L=2 bistable   b=1.9 th=0.0 rlz=1: rho=0.4428 (3.5s)
ER_z4 corr L=2 bistable   b=1.9 th=0.0 rlz=2: rho=0.5519 (3.3s)
ER_z4 corr L=2 bistable   b=1.9 th=0.0 rlz=3: rho=0.5731 (3.4s)
ER_z4 corr L=2 bistable   b=1.9 th=0.0 rlz=4: rho=0.7113 (3.3s)
ER_z4 corr L=2 bistable   b=1.9 th=0.0 rlz=5: rho=0.8309 (3.1s)
ER_z4 corr L=2 bistable   b=1.9 th=0.0 rlz=6: rho=0.5643 (3.5s)
ER_z4 corr L=2 bistable   b=1.9 th=0.0 rlz=7: rho=0.7826 (3.2s)
ER_z4 corr L=2 bistable   b=1.9 th=0.0 rlz=8: rho=0.6142 (3.3s)
ER_z4 corr L=2 bistable   b=1.9 th=0.0 rlz=9: rho=0.8110 (3.2s)
ER_z4 corr L=3 coop       b=1.4 th=0.2 rlz=0: rho=1.0000 (4.5s)
ER_z4 corr L=3 coop       b=1.4 th=0.2 rlz=1: rho=1.0000 (4.9s)
ER_z4 corr L=3 coop       b=1.4 th=0.2 rlz=2: rho=1.0000 (5.0s)
ER_z4 corr L=3 coop       b=1.4 th=0.2 rlz=3: rho=1.0000 (4.8s)
ER_z4 corr L=3 coop       b=1.4 th=0.2 rlz=4: rho=1.0000 (4.5s)
ER_z4 corr L=3 coop       b=1.4 th=0.2 rlz=5: rho=1.0000 (4.4s)
ER_z4 corr L=3 coop       b=1.4 th=0.2 rlz=6: rho=1.0000 (4.8s)
ER_z4 corr L=3 coop       b=1.4 th=0.2 rlz=7: rho=1.0000 (4.4s)
ER_z4 corr L=3 coop       b=1.4 th=0.2 rlz=8: rho=1.0000 (4.4s)
ER_z4 corr L=3 coop       b=1.4 th=0.2 rlz=9: rho=1.0000 (4.6s)
ER_z4 corr L=3 defect     b=1.7 th=0.5 rlz=0: rho=0.0012 (4.9s)
ER_z4 corr L=3 defect     b=1.7 th=0.5 rlz=1: rho=0.0000 (5.2s)
ER_z4 corr L=3 defect     b=1.7 th=0.5 rlz=2: rho=0.0000 (5.3s)
ER_z4 corr L=3 defect     b=1.7 th=0.5 rlz=3: rho=0.0009 (5.2s)
ER_z4 corr L=3 defect     b=1.7 th=0.5 rlz=4: rho=0.0000 (4.8s)
ER_z4 corr L=3 defect     b=1.7 th=0.5 rlz=5: rho=0.0001 (4.8s)
ER_z4 corr L=3 defect     b=1.7 th=0.5 rlz=6: rho=0.0000 (5.1s)
ER_z4 corr L=3 defect     b=1.7 th=0.5 rlz=7: rho=0.0031 (4.7s)
ER_z4 corr L=3 defect     b=1.7 th=0.5 rlz=8: rho=0.0000 (4.7s)
ER_z4 corr L=3 defect     b=1.7 th=0.5 rlz=9: rho=0.0008 (4.9s)
ER_z4 corr L=3 transition b=2.0 th=0.0 rlz=0: rho=0.8409 (4.8s)
ER_z4 corr L=3 transition b=2.0 th=0.0 rlz=1: rho=0.3715 (5.1s)
ER_z4 corr L=3 transition b=2.0 th=0.0 rlz=2: rho=0.5604 (5.2s)
ER_z4 corr L=3 transition b=2.0 th=0.0 rlz=3: rho=0.5415 (5.2s)
ER_z4 corr L=3 transition b=2.0 th=0.0 rlz=4: rho=0.6805 (4.6s)
ER_z4 corr L=3 transition b=2.0 th=0.0 rlz=5: rho=0.7601 (4.6s)
ER_z4 corr L=3 transition b=2.0 th=0.0 rlz=6: rho=0.4832 (5.2s)
ER_z4 corr L=3 transition b=2.0 th=0.0 rlz=7: rho=0.7219 (4.6s)
ER_z4 corr L=3 transition b=2.0 th=0.0 rlz=8: rho=0.5812 (4.7s)
ER_z4 corr L=3 transition b=2.0 th=0.0 rlz=9: rho=0.7923 (4.8s)
ER_z4 corr L=3 bistable   b=1.9 th=0.3 rlz=0: rho=0.7521 (4.7s)
ER_z4 corr L=3 bistable   b=1.9 th=0.3 rlz=1: rho=0.4411 (5.1s)
ER_z4 corr L=3 bistable   b=1.9 th=0.3 rlz=2: rho=0.5309 (5.2s)
ER_z4 corr L=3 bistable   b=1.9 th=0.3 rlz=3: rho=0.5809 (5.1s)
ER_z4 corr L=3 bistable   b=1.9 th=0.3 rlz=4: rho=0.7210 (4.7s)
ER_z4 corr L=3 bistable   b=1.9 th=0.3 rlz=5: rho=0.8112 (4.6s)
ER_z4 corr L=3 bistable   b=1.9 th=0.3 rlz=6: rho=0.5311 (5.0s)
ER_z4 corr L=3 bistable   b=1.9 th=0.3 rlz=7: rho=0.8212 (4.5s)
ER_z4 corr L=3 bistable   b=1.9 th=0.3 rlz=8: rho=0.5808 (4.6s)
ER_z4 corr L=3 bistable   b=1.9 th=0.3 rlz=9: rho=0.7518 (4.8s)
ER_z4 corr L=4 coop       b=1.0 th=0.0 rlz=0: rho=1.0000 (9.8s)
ER_z4 corr L=4 coop       b=1.0 th=0.0 rlz=1: rho=1.0000 (10.8s)
ER_z4 corr L=4 coop       b=1.0 th=0.0 rlz=2: rho=1.0000 (11.1s)
ER_z4 corr L=4 coop       b=1.0 th=0.0 rlz=3: rho=1.0000 (10.7s)
ER_z4 corr L=4 coop       b=1.0 th=0.0 rlz=4: rho=1.0000 (9.7s)
ER_z4 corr L=4 coop       b=1.0 th=0.0 rlz=5: rho=1.0000 (9.6s)
ER_z4 corr L=4 coop       b=1.0 th=0.0 rlz=6: rho=1.0000 (10.7s)
ER_z4 corr L=4 coop       b=1.0 th=0.0 rlz=7: rho=1.0000 (9.2s)
ER_z4 corr L=4 coop       b=1.0 th=0.0 rlz=8: rho=1.0000 (9.2s)
ER_z4 corr L=4 coop       b=1.0 th=0.0 rlz=9: rho=1.0000 (9.8s)
ER_z4 corr L=4 defect     b=1.7 th=0.5 rlz=0: rho=0.0015 (10.2s)
ER_z4 corr L=4 defect     b=1.7 th=0.5 rlz=1: rho=0.0001 (11.1s)
ER_z4 corr L=4 defect     b=1.7 th=0.5 rlz=2: rho=0.0000 (11.4s)
ER_z4 corr L=4 defect     b=1.7 th=0.5 rlz=3: rho=0.0008 (11.0s)
ER_z4 corr L=4 defect     b=1.7 th=0.5 rlz=4: rho=0.0000 (9.9s)
ER_z4 corr L=4 defect     b=1.7 th=0.5 rlz=5: rho=0.0202 (9.8s)
ER_z4 corr L=4 defect     b=1.7 th=0.5 rlz=6: rho=0.0000 (10.9s)
ER_z4 corr L=4 defect     b=1.7 th=0.5 rlz=7: rho=0.0030 (10.3s)
ER_z4 corr L=4 defect     b=1.7 th=0.5 rlz=8: rho=0.0000 (15.6s)
ER_z4 corr L=4 defect     b=1.7 th=0.5 rlz=9: rho=0.0006 (10.1s)
ER_z4 corr L=4 transition b=1.7 th=0.4 rlz=0: rho=0.6320 (10.0s)
ER_z4 corr L=4 transition b=1.7 th=0.4 rlz=1: rho=0.4600 (11.0s)
ER_z4 corr L=4 transition b=1.7 th=0.4 rlz=2: rho=0.4901 (11.4s)
ER_z4 corr L=4 transition b=1.7 th=0.4 rlz=3: rho=0.5604 (10.8s)
ER_z4 corr L=4 transition b=1.7 th=0.4 rlz=4: rho=0.6905 (9.7s)
ER_z4 corr L=4 transition b=1.7 th=0.4 rlz=5: rho=0.7203 (9.7s)
ER_z4 corr L=4 transition b=1.7 th=0.4 rlz=6: rho=0.6207 (10.8s)
ER_z4 corr L=4 transition b=1.7 th=0.4 rlz=7: rho=0.7515 (9.4s)
ER_z4 corr L=4 transition b=1.7 th=0.4 rlz=8: rho=0.6504 (9.3s)
ER_z4 corr L=4 transition b=1.7 th=0.4 rlz=9: rho=0.6117 (10.1s)
ER_z4 uncorr L=1 coop       b=1.0 th=0.0 rlz=0: rho=1.0000 (2.6s)
ER_z4 uncorr L=1 coop       b=1.0 th=0.0 rlz=1: rho=1.0000 (2.6s)
ER_z4 uncorr L=1 coop       b=1.0 th=0.0 rlz=2: rho=1.0000 (2.6s)
ER_z4 uncorr L=1 coop       b=1.0 th=0.0 rlz=3: rho=1.0000 (2.6s)
ER_z4 uncorr L=1 coop       b=1.0 th=0.0 rlz=4: rho=1.0000 (2.5s)
ER_z4 uncorr L=1 coop       b=1.0 th=0.0 rlz=5: rho=1.0000 (2.5s)
ER_z4 uncorr L=1 coop       b=1.0 th=0.0 rlz=6: rho=1.0000 (2.6s)
ER_z4 uncorr L=1 coop       b=1.0 th=0.0 rlz=7: rho=1.0000 (2.6s)
ER_z4 uncorr L=1 coop       b=1.0 th=0.0 rlz=8: rho=1.0000 (2.6s)
ER_z4 uncorr L=1 coop       b=1.0 th=0.0 rlz=9: rho=1.0000 (2.6s)
ER_z4 uncorr L=1 defect     b=1.7 th=0.0 rlz=0: rho=0.0004 (3.0s)
ER_z4 uncorr L=1 defect     b=1.7 th=0.0 rlz=1: rho=0.0002 (3.0s)
ER_z4 uncorr L=1 defect     b=1.7 th=0.0 rlz=2: rho=0.0002 (3.0s)
ER_z4 uncorr L=1 defect     b=1.7 th=0.0 rlz=3: rho=0.0011 (3.0s)
ER_z4 uncorr L=1 defect     b=1.7 th=0.0 rlz=4: rho=0.0000 (3.0s)
ER_z4 uncorr L=1 defect     b=1.7 th=0.0 rlz=5: rho=0.0001 (3.0s)
ER_z4 uncorr L=1 defect     b=1.7 th=0.0 rlz=6: rho=0.0000 (3.0s)
ER_z4 uncorr L=1 defect     b=1.7 th=0.0 rlz=7: rho=0.0024 (3.0s)
ER_z4 uncorr L=1 defect     b=1.7 th=0.0 rlz=8: rho=0.0000 (2.9s)
ER_z4 uncorr L=1 defect     b=1.7 th=0.0 rlz=9: rho=0.0008 (2.9s)
ER_z4 uncorr L=1 transition b=1.3 th=0.5 rlz=0: rho=0.4242 (5.3s)
ER_z4 uncorr L=1 transition b=1.3 th=0.5 rlz=1: rho=0.3871 (5.3s)
ER_z4 uncorr L=1 transition b=1.3 th=0.5 rlz=2: rho=0.3991 (5.7s)
ER_z4 uncorr L=1 transition b=1.3 th=0.5 rlz=3: rho=0.3867 (5.5s)
ER_z4 uncorr L=1 transition b=1.3 th=0.5 rlz=4: rho=0.4066 (5.3s)
ER_z4 uncorr L=1 transition b=1.3 th=0.5 rlz=5: rho=0.4437 (5.3s)
ER_z4 uncorr L=1 transition b=1.3 th=0.5 rlz=6: rho=0.3847 (5.2s)
ER_z4 uncorr L=1 transition b=1.3 th=0.5 rlz=7: rho=0.4342 (4.7s)
ER_z4 uncorr L=1 transition b=1.3 th=0.5 rlz=8: rho=0.3746 (4.7s)
ER_z4 uncorr L=1 transition b=1.3 th=0.5 rlz=9: rho=0.4063 (5.4s)
ER_z4 uncorr L=1 bistable   b=1.3 th=0.2 rlz=0: rho=0.8729 (3.1s)
ER_z4 uncorr L=1 bistable   b=1.3 th=0.2 rlz=1: rho=0.7491 (3.6s)
ER_z4 uncorr L=1 bistable   b=1.3 th=0.2 rlz=2: rho=0.8006 (3.4s)
ER_z4 uncorr L=1 bistable   b=1.3 th=0.2 rlz=3: rho=0.7310 (3.6s)
ER_z4 uncorr L=1 bistable   b=1.3 th=0.2 rlz=4: rho=0.7859 (3.4s)
ER_z4 uncorr L=1 bistable   b=1.3 th=0.2 rlz=5: rho=0.8085 (3.6s)
ER_z4 uncorr L=1 bistable   b=1.3 th=0.2 rlz=6: rho=0.7776 (3.4s)
ER_z4 uncorr L=1 bistable   b=1.3 th=0.2 rlz=7: rho=0.8358 (3.4s)
ER_z4 uncorr L=1 bistable   b=1.3 th=0.2 rlz=8: rho=0.6728 (3.9s)
ER_z4 uncorr L=1 bistable   b=1.3 th=0.2 rlz=9: rho=0.8155 (3.5s)
ER_z4 uncorr L=2 coop       b=1.3 th=0.1 rlz=0: rho=1.0000 (3.0s)
ER_z4 uncorr L=2 coop       b=1.3 th=0.1 rlz=1: rho=1.0000 (3.0s)
ER_z4 uncorr L=2 coop       b=1.3 th=0.1 rlz=2: rho=1.0000 (3.0s)
ER_z4 uncorr L=2 coop       b=1.3 th=0.1 rlz=3: rho=1.0000 (2.9s)
ER_z4 uncorr L=2 coop       b=1.3 th=0.1 rlz=4: rho=1.0000 (3.0s)
ER_z4 uncorr L=2 coop       b=1.3 th=0.1 rlz=5: rho=1.0000 (2.9s)
ER_z4 uncorr L=2 coop       b=1.3 th=0.1 rlz=6: rho=1.0000 (3.0s)
ER_z4 uncorr L=2 coop       b=1.3 th=0.1 rlz=7: rho=1.0000 (3.0s)
ER_z4 uncorr L=2 coop       b=1.3 th=0.1 rlz=8: rho=0.9861 (3.1s)
ER_z4 uncorr L=2 coop       b=1.3 th=0.1 rlz=9: rho=1.0000 (3.0s)
ER_z4 uncorr L=2 defect     b=1.7 th=0.0 rlz=0: rho=0.0016 (3.3s)
ER_z4 uncorr L=2 defect     b=1.7 th=0.0 rlz=1: rho=0.0000 (3.3s)
ER_z4 uncorr L=2 defect     b=1.7 th=0.0 rlz=2: rho=0.0003 (3.4s)
ER_z4 uncorr L=2 defect     b=1.7 th=0.0 rlz=3: rho=0.0012 (3.3s)
ER_z4 uncorr L=2 defect     b=1.7 th=0.0 rlz=4: rho=0.0000 (3.3s)
ER_z4 uncorr L=2 defect     b=1.7 th=0.0 rlz=5: rho=0.0001 (3.3s)
ER_z4 uncorr L=2 defect     b=1.7 th=0.0 rlz=6: rho=0.0001 (3.3s)
ER_z4 uncorr L=2 defect     b=1.7 th=0.0 rlz=7: rho=0.0022 (3.3s)
ER_z4 uncorr L=2 defect     b=1.7 th=0.0 rlz=8: rho=0.0000 (3.3s)
ER_z4 uncorr L=2 defect     b=1.7 th=0.0 rlz=9: rho=0.0008 (3.4s)
ER_z4 uncorr L=2 transition b=1.3 th=0.6 rlz=0: rho=0.4206 (5.1s)
ER_z4 uncorr L=2 transition b=1.3 th=0.6 rlz=1: rho=0.3883 (5.3s)
ER_z4 uncorr L=2 transition b=1.3 th=0.6 rlz=2: rho=0.4025 (5.5s)
ER_z4 uncorr L=2 transition b=1.3 th=0.6 rlz=3: rho=0.3900 (5.7s)
ER_z4 uncorr L=2 transition b=1.3 th=0.6 rlz=4: rho=0.4088 (5.3s)
ER_z4 uncorr L=2 transition b=1.3 th=0.6 rlz=5: rho=0.4500 (5.3s)
ER_z4 uncorr L=2 transition b=1.3 th=0.6 rlz=6: rho=0.3794 (5.2s)
ER_z4 uncorr L=2 transition b=1.3 th=0.6 rlz=7: rho=0.4360 (5.2s)
ER_z4 uncorr L=2 transition b=1.3 th=0.6 rlz=8: rho=0.3726 (4.9s)
ER_z4 uncorr L=2 transition b=1.3 th=0.6 rlz=9: rho=0.4089 (5.6s)
ER_z4 uncorr L=2 bistable   b=1.5 th=0.0 rlz=0: rho=0.9215 (3.1s)
ER_z4 uncorr L=2 bistable   b=1.5 th=0.0 rlz=1: rho=0.9210 (3.1s)
ER_z4 uncorr L=2 bistable   b=1.5 th=0.0 rlz=2: rho=0.9304 (3.1s)
ER_z4 uncorr L=2 bistable   b=1.5 th=0.0 rlz=3: rho=0.8509 (3.3s)
ER_z4 uncorr L=2 bistable   b=1.5 th=0.0 rlz=4: rho=0.8014 (3.2s)
ER_z4 uncorr L=2 bistable   b=1.5 th=0.0 rlz=5: rho=0.8820 (3.1s)
ER_z4 uncorr L=2 bistable   b=1.5 th=0.0 rlz=6: rho=0.8822 (3.2s)
ER_z4 uncorr L=2 bistable   b=1.5 th=0.0 rlz=7: rho=0.8713 (3.1s)
ER_z4 uncorr L=2 bistable   b=1.5 th=0.0 rlz=8: rho=0.6879 (3.2s)
ER_z4 uncorr L=2 bistable   b=1.5 th=0.0 rlz=9: rho=0.8908 (3.2s)
ER_z4 uncorr L=3 coop       b=1.2 th=0.1 rlz=0: rho=1.0000 (4.7s)
ER_z4 uncorr L=3 coop       b=1.2 th=0.1 rlz=1: rho=1.0000 (4.8s)
ER_z4 uncorr L=3 coop       b=1.2 th=0.1 rlz=2: rho=1.0000 (5.3s)
ER_z4 uncorr L=3 coop       b=1.2 th=0.1 rlz=3: rho=1.0000 (4.8s)
ER_z4 uncorr L=3 coop       b=1.2 th=0.1 rlz=4: rho=1.0000 (4.8s)
ER_z4 uncorr L=3 coop       b=1.2 th=0.1 rlz=5: rho=1.0000 (4.8s)
ER_z4 uncorr L=3 coop       b=1.2 th=0.1 rlz=6: rho=1.0000 (4.6s)
ER_z4 uncorr L=3 coop       b=1.2 th=0.1 rlz=7: rho=1.0000 (4.7s)
ER_z4 uncorr L=3 coop       b=1.2 th=0.1 rlz=8: rho=1.0000 (4.8s)
ER_z4 uncorr L=3 coop       b=1.2 th=0.1 rlz=9: rho=0.9999 (4.8s)
ER_z4 uncorr L=3 defect     b=1.7 th=0.1 rlz=0: rho=0.0007 (4.9s)
ER_z4 uncorr L=3 defect     b=1.7 th=0.1 rlz=1: rho=0.0000 (4.9s)
ER_z4 uncorr L=3 defect     b=1.7 th=0.1 rlz=2: rho=0.0001 (5.4s)
ER_z4 uncorr L=3 defect     b=1.7 th=0.1 rlz=3: rho=0.0005 (5.2s)
ER_z4 uncorr L=3 defect     b=1.7 th=0.1 rlz=4: rho=0.0000 (5.0s)
ER_z4 uncorr L=3 defect     b=1.7 th=0.1 rlz=5: rho=0.0000 (5.0s)
ER_z4 uncorr L=3 defect     b=1.7 th=0.1 rlz=6: rho=0.0000 (4.9s)
ER_z4 uncorr L=3 defect     b=1.7 th=0.1 rlz=7: rho=0.0021 (5.0s)
ER_z4 uncorr L=3 defect     b=1.7 th=0.1 rlz=8: rho=0.0000 (5.0s)
ER_z4 uncorr L=3 defect     b=1.7 th=0.1 rlz=9: rho=0.0008 (5.1s)
ER_z4 uncorr L=3 transition b=1.3 th=0.3 rlz=0: rho=0.4546 (7.5s)
ER_z4 uncorr L=3 transition b=1.3 th=0.3 rlz=1: rho=0.4355 (7.5s)
ER_z4 uncorr L=3 transition b=1.3 th=0.3 rlz=2: rho=0.4759 (8.7s)
ER_z4 uncorr L=3 transition b=1.3 th=0.3 rlz=3: rho=0.4148 (8.4s)
ER_z4 uncorr L=3 transition b=1.3 th=0.3 rlz=4: rho=0.4430 (7.8s)
ER_z4 uncorr L=3 transition b=1.3 th=0.3 rlz=5: rho=0.4925 (8.8s)
ER_z4 uncorr L=3 transition b=1.3 th=0.3 rlz=6: rho=0.4362 (7.1s)
ER_z4 uncorr L=3 transition b=1.3 th=0.3 rlz=7: rho=0.4614 (8.6s)
ER_z4 uncorr L=3 transition b=1.3 th=0.3 rlz=8: rho=0.3950 (7.9s)
ER_z4 uncorr L=3 transition b=1.3 th=0.3 rlz=9: rho=0.4300 (8.0s)
ER_z4 uncorr L=3 bistable   b=1.5 th=0.1 rlz=0: rho=0.5319 (4.9s)
ER_z4 uncorr L=3 bistable   b=1.5 th=0.1 rlz=1: rho=0.3793 (5.1s)
ER_z4 uncorr L=3 bistable   b=1.5 th=0.1 rlz=2: rho=0.6048 (5.5s)
ER_z4 uncorr L=3 bistable   b=1.5 th=0.1 rlz=3: rho=0.3834 (5.4s)
ER_z4 uncorr L=3 bistable   b=1.5 th=0.1 rlz=4: rho=0.4876 (5.0s)
ER_z4 uncorr L=3 bistable   b=1.5 th=0.1 rlz=5: rho=0.5017 (4.9s)
ER_z4 uncorr L=3 bistable   b=1.5 th=0.1 rlz=6: rho=0.4797 (5.0s)
ER_z4 uncorr L=3 bistable   b=1.5 th=0.1 rlz=7: rho=0.4777 (4.9s)
ER_z4 uncorr L=3 bistable   b=1.5 th=0.1 rlz=8: rho=0.3110 (5.1s)
ER_z4 uncorr L=3 bistable   b=1.5 th=0.1 rlz=9: rho=0.4594 (5.4s)
ER_z4 uncorr L=4 coop       b=1.1 th=0.3 rlz=0: rho=1.0000 (10.4s)
ER_z4 uncorr L=4 coop       b=1.1 th=0.3 rlz=1: rho=1.0000 (10.4s)
ER_z4 uncorr L=4 coop       b=1.1 th=0.3 rlz=2: rho=1.0000 (12.2s)
ER_z4 uncorr L=4 coop       b=1.1 th=0.3 rlz=3: rho=1.0000 (10.8s)
ER_z4 uncorr L=4 coop       b=1.1 th=0.3 rlz=4: rho=1.0000 (10.7s)
ER_z4 uncorr L=4 coop       b=1.1 th=0.3 rlz=5: rho=1.0000 (10.6s)
ER_z4 uncorr L=4 coop       b=1.1 th=0.3 rlz=6: rho=1.0000 (9.9s)
ER_z4 uncorr L=4 coop       b=1.1 th=0.3 rlz=7: rho=0.9997 (10.2s)
ER_z4 uncorr L=4 coop       b=1.1 th=0.3 rlz=8: rho=0.9997 (10.7s)
ER_z4 uncorr L=4 coop       b=1.1 th=0.3 rlz=9: rho=0.9998 (10.6s)
ER_z4 uncorr L=4 defect     b=1.7 th=0.0 rlz=0: rho=0.0024 (10.6s)
ER_z4 uncorr L=4 defect     b=1.7 th=0.0 rlz=1: rho=0.0001 (10.5s)
ER_z4 uncorr L=4 defect     b=1.7 th=0.0 rlz=2: rho=0.0001 (12.0s)
ER_z4 uncorr L=4 defect     b=1.7 th=0.0 rlz=3: rho=0.0114 (11.4s)
ER_z4 uncorr L=4 defect     b=1.7 th=0.0 rlz=4: rho=0.0000 (10.6s)
ER_z4 uncorr L=4 defect     b=1.7 th=0.0 rlz=5: rho=0.0201 (10.6s)
ER_z4 uncorr L=4 defect     b=1.7 th=0.0 rlz=6: rho=0.0004 (10.3s)
ER_z4 uncorr L=4 defect     b=1.7 th=0.0 rlz=7: rho=0.0123 (10.8s)
ER_z4 uncorr L=4 defect     b=1.7 th=0.0 rlz=8: rho=0.0001 (10.7s)
ER_z4 uncorr L=4 defect     b=1.7 th=0.0 rlz=9: rho=0.0016 (11.2s)
ER_z4 uncorr L=4 transition b=1.4 th=0.2 rlz=0: rho=0.8197 (11.7s)
ER_z4 uncorr L=4 transition b=1.4 th=0.2 rlz=1: rho=0.5872 (13.5s)
ER_z4 uncorr L=4 transition b=1.4 th=0.2 rlz=2: rho=0.7852 (13.5s)
ER_z4 uncorr L=4 transition b=1.4 th=0.2 rlz=3: rho=0.6254 (13.1s)
ER_z4 uncorr L=4 transition b=1.4 th=0.2 rlz=4: rho=0.6365 (12.9s)
ER_z4 uncorr L=4 transition b=1.4 th=0.2 rlz=5: rho=0.7408 (12.9s)
ER_z4 uncorr L=4 transition b=1.4 th=0.2 rlz=6: rho=0.7243 (11.8s)
ER_z4 uncorr L=4 transition b=1.4 th=0.2 rlz=7: rho=0.7106 (13.7s)
ER_z4 uncorr L=4 transition b=1.4 th=0.2 rlz=8: rho=0.5354 (14.7s)
ER_z4 uncorr L=4 transition b=1.4 th=0.2 rlz=9: rho=0.7191 (13.6s)
ER_z4 uncorr L=4 bistable   b=1.5 th=0.1 rlz=0: rho=0.7190 (10.5s)
ER_z4 uncorr L=4 bistable   b=1.5 th=0.1 rlz=1: rho=0.5761 (10.7s)
ER_z4 uncorr L=4 bistable   b=1.5 th=0.1 rlz=2: rho=0.7163 (12.7s)
ER_z4 uncorr L=4 bistable   b=1.5 th=0.1 rlz=3: rho=0.6299 (11.4s)
ER_z4 uncorr L=4 bistable   b=1.5 th=0.1 rlz=4: rho=0.6663 (11.0s)
ER_z4 uncorr L=4 bistable   b=1.5 th=0.1 rlz=5: rho=0.6855 (10.8s)
ER_z4 uncorr L=4 bistable   b=1.5 th=0.1 rlz=6: rho=0.6853 (10.3s)
ER_z4 uncorr L=4 bistable   b=1.5 th=0.1 rlz=7: rho=0.6945 (10.5s)
ER_z4 uncorr L=4 bistable   b=1.5 th=0.1 rlz=8: rho=0.5689 (10.9s)
ER_z4 uncorr L=4 bistable   b=1.5 th=0.1 rlz=9: rho=0.7677 (11.2s)
ER_z16 corr L=1 coop       b=1.1 th=0.1 rlz=0: rho=0.9977 (2.9s)
ER_z16 corr L=1 coop       b=1.1 th=0.1 rlz=1: rho=0.9952 (2.9s)
ER_z16 corr L=1 coop       b=1.1 th=0.1 rlz=2: rho=1.0000 (2.9s)
ER_z16 corr L=1 coop       b=1.1 th=0.1 rlz=3: rho=0.9983 (3.0s)
ER_z16 corr L=1 coop       b=1.1 th=0.1 rlz=4: rho=0.9997 (2.9s)
ER_z16 corr L=1 coop       b=1.1 th=0.1 rlz=5: rho=0.9983 (2.9s)
ER_z16 corr L=1 coop       b=1.1 th=0.1 rlz=6: rho=0.9988 (2.9s)
ER_z16 corr L=1 coop       b=1.1 th=0.1 rlz=7: rho=0.9997 (2.9s)
ER_z16 corr L=1 coop       b=1.1 th=0.1 rlz=8: rho=0.9986 (2.9s)
ER_z16 corr L=1 coop       b=1.1 th=0.1 rlz=9: rho=0.9994 (2.9s)
ER_z16 corr L=1 defect     b=1.4 th=0.0 rlz=0: rho=0.0023 (3.3s)
ER_z16 corr L=1 defect     b=1.4 th=0.0 rlz=1: rho=0.0003 (3.2s)
ER_z16 corr L=1 defect     b=1.4 th=0.0 rlz=2: rho=0.0009 (3.2s)
ER_z16 corr L=1 defect     b=1.4 th=0.0 rlz=3: rho=0.0006 (3.3s)
ER_z16 corr L=1 defect     b=1.4 th=0.0 rlz=4: rho=0.0010 (3.2s)
ER_z16 corr L=1 defect     b=1.4 th=0.0 rlz=5: rho=0.0028 (3.2s)
ER_z16 corr L=1 defect     b=1.4 th=0.0 rlz=6: rho=0.0012 (3.2s)
ER_z16 corr L=1 defect     b=1.4 th=0.0 rlz=7: rho=0.0015 (3.2s)
ER_z16 corr L=1 defect     b=1.4 th=0.0 rlz=8: rho=0.0038 (3.2s)
ER_z16 corr L=1 defect     b=1.4 th=0.0 rlz=9: rho=0.0031 (3.3s)
ER_z16 corr L=1 transition b=1.1 th=0.3 rlz=0: rho=0.3314 (5.3s)
ER_z16 corr L=1 transition b=1.1 th=0.3 rlz=1: rho=0.3047 (11.1s)
ER_z16 corr L=1 transition b=1.1 th=0.3 rlz=2: rho=0.3030 (9.9s)
ER_z16 corr L=1 transition b=1.1 th=0.3 rlz=3: rho=0.3208 (5.7s)
ER_z16 corr L=1 transition b=1.1 th=0.3 rlz=4: rho=0.3017 (5.6s)
ER_z16 corr L=1 transition b=1.1 th=0.3 rlz=5: rho=0.3192 (5.3s)
ER_z16 corr L=1 transition b=1.1 th=0.3 rlz=6: rho=0.3243 (5.3s)
ER_z16 corr L=1 transition b=1.1 th=0.3 rlz=7: rho=0.3052 (5.5s)
ER_z16 corr L=1 transition b=1.1 th=0.3 rlz=8: rho=0.3131 (5.6s)
ER_z16 corr L=1 transition b=1.1 th=0.3 rlz=9: rho=0.3183 (5.1s)
ER_z16 corr L=1 bistable   b=1.1 th=0.2 rlz=0: rho=0.8632 (3.4s)
ER_z16 corr L=1 bistable   b=1.1 th=0.2 rlz=1: rho=0.7247 (4.0s)
ER_z16 corr L=1 bistable   b=1.1 th=0.2 rlz=2: rho=0.7876 (3.6s)
ER_z16 corr L=1 bistable   b=1.1 th=0.2 rlz=3: rho=0.8164 (3.5s)
ER_z16 corr L=1 bistable   b=1.1 th=0.2 rlz=4: rho=0.7997 (4.2s)
ER_z16 corr L=1 bistable   b=1.1 th=0.2 rlz=5: rho=0.7161 (4.1s)
ER_z16 corr L=1 bistable   b=1.1 th=0.2 rlz=6: rho=0.8019 (3.9s)
ER_z16 corr L=1 bistable   b=1.1 th=0.2 rlz=7: rho=0.7495 (4.0s)
ER_z16 corr L=1 bistable   b=1.1 th=0.2 rlz=8: rho=0.7976 (3.8s)
ER_z16 corr L=1 bistable   b=1.1 th=0.2 rlz=9: rho=0.8518 (3.3s)
ER_z16 corr L=2 coop       b=1.2 th=0.0 rlz=0: rho=0.9986 (9.3s)
ER_z16 corr L=2 coop       b=1.2 th=0.0 rlz=1: rho=0.9959 (9.6s)
ER_z16 corr L=2 coop       b=1.2 th=0.0 rlz=2: rho=0.9999 (9.4s)
ER_z16 corr L=2 coop       b=1.2 th=0.0 rlz=3: rho=0.9987 (9.5s)
ER_z16 corr L=2 coop       b=1.2 th=0.0 rlz=4: rho=1.0000 (9.2s)
ER_z16 corr L=2 coop       b=1.2 th=0.0 rlz=5: rho=0.9985 (9.1s)
ER_z16 corr L=2 coop       b=1.2 th=0.0 rlz=6: rho=0.9977 (9.4s)
ER_z16 corr L=2 coop       b=1.2 th=0.0 rlz=7: rho=0.9993 (9.3s)
ER_z16 corr L=2 coop       b=1.2 th=0.0 rlz=8: rho=0.9990 (9.2s)
ER_z16 corr L=2 coop       b=1.2 th=0.0 rlz=9: rho=0.9994 (9.1s)
ER_z16 corr L=2 defect     b=1.4 th=0.1 rlz=0: rho=0.0000 (9.4s)
ER_z16 corr L=2 defect     b=1.4 th=0.1 rlz=1: rho=0.0000 (9.4s)
ER_z16 corr L=2 defect     b=1.4 th=0.1 rlz=2: rho=0.0000 (9.5s)
ER_z16 corr L=2 defect     b=1.4 th=0.1 rlz=3: rho=0.0000 (9.5s)
ER_z16 corr L=2 defect     b=1.4 th=0.1 rlz=4: rho=0.0000 (9.8s)
ER_z16 corr L=2 defect     b=1.4 th=0.1 rlz=5: rho=0.0000 (16.6s)
ER_z16 corr L=2 defect     b=1.4 th=0.1 rlz=6: rho=0.0000 (9.5s)
ER_z16 corr L=2 defect     b=1.4 th=0.1 rlz=7: rho=0.0000 (9.4s)
ER_z16 corr L=2 defect     b=1.4 th=0.1 rlz=8: rho=0.0000 (9.4s)
ER_z16 corr L=2 defect     b=1.4 th=0.1 rlz=9: rho=0.0000 (9.3s)
ER_z16 corr L=2 transition b=1.2 th=0.3 rlz=0: rho=0.4556 (10.9s)
ER_z16 corr L=2 transition b=1.2 th=0.3 rlz=1: rho=0.2942 (11.3s)
ER_z16 corr L=2 transition b=1.2 th=0.3 rlz=2: rho=0.3797 (11.3s)
ER_z16 corr L=2 transition b=1.2 th=0.3 rlz=3: rho=0.3985 (10.9s)
ER_z16 corr L=2 transition b=1.2 th=0.3 rlz=4: rho=0.3731 (10.7s)
ER_z16 corr L=2 transition b=1.2 th=0.3 rlz=5: rho=0.4111 (10.7s)
ER_z16 corr L=2 transition b=1.2 th=0.3 rlz=6: rho=0.5133 (10.6s)
ER_z16 corr L=2 transition b=1.2 th=0.3 rlz=7: rho=0.4515 (10.8s)
ER_z16 corr L=2 transition b=1.2 th=0.3 rlz=8: rho=0.4160 (11.1s)
ER_z16 corr L=2 transition b=1.2 th=0.3 rlz=9: rho=0.4669 (10.5s)
ER_z16 corr L=3 coop       b=1.1 th=0.2 rlz=0: rho=0.9980 (28.2s)
ER_z16 corr L=3 coop       b=1.1 th=0.2 rlz=1: rho=0.9942 (28.8s)
ER_z16 corr L=3 coop       b=1.1 th=0.2 rlz=2: rho=0.9933 (28.2s)
ER_z16 corr L=3 coop       b=1.1 th=0.2 rlz=3: rho=0.9971 (28.2s)
ER_z16 corr L=3 coop       b=1.1 th=0.2 rlz=4: rho=1.0000 (27.8s)
ER_z16 corr L=3 coop       b=1.1 th=0.2 rlz=5: rho=0.9983 (28.4s)
ER_z16 corr L=3 coop       b=1.1 th=0.2 rlz=6: rho=0.9979 (28.1s)
ER_z16 corr L=3 coop       b=1.1 th=0.2 rlz=7: rho=0.9922 (28.9s)
ER_z16 corr L=3 coop       b=1.1 th=0.2 rlz=8: rho=0.9997 (28.2s)
ER_z16 corr L=3 coop       b=1.1 th=0.2 rlz=9: rho=0.9994 (27.9s)
ER_z16 corr L=3 defect     b=1.4 th=0.1 rlz=0: rho=0.0003 (27.9s)
ER_z16 corr L=3 defect     b=1.4 th=0.1 rlz=1: rho=0.0000 (28.0s)
ER_z16 corr L=3 defect     b=1.4 th=0.1 rlz=2: rho=0.0000 (34.1s)
ER_z16 corr L=3 defect     b=1.4 th=0.1 rlz=3: rho=0.0003 (28.1s)
ER_z16 corr L=3 defect     b=1.4 th=0.1 rlz=4: rho=0.0000 (27.9s)
ER_z16 corr L=3 defect     b=1.4 th=0.1 rlz=5: rho=0.0000 (28.1s)
ER_z16 corr L=3 defect     b=1.4 th=0.1 rlz=6: rho=0.0000 (28.0s)
ER_z16 corr L=3 defect     b=1.4 th=0.1 rlz=7: rho=0.0000 (28.0s)
ER_z16 corr L=3 defect     b=1.4 th=0.1 rlz=8: rho=0.0000 (28.0s)
ER_z16 corr L=3 defect     b=1.4 th=0.1 rlz=9: rho=0.0000 (27.8s)
ER_z16 corr L=3 transition b=1.2 th=0.4 rlz=0: rho=0.4278 (34.0s)
ER_z16 corr L=3 transition b=1.2 th=0.4 rlz=1: rho=0.2796 (36.6s)
ER_z16 corr L=3 transition b=1.2 th=0.4 rlz=2: rho=0.3390 (33.2s)
ER_z16 corr L=3 transition b=1.2 th=0.4 rlz=3: rho=0.2912 (35.3s)
ER_z16 corr L=3 transition b=1.2 th=0.4 rlz=4: rho=0.3675 (31.9s)
ER_z16 corr L=3 transition b=1.2 th=0.4 rlz=5: rho=0.3467 (32.7s)
ER_z16 corr L=3 transition b=1.2 th=0.4 rlz=6: rho=0.3431 (33.5s)
ER_z16 corr L=3 transition b=1.2 th=0.4 rlz=7: rho=0.3422 (34.3s)
ER_z16 corr L=3 transition b=1.2 th=0.4 rlz=8: rho=0.3142 (33.3s)
ER_z16 corr L=3 transition b=1.2 th=0.4 rlz=9: rho=0.4158 (35.4s)
ER_z16 corr L=4 coop       b=1.2 th=0.0 rlz=0: rho=0.9976 (29.2s)
ER_z16 corr L=4 coop       b=1.2 th=0.0 rlz=1: rho=0.9952 (29.7s)
ER_z16 corr L=4 coop       b=1.2 th=0.0 rlz=2: rho=1.0000 (28.9s)
ER_z16 corr L=4 coop       b=1.2 th=0.0 rlz=3: rho=0.9972 (29.3s)
ER_z16 corr L=4 coop       b=1.2 th=0.0 rlz=4: rho=1.0000 (28.8s)
ER_z16 corr L=4 coop       b=1.2 th=0.0 rlz=5: rho=0.9989 (29.2s)
ER_z16 corr L=4 coop       b=1.2 th=0.0 rlz=6: rho=0.9980 (29.0s)
ER_z16 corr L=4 coop       b=1.2 th=0.0 rlz=7: rho=0.9996 (29.2s)
ER_z16 corr L=4 coop       b=1.2 th=0.0 rlz=8: rho=0.9991 (29.3s)
ER_z16 corr L=4 coop       b=1.2 th=0.0 rlz=9: rho=0.9982 (29.1s)
ER_z16 corr L=4 defect     b=1.4 th=0.1 rlz=0: rho=0.0000 (29.0s)
ER_z16 corr L=4 defect     b=1.4 th=0.1 rlz=1: rho=0.0097 (34.9s)
ER_z16 corr L=4 defect     b=1.4 th=0.1 rlz=2: rho=0.0004 (29.0s)
ER_z16 corr L=4 defect     b=1.4 th=0.1 rlz=3: rho=0.0100 (28.9s)
ER_z16 corr L=4 defect     b=1.4 th=0.1 rlz=4: rho=0.0000 (29.0s)
ER_z16 corr L=4 defect     b=1.4 th=0.1 rlz=5: rho=0.0000 (29.1s)
ER_z16 corr L=4 defect     b=1.4 th=0.1 rlz=6: rho=0.0200 (28.9s)
ER_z16 corr L=4 defect     b=1.4 th=0.1 rlz=7: rho=0.0100 (28.9s)
ER_z16 corr L=4 defect     b=1.4 th=0.1 rlz=8: rho=0.0100 (29.1s)
ER_z16 corr L=4 defect     b=1.4 th=0.1 rlz=9: rho=0.0000 (28.9s)
ER_z16 corr L=4 transition b=1.2 th=0.4 rlz=0: rho=0.6916 (33.5s)
ER_z16 corr L=4 transition b=1.2 th=0.4 rlz=1: rho=0.4793 (36.8s)
ER_z16 corr L=4 transition b=1.2 th=0.4 rlz=2: rho=0.5568 (32.7s)
ER_z16 corr L=4 transition b=1.2 th=0.4 rlz=3: rho=0.5434 (33.2s)
ER_z16 corr L=4 transition b=1.2 th=0.4 rlz=4: rho=0.5564 (32.3s)
ER_z16 corr L=4 transition b=1.2 th=0.4 rlz=5: rho=0.5654 (33.1s)
ER_z16 corr L=4 transition b=1.2 th=0.4 rlz=6: rho=0.6761 (31.9s)
ER_z16 corr L=4 transition b=1.2 th=0.4 rlz=7: rho=0.6147 (31.9s)
ER_z16 corr L=4 transition b=1.2 th=0.4 rlz=8: rho=0.6701 (31.9s)
ER_z16 corr L=4 transition b=1.2 th=0.4 rlz=9: rho=0.6616 (31.7s)
ER_z16 corr L=4 bistable   b=1.3 th=0.2 rlz=0: rho=0.4717 (30.7s)
ER_z16 corr L=4 bistable   b=1.3 th=0.2 rlz=1: rho=0.2521 (30.5s)
ER_z16 corr L=4 bistable   b=1.3 th=0.2 rlz=2: rho=0.3843 (29.8s)
ER_z16 corr L=4 bistable   b=1.3 th=0.2 rlz=3: rho=0.3481 (29.8s)
ER_z16 corr L=4 bistable   b=1.3 th=0.2 rlz=4: rho=0.3393 (31.2s)
ER_z16 corr L=4 bistable   b=1.3 th=0.2 rlz=5: rho=0.5165 (30.5s)
ER_z16 corr L=4 bistable   b=1.3 th=0.2 rlz=6: rho=0.4430 (30.3s)
ER_z16 corr L=4 bistable   b=1.3 th=0.2 rlz=7: rho=0.4235 (29.6s)
ER_z16 corr L=4 bistable   b=1.3 th=0.2 rlz=8: rho=0.3978 (30.5s)
ER_z16 corr L=4 bistable   b=1.3 th=0.2 rlz=9: rho=0.4631 (30.0s)
ER_z16 uncorr L=1 coop       b=1.1 th=0.0 rlz=0: rho=0.9985 (12.4s)
ER_z16 uncorr L=1 coop       b=1.1 th=0.0 rlz=1: rho=0.9974 (3.0s)
ER_z16 uncorr L=1 coop       b=1.1 th=0.0 rlz=2: rho=0.9998 (2.9s)
ER_z16 uncorr L=1 coop       b=1.1 th=0.0 rlz=3: rho=0.9977 (2.9s)
ER_z16 uncorr L=1 coop       b=1.1 th=0.0 rlz=4: rho=0.9998 (2.9s)
ER_z16 uncorr L=1 coop       b=1.1 th=0.0 rlz=5: rho=0.9989 (2.9s)
ER_z16 uncorr L=1 coop       b=1.1 th=0.0 rlz=6: rho=0.9985 (3.0s)
ER_z16 uncorr L=1 coop       b=1.1 th=0.0 rlz=7: rho=0.9996 (2.9s)
ER_z16 uncorr L=1 coop       b=1.1 th=0.0 rlz=8: rho=0.9998 (2.9s)
ER_z16 uncorr L=1 coop       b=1.1 th=0.0 rlz=9: rho=0.9998 (2.9s)
ER_z16 uncorr L=1 defect     b=1.4 th=0.0 rlz=0: rho=0.0000 (3.2s)
ER_z16 uncorr L=1 defect     b=1.4 th=0.0 rlz=1: rho=0.0000 (3.2s)
ER_z16 uncorr L=1 defect     b=1.4 th=0.0 rlz=2: rho=0.0000 (3.2s)
ER_z16 uncorr L=1 defect     b=1.4 th=0.0 rlz=3: rho=0.0000 (3.2s)
ER_z16 uncorr L=1 defect     b=1.4 th=0.0 rlz=4: rho=0.0000 (3.2s)
ER_z16 uncorr L=1 defect     b=1.4 th=0.0 rlz=5: rho=0.0008 (3.2s)
ER_z16 uncorr L=1 defect     b=1.4 th=0.0 rlz=6: rho=0.0000 (3.2s)
ER_z16 uncorr L=1 defect     b=1.4 th=0.0 rlz=7: rho=0.0000 (3.2s)
ER_z16 uncorr L=1 defect     b=1.4 th=0.0 rlz=8: rho=0.0000 (3.2s)
ER_z16 uncorr L=1 defect     b=1.4 th=0.0 rlz=9: rho=0.0003 (3.2s)
ER_z16 uncorr L=1 transition b=1.1 th=0.2 rlz=0: rho=0.5297 (4.7s)
ER_z16 uncorr L=1 transition b=1.1 th=0.2 rlz=1: rho=0.3865 (5.4s)
ER_z16 uncorr L=1 transition b=1.1 th=0.2 rlz=2: rho=0.4136 (15.0s)
ER_z16 uncorr L=1 transition b=1.1 th=0.2 rlz=3: rho=0.4539 (4.6s)
ER_z16 uncorr L=1 transition b=1.1 th=0.2 rlz=4: rho=0.4110 (4.7s)
ER_z16 uncorr L=1 transition b=1.1 th=0.2 rlz=5: rho=0.4145 (5.1s)
ER_z16 uncorr L=1 transition b=1.1 th=0.2 rlz=6: rho=0.4984 (4.6s)
ER_z16 uncorr L=1 transition b=1.1 th=0.2 rlz=7: rho=0.4450 (5.0s)
ER_z16 uncorr L=1 transition b=1.1 th=0.2 rlz=8: rho=0.4442 (5.1s)
ER_z16 uncorr L=1 transition b=1.1 th=0.2 rlz=9: rho=0.5126 (4.7s)
ER_z16 uncorr L=2 coop       b=1.1 th=0.1 rlz=0: rho=0.9988 (9.3s)
ER_z16 uncorr L=2 coop       b=1.1 th=0.1 rlz=1: rho=0.9888 (9.4s)
ER_z16 uncorr L=2 coop       b=1.1 th=0.1 rlz=2: rho=1.0000 (9.2s)
ER_z16 uncorr L=2 coop       b=1.1 th=0.1 rlz=3: rho=0.9979 (9.3s)
ER_z16 uncorr L=2 coop       b=1.1 th=0.1 rlz=4: rho=1.0000 (9.2s)
ER_z16 uncorr L=2 coop       b=1.1 th=0.1 rlz=5: rho=0.9980 (9.3s)
ER_z16 uncorr L=2 coop       b=1.1 th=0.1 rlz=6: rho=0.9969 (9.1s)
ER_z16 uncorr L=2 coop       b=1.1 th=0.1 rlz=7: rho=0.9925 (9.1s)
ER_z16 uncorr L=2 coop       b=1.1 th=0.1 rlz=8: rho=0.9993 (9.3s)
ER_z16 uncorr L=2 coop       b=1.1 th=0.1 rlz=9: rho=0.9991 (9.3s)
ER_z16 uncorr L=2 defect     b=1.4 th=0.0 rlz=0: rho=0.0000 (9.5s)
ER_z16 uncorr L=2 defect     b=1.4 th=0.0 rlz=1: rho=0.0000 (9.4s)
ER_z16 uncorr L=2 defect     b=1.4 th=0.0 rlz=2: rho=0.0000 (17.5s)
ER_z16 uncorr L=2 defect     b=1.4 th=0.0 rlz=3: rho=0.0000 (9.4s)
ER_z16 uncorr L=2 defect     b=1.4 th=0.0 rlz=4: rho=0.0000 (9.5s)
ER_z16 uncorr L=2 defect     b=1.4 th=0.0 rlz=5: rho=0.0000 (9.5s)
ER_z16 uncorr L=2 defect     b=1.4 th=0.0 rlz=6: rho=0.0000 (9.4s)
ER_z16 uncorr L=2 defect     b=1.4 th=0.0 rlz=7: rho=0.0000 (9.3s)
ER_z16 uncorr L=2 defect     b=1.4 th=0.0 rlz=8: rho=0.0000 (9.5s)
ER_z16 uncorr L=2 defect     b=1.4 th=0.0 rlz=9: rho=0.0003 (9.6s)
ER_z16 uncorr L=2 transition b=1.2 th=0.0 rlz=0: rho=0.6917 (14.5s)
ER_z16 uncorr L=2 transition b=1.2 th=0.0 rlz=1: rho=0.2730 (16.7s)
ER_z16 uncorr L=2 transition b=1.2 th=0.0 rlz=2: rho=0.2889 (15.4s)
ER_z16 uncorr L=2 transition b=1.2 th=0.0 rlz=3: rho=0.6089 (14.5s)
ER_z16 uncorr L=2 transition b=1.2 th=0.0 rlz=4: rho=0.3317 (17.2s)
ER_z16 uncorr L=2 transition b=1.2 th=0.0 rlz=5: rho=0.5625 (15.9s)
ER_z16 uncorr L=2 transition b=1.2 th=0.0 rlz=6: rho=0.6390 (16.6s)
ER_z16 uncorr L=2 transition b=1.2 th=0.0 rlz=7: rho=0.3974 (16.2s)
ER_z16 uncorr L=2 transition b=1.2 th=0.0 rlz=8: rho=0.4109 (16.3s)
ER_z16 uncorr L=2 transition b=1.2 th=0.0 rlz=9: rho=0.5527 (15.2s)
ER_z16 uncorr L=3 coop       b=1.1 th=0.0 rlz=0: rho=0.9981 (28.2s)
ER_z16 uncorr L=3 coop       b=1.1 th=0.0 rlz=1: rho=0.9937 (28.8s)
ER_z16 uncorr L=3 coop       b=1.1 th=0.0 rlz=2: rho=0.9997 (27.9s)
ER_z16 uncorr L=3 coop       b=1.1 th=0.0 rlz=3: rho=0.9980 (28.3s)
ER_z16 uncorr L=3 coop       b=1.1 th=0.0 rlz=4: rho=1.0000 (27.9s)
ER_z16 uncorr L=3 coop       b=1.1 th=0.0 rlz=5: rho=0.9975 (28.3s)
ER_z16 uncorr L=3 coop       b=1.1 th=0.0 rlz=6: rho=0.9987 (28.0s)
ER_z16 uncorr L=3 coop       b=1.1 th=0.0 rlz=7: rho=0.9986 (28.2s)
ER_z16 uncorr L=3 coop       b=1.1 th=0.0 rlz=8: rho=0.9997 (28.2s)
ER_z16 uncorr L=3 coop       b=1.1 th=0.0 rlz=9: rho=0.9995 (28.0s)
ER_z16 uncorr L=3 defect     b=1.4 th=0.1 rlz=0: rho=0.0000 (27.8s)
ER_z16 uncorr L=3 defect     b=1.4 th=0.1 rlz=1: rho=0.0000 (27.7s)
ER_z16 uncorr L=3 defect     b=1.4 th=0.1 rlz=2: rho=0.0000 (33.9s)
ER_z16 uncorr L=3 defect     b=1.4 th=0.1 rlz=3: rho=0.0000 (27.9s)
ER_z16 uncorr L=3 defect     b=1.4 th=0.1 rlz=4: rho=0.0000 (28.1s)
ER_z16 uncorr L=3 defect     b=1.4 th=0.1 rlz=5: rho=0.0000 (27.8s)
ER_z16 uncorr L=3 defect     b=1.4 th=0.1 rlz=6: rho=0.0000 (27.7s)
ER_z16 uncorr L=3 defect     b=1.4 th=0.1 rlz=7: rho=0.0003 (27.7s)
ER_z16 uncorr L=3 defect     b=1.4 th=0.1 rlz=8: rho=0.0002 (27.8s)
ER_z16 uncorr L=3 defect     b=1.4 th=0.1 rlz=9: rho=0.0001 (27.8s)
ER_z16 uncorr L=3 transition b=1.2 th=0.2 rlz=0: rho=0.7032 (30.7s)
ER_z16 uncorr L=3 transition b=1.2 th=0.2 rlz=1: rho=0.4546 (31.4s)
ER_z16 uncorr L=3 transition b=1.2 th=0.2 rlz=2: rho=0.4519 (32.4s)
ER_z16 uncorr L=3 transition b=1.2 th=0.2 rlz=3: rho=0.4803 (32.9s)
ER_z16 uncorr L=3 transition b=1.2 th=0.2 rlz=4: rho=0.4526 (32.7s)
ER_z16 uncorr L=3 transition b=1.2 th=0.2 rlz=5: rho=0.5623 (32.4s)
ER_z16 uncorr L=3 transition b=1.2 th=0.2 rlz=6: rho=0.5460 (31.5s)
ER_z16 uncorr L=3 transition b=1.2 th=0.2 rlz=7: rho=0.5131 (33.3s)
ER_z16 uncorr L=3 transition b=1.2 th=0.2 rlz=8: rho=0.5892 (36.7s)
ER_z16 uncorr L=3 transition b=1.2 th=0.2 rlz=9: rho=0.6019 (32.2s)
ER_z16 uncorr L=4 coop       b=1.2 th=0.0 rlz=0: rho=0.9967 (29.7s)
ER_z16 uncorr L=4 coop       b=1.2 th=0.0 rlz=1: rho=0.9937 (30.4s)
ER_z16 uncorr L=4 coop       b=1.2 th=0.0 rlz=2: rho=1.0000 (29.7s)
ER_z16 uncorr L=4 coop       b=1.2 th=0.0 rlz=3: rho=0.9978 (29.3s)
ER_z16 uncorr L=4 coop       b=1.2 th=0.0 rlz=4: rho=1.0000 (29.3s)
ER_z16 uncorr L=4 coop       b=1.2 th=0.0 rlz=5: rho=0.9980 (29.6s)
ER_z16 uncorr L=4 coop       b=1.2 th=0.0 rlz=6: rho=0.9972 (29.2s)
ER_z16 uncorr L=4 coop       b=1.2 th=0.0 rlz=7: rho=0.9993 (29.6s)
ER_z16 uncorr L=4 coop       b=1.2 th=0.0 rlz=8: rho=0.9984 (29.6s)
ER_z16 uncorr L=4 coop       b=1.2 th=0.0 rlz=9: rho=0.9996 (29.4s)
ER_z16 uncorr L=4 defect     b=1.4 th=0.1 rlz=0: rho=0.0000 (28.7s)
ER_z16 uncorr L=4 defect     b=1.4 th=0.1 rlz=1: rho=0.0000 (29.9s)
ER_z16 uncorr L=4 defect     b=1.4 th=0.1 rlz=2: rho=0.0000 (29.0s)
ER_z16 uncorr L=4 defect     b=1.4 th=0.1 rlz=3: rho=0.0000 (29.1s)
ER_z16 uncorr L=4 defect     b=1.4 th=0.1 rlz=4: rho=0.0000 (28.9s)
ER_z16 uncorr L=4 defect     b=1.4 th=0.1 rlz=5: rho=0.0000 (32.3s)
ER_z16 uncorr L=4 defect     b=1.4 th=0.1 rlz=6: rho=0.0100 (29.7s)
ER_z16 uncorr L=4 defect     b=1.4 th=0.1 rlz=7: rho=0.0000 (28.8s)
ER_z16 uncorr L=4 defect     b=1.4 th=0.1 rlz=8: rho=0.0000 (28.8s)
ER_z16 uncorr L=4 defect     b=1.4 th=0.1 rlz=9: rho=0.0000 (28.7s)
ER_z16 uncorr L=4 transition b=1.2 th=0.3 rlz=0: rho=0.6244 (32.5s)
ER_z16 uncorr L=4 transition b=1.2 th=0.3 rlz=1: rho=0.4613 (35.1s)
ER_z16 uncorr L=4 transition b=1.2 th=0.3 rlz=2: rho=0.4542 (33.5s)
ER_z16 uncorr L=4 transition b=1.2 th=0.3 rlz=3: rho=0.5633 (33.1s)
ER_z16 uncorr L=4 transition b=1.2 th=0.3 rlz=4: rho=0.4500 (33.5s)
ER_z16 uncorr L=4 transition b=1.2 th=0.3 rlz=5: rho=0.5430 (34.1s)
ER_z16 uncorr L=4 transition b=1.2 th=0.3 rlz=6: rho=0.5038 (33.1s)
ER_z16 uncorr L=4 transition b=1.2 th=0.3 rlz=7: rho=0.5789 (33.3s)
ER_z16 uncorr L=4 transition b=1.2 th=0.3 rlz=8: rho=0.6161 (32.0s)
ER_z16 uncorr L=4 transition b=1.2 th=0.3 rlz=9: rho=0.6579 (32.3s)
TOTAL TIME: 15726.7s
topo  z   corr  L     regime   b  theta  between_network_mean  between_network_std  n_realizations
  BA  4   corr  1   bistable 2.0    0.3              0.683586             0.040628              10
  BA  4   corr  1       coop 1.0    0.0              0.996219             0.006063              10
  BA  4   corr  1     defect 2.0    0.8              0.595397             0.036723              10
  BA  4   corr  2   bistable 2.0    0.4              0.810545             0.042189              10
  BA  4   corr  2       coop 1.0    0.0              0.996219             0.006063              10
  BA  4   corr  2     defect 2.0    0.6              0.593552             0.036159              10
  BA  4   corr  3   bistable 2.0    0.5              0.663781             0.035325              10
  BA  4   corr  3       coop 1.8    0.3              0.992354             0.016179              10
  BA  4   corr  3     defect 2.0    0.7              0.592750             0.037499              10
  BA  4   corr  4   bistable 2.0    0.5              0.755603             0.035212              10
  BA  4   corr  4       coop 1.4    0.4              0.995796             0.005875              10
  BA  4   corr  4     defect 2.0    0.7              0.593518             0.035937              10
  BA  4 uncorr  1   bistable 2.0    0.2              0.759317             0.049852              10
  BA  4 uncorr  1       coop 1.0    0.0              0.996219             0.006063              10
  BA  4 uncorr  1     defect 2.0    0.6              0.594750             0.037844              10
  BA  4 uncorr  2   bistable 2.0    0.3              0.738674             0.035591              10
  BA  4 uncorr  2       coop 1.8    0.1              0.994610             0.006107              10
  BA  4 uncorr  2     defect 2.0    0.6              0.595268             0.036839              10
  BA  4 uncorr  3   bistable 2.0    0.3              0.832736             0.035507              10
  BA  4 uncorr  3       coop 1.6    0.2              0.993887             0.007328              10
  BA  4 uncorr  3     defect 2.0    0.6              0.597063             0.036101              10
  BA  4 uncorr  4   bistable 2.0    0.4              0.715575             0.035716              10
  BA  4 uncorr  4       coop 1.4    0.0              0.995732             0.006453              10
  BA  4 uncorr  4     defect 2.0    0.6              0.595901             0.034921              10
  BA 16   corr  1   bistable 1.6    0.0              0.639241             0.140668              10
  BA 16   corr  1       coop 1.0    0.0              0.955118             0.067941              10
  BA 16   corr  1     defect 2.0    0.1              0.004070             0.003941              10
  BA 16   corr  1 transition 1.5    0.1              0.462309             0.082341              10
  BA 16   corr  2   bistable 1.8    0.0              0.475481             0.117607              10
  BA 16   corr  2       coop 1.0    0.0              0.955118             0.067941              10
  BA 16   corr  2     defect 2.0    0.6              0.002770             0.002934              10
  BA 16   corr  2 transition 1.5    0.3              0.487733             0.053340              10
  BA 16   corr  3   bistable 1.8    0.1              0.449195             0.055151              10
  BA 16   corr  3       coop 1.0    0.0              0.955118             0.067941              10
  BA 16   corr  3     defect 2.0    0.6              0.002769             0.002844              10
  BA 16   corr  3 transition 1.7    0.2              0.481286             0.052492              10
  BA 16   corr  4   bistable 1.8    0.1              0.463385             0.044004              10
  BA 16   corr  4       coop 1.0    0.0              0.955118             0.067941              10
  BA 16   corr  4     defect 2.0    0.6              0.002776             0.002545              10
  BA 16   corr  4 transition 1.7    0.2              0.482826             0.051451              10
  BA 16 uncorr  1   bistable 1.6    0.0              0.642062             0.127659              10
  BA 16 uncorr  1       coop 1.0    0.0              0.955118             0.067941              10
  BA 16 uncorr  1     defect 2.0    0.0              0.005549             0.007215              10
  BA 16 uncorr  1 transition 1.4    0.4              0.528546             0.120010              10
  BA 16 uncorr  2       coop 1.0    0.0              0.955118             0.067941              10
  BA 16 uncorr  2     defect 2.0    0.6              0.002571             0.002769              10
  BA 16 uncorr  2 transition 1.8    0.0              0.446599             0.126462              10
  BA 16 uncorr  3       coop 1.0    0.0              0.955118             0.067941              10
  BA 16 uncorr  3     defect 2.0    0.7              0.002700             0.002850              10
  BA 16 uncorr  3 transition 1.7    0.1              0.482287             0.053345              10
  BA 16 uncorr  4   bistable 1.9    0.0              0.420612             0.112183              10
  BA 16 uncorr  4       coop 1.0    0.0              0.955118             0.067941              10
  BA 16 uncorr  4     defect 2.0    0.7              0.003027             0.003200              10
  BA 16 uncorr  4 transition 1.5    0.4              0.491259             0.057967              10
  ER  4   corr  1   bistable 1.6    0.2              0.875141             0.089579              10
  ER  4   corr  1       coop 1.0    0.0              1.000000             0.000000              10
  ER  4   corr  1     defect 1.7    0.4              0.000430             0.000793              10
  ER  4   corr  1 transition 1.3    0.4              0.406817             0.023348              10
  ER  4   corr  2   bistable 1.9    0.0              0.682246             0.156716              10
  ER  4   corr  2       coop 1.0    0.0              1.000000             0.000000              10
  ER  4   corr  2     defect 1.7    0.6              0.000483             0.000766              10
  ER  4   corr  2 transition 1.3    0.4              0.515917             0.049132              10
  ER  4   corr  3   bistable 1.9    0.3              0.652227             0.134410              10
  ER  4   corr  3       coop 1.4    0.2              1.000000             0.000000              10
  ER  4   corr  3     defect 1.7    0.5              0.000604             0.000977              10
  ER  4   corr  3 transition 2.0    0.0              0.633347             0.149842              10
  ER  4   corr  4       coop 1.0    0.0              1.000000             0.000000              10
  ER  4   corr  4     defect 1.7    0.5              0.002614             0.006243              10
  ER  4   corr  4 transition 1.7    0.4              0.618761             0.093958              10
  ER  4 uncorr  1   bistable 1.3    0.2              0.784977             0.056643              10
  ER  4 uncorr  1       coop 1.0    0.0              1.000000             0.000000              10
  ER  4 uncorr  1     defect 1.7    0.0              0.000525             0.000759              10
  ER  4 uncorr  1 transition 1.3    0.5              0.404727             0.022956              10
  ER  4 uncorr  2   bistable 1.5    0.0              0.863926             0.072644              10
  ER  4 uncorr  2       coop 1.3    0.1              0.998609             0.004400              10
  ER  4 uncorr  2     defect 1.7    0.0              0.000642             0.000802              10
  ER  4 uncorr  2 transition 1.3    0.6              0.405704             0.024649              10
  ER  4 uncorr  3   bistable 1.5    0.1              0.461656             0.084258              10
  ER  4 uncorr  3       coop 1.2    0.1              0.999993             0.000022              10
  ER  4 uncorr  3     defect 1.7    0.1              0.000411             0.000654              10
  ER  4 uncorr  3 transition 1.3    0.3              0.443908             0.028622              10
  ER  4 uncorr  4   bistable 1.5    0.1              0.670958             0.063096              10
  ER  4 uncorr  4       coop 1.1    0.3              0.999919             0.000118              10
  ER  4 uncorr  4     defect 1.7    0.0              0.004857             0.007141              10
  ER  4 uncorr  4 transition 1.4    0.2              0.688414             0.089688              10
  ER 16   corr  1   bistable 1.1    0.2              0.790847             0.048909              10
  ER 16   corr  1       coop 1.1    0.1              0.998583             0.001394              10
  ER 16   corr  1     defect 1.4    0.0              0.001736             0.001182              10
  ER 16   corr  1 transition 1.1    0.3              0.314182             0.010202              10
  ER 16   corr  2       coop 1.2    0.0              0.998705             0.001210              10
  ER 16   corr  2     defect 1.4    0.1              0.000000             0.000000              10
  ER 16   corr  2 transition 1.2    0.3              0.415992             0.060734              10
  ER 16   corr  3       coop 1.1    0.2              0.997008             0.002794              10
  ER 16   corr  3     defect 1.4    0.1              0.000062             0.000130              10
  ER 16   corr  3 transition 1.2    0.4              0.346709             0.047732              10
  ER 16   corr  4   bistable 1.3    0.2              0.403936             0.077063              10
  ER 16   corr  4       coop 1.2    0.0              0.998381             0.001476              10
  ER 16   corr  4     defect 1.4    0.1              0.006015             0.006936              10
  ER 16   corr  4 transition 1.2    0.4              0.601541             0.071374              10
  ER 16 uncorr  1       coop 1.1    0.0              0.998980             0.000940              10
  ER 16 uncorr  1     defect 1.4    0.0              0.000106             0.000253              10
  ER 16 uncorr  1 transition 1.1    0.2              0.450941             0.048081              10
  ER 16 uncorr  2       coop 1.1    0.1              0.997147             0.003645              10
  ER 16 uncorr  2     defect 1.4    0.0              0.000030             0.000094              10
  ER 16 uncorr  2 transition 1.2    0.0              0.475659             0.153320              10
  ER 16 uncorr  3       coop 1.1    0.0              0.998358             0.001829              10
  ER 16 uncorr  3     defect 1.4    0.1              0.000061             0.000107              10
  ER 16 uncorr  3 transition 1.2    0.2              0.535503             0.081789              10
  ER 16 uncorr  4       coop 1.2    0.0              0.998055             0.001928              10
  ER 16 uncorr  4     defect 1.4    0.1              0.001000             0.003162              10
  ER 16 uncorr  4 transition 1.2    0.3              0.545299             0.075711              10
Saved: /Users/mariapereda/Library/CloudStorage/Dropbox/UPM/investigacion/Mis_trabajos_en_curso/19. GabrielleMuller - TFM - Vigilantes 2.0 con distancia Estrada/long-range-social-pressure/robustness_checks/data/network_realization_robustness.csv /Users/mariapereda/Library/CloudStorage/Dropbox/UPM/investigacion/Mis_trabajos_en_curso/19. GabrielleMuller - TFM - Vigilantes 2.0 con distancia Estrada/long-range-social-pressure/robustness_checks/data/network_realization_robustness_summary.csv
