BA_z4: 3 points -> ['coop', 'defect', 'bistable']
BA_z4 coop       L=1 rlz=0: rho=0.9661 (2.9s)
BA_z4 coop       L=4 rlz=0: rho=0.9978 (19.5s)
BA_z4 coop       L=1 rlz=1: rho=0.9998 (2.5s)
BA_z4 coop       L=4 rlz=1: rho=1.0000 (19.8s)
BA_z4 coop       L=1 rlz=2: rho=0.9673 (2.7s)
BA_z4 coop       L=4 rlz=2: rho=0.9867 (22.0s)
BA_z4 coop       L=1 rlz=3: rho=0.9852 (2.7s)
BA_z4 coop       L=4 rlz=3: rho=0.9979 (19.2s)
BA_z4 coop       L=1 rlz=4: rho=0.9991 (2.4s)
BA_z4 coop       L=4 rlz=4: rho=1.0000 (19.1s)
BA_z4 coop       L=1 rlz=5: rho=0.8988 (3.1s)
BA_z4 coop       L=4 rlz=5: rho=0.9891 (21.9s)
BA_z4 coop       L=1 rlz=6: rho=0.9963 (2.3s)
BA_z4 coop       L=4 rlz=6: rho=0.9999 (19.6s)
BA_z4 coop       L=1 rlz=7: rho=0.9997 (2.3s)
BA_z4 coop       L=4 rlz=7: rho=1.0000 (19.0s)
BA_z4 coop       L=1 rlz=8: rho=0.9999 (2.2s)
BA_z4 coop       L=4 rlz=8: rho=1.0000 (18.2s)
BA_z4 coop       L=1 rlz=9: rho=0.9382 (2.5s)
BA_z4 coop       L=4 rlz=9: rho=0.9865 (19.7s)
BA_z4 defect     L=1 rlz=0: rho=0.5700 (3.7s)
BA_z4 defect     L=4 rlz=0: rho=0.5675 (27.8s)
BA_z4 defect     L=1 rlz=1: rho=0.6174 (4.5s)
BA_z4 defect     L=4 rlz=1: rho=0.6132 (33.1s)
BA_z4 defect     L=1 rlz=2: rho=0.5658 (4.3s)
BA_z4 defect     L=4 rlz=2: rho=0.5533 (33.8s)
BA_z4 defect     L=1 rlz=3: rho=0.6228 (4.0s)
BA_z4 defect     L=4 rlz=3: rho=0.6127 (30.1s)
BA_z4 defect     L=1 rlz=4: rho=0.5864 (3.9s)
BA_z4 defect     L=4 rlz=4: rho=0.5874 (29.8s)
BA_z4 defect     L=1 rlz=5: rho=0.5310 (4.0s)
BA_z4 defect     L=4 rlz=5: rho=0.5404 (31.7s)
BA_z4 defect     L=1 rlz=6: rho=0.5819 (3.6s)
BA_z4 defect     L=4 rlz=6: rho=0.5804 (28.0s)
BA_z4 defect     L=1 rlz=7: rho=0.6527 (3.7s)
BA_z4 defect     L=4 rlz=7: rho=0.6540 (30.0s)
BA_z4 defect     L=1 rlz=8: rho=0.5889 (3.9s)
BA_z4 defect     L=4 rlz=8: rho=0.5895 (28.8s)
BA_z4 defect     L=1 rlz=9: rho=0.6361 (3.4s)
BA_z4 defect     L=4 rlz=9: rho=0.6367 (26.1s)
BA_z4 bistable   L=1 rlz=0: rho=0.5740 (3.7s)
BA_z4 bistable   L=4 rlz=0: rho=0.7498 (23.4s)
BA_z4 bistable   L=1 rlz=1: rho=0.6180 (4.3s)
BA_z4 bistable   L=4 rlz=1: rho=0.7884 (27.6s)
BA_z4 bistable   L=1 rlz=2: rho=0.5647 (4.2s)
BA_z4 bistable   L=4 rlz=2: rho=0.7096 (29.3s)
BA_z4 bistable   L=1 rlz=3: rho=0.6186 (3.9s)
BA_z4 bistable   L=4 rlz=3: rho=0.7523 (217.6s)
BA_z4 bistable   L=1 rlz=4: rho=0.5863 (4.4s)
BA_z4 bistable   L=4 rlz=4: rho=0.7312 (28.3s)
BA_z4 bistable   L=1 rlz=5: rho=0.5318 (4.1s)
BA_z4 bistable   L=4 rlz=5: rho=0.7302 (26.0s)
BA_z4 bistable   L=1 rlz=6: rho=0.5819 (3.6s)
BA_z4 bistable   L=4 rlz=6: rho=0.7174 (25.0s)
BA_z4 bistable   L=1 rlz=7: rho=0.6545 (3.6s)
BA_z4 bistable   L=4 rlz=7: rho=0.8180 (24.0s)
BA_z4 bistable   L=1 rlz=8: rho=0.5900 (3.8s)
BA_z4 bistable   L=4 rlz=8: rho=0.7890 (22.9s)
BA_z4 bistable   L=1 rlz=9: rho=0.6375 (3.4s)
BA_z4 bistable   L=4 rlz=9: rho=0.7702 (24.3s)
BA_z16: 4 points -> ['coop', 'defect', 'transition', 'bistable']
BA_z16 coop       L=1 rlz=0: rho=0.9723 (3.2s)
BA_z16 coop       L=4 rlz=0: rho=0.9723 (33.6s)
BA_z16 coop       L=1 rlz=1: rho=0.8935 (5.7s)
BA_z16 coop       L=4 rlz=1: rho=0.8935 (59.8s)
BA_z16 coop       L=1 rlz=2: rho=0.9978 (2.8s)
BA_z16 coop       L=4 rlz=2: rho=0.9978 (28.7s)
BA_z16 coop       L=1 rlz=3: rho=0.9986 (3.0s)
BA_z16 coop       L=4 rlz=3: rho=0.9986 (30.1s)
BA_z16 coop       L=1 rlz=4: rho=0.8691 (3.9s)
BA_z16 coop       L=4 rlz=4: rho=0.8691 (40.3s)
BA_z16 coop       L=1 rlz=5: rho=1.0000 (2.7s)
BA_z16 coop       L=4 rlz=5: rho=1.0000 (27.5s)
BA_z16 coop       L=1 rlz=6: rho=1.0000 (2.7s)
BA_z16 coop       L=4 rlz=6: rho=1.0000 (28.3s)
BA_z16 coop       L=1 rlz=7: rho=0.8199 (5.3s)
BA_z16 coop       L=4 rlz=7: rho=0.8199 (56.3s)
BA_z16 coop       L=1 rlz=8: rho=1.0000 (2.7s)
BA_z16 coop       L=4 rlz=8: rho=1.0000 (28.8s)
BA_z16 coop       L=1 rlz=9: rho=1.0000 (2.7s)
BA_z16 coop       L=4 rlz=9: rho=1.0000 (27.6s)
BA_z16 defect     L=1 rlz=0: rho=0.0020 (3.3s)
BA_z16 defect     L=4 rlz=0: rho=0.0026 (28.7s)
BA_z16 defect     L=1 rlz=1: rho=0.0013 (3.2s)
BA_z16 defect     L=4 rlz=1: rho=0.0020 (28.3s)
BA_z16 defect     L=1 rlz=2: rho=0.0044 (3.3s)
BA_z16 defect     L=4 rlz=2: rho=0.0038 (29.3s)
BA_z16 defect     L=1 rlz=3: rho=0.0014 (3.2s)
BA_z16 defect     L=4 rlz=3: rho=0.0011 (28.1s)
BA_z16 defect     L=1 rlz=4: rho=0.0062 (3.4s)
BA_z16 defect     L=4 rlz=4: rho=0.0082 (30.4s)
BA_z16 defect     L=1 rlz=5: rho=0.0013 (3.3s)
BA_z16 defect     L=4 rlz=5: rho=0.0014 (28.8s)
BA_z16 defect     L=1 rlz=6: rho=0.0000 (3.2s)
BA_z16 defect     L=4 rlz=6: rho=0.0000 (28.4s)
BA_z16 defect     L=1 rlz=7: rho=0.0047 (3.3s)
BA_z16 defect     L=4 rlz=7: rho=0.0053 (29.1s)
BA_z16 defect     L=1 rlz=8: rho=0.0029 (3.2s)
BA_z16 defect     L=4 rlz=8: rho=0.0034 (28.7s)
BA_z16 defect     L=1 rlz=9: rho=0.0000 (3.2s)
BA_z16 defect     L=4 rlz=9: rho=0.0000 (28.0s)
BA_z16 transition L=1 rlz=0: rho=0.0966 (3.6s)
BA_z16 transition L=4 rlz=0: rho=0.5309 (30.7s)
BA_z16 transition L=1 rlz=1: rho=0.0697 (3.5s)
BA_z16 transition L=4 rlz=1: rho=0.4554 (30.4s)
BA_z16 transition L=1 rlz=2: rho=0.1112 (3.8s)
BA_z16 transition L=4 rlz=2: rho=0.4589 (32.2s)
BA_z16 transition L=1 rlz=3: rho=0.0571 (3.8s)
BA_z16 transition L=4 rlz=3: rho=0.4330 (32.6s)
BA_z16 transition L=1 rlz=4: rho=0.1258 (3.6s)
BA_z16 transition L=4 rlz=4: rho=0.4935 (30.7s)
BA_z16 transition L=1 rlz=5: rho=0.0449 (3.6s)
BA_z16 transition L=4 rlz=5: rho=0.5354 (31.0s)
BA_z16 transition L=1 rlz=6: rho=0.0397 (3.4s)
BA_z16 transition L=4 rlz=6: rho=0.4695 (29.9s)
BA_z16 transition L=1 rlz=7: rho=0.0555 (3.5s)
BA_z16 transition L=4 rlz=7: rho=0.4113 (31.8s)
BA_z16 transition L=1 rlz=8: rho=0.0775 (3.8s)
BA_z16 transition L=4 rlz=8: rho=0.5782 (31.2s)
BA_z16 transition L=1 rlz=9: rho=0.0179 (3.4s)
BA_z16 transition L=4 rlz=9: rho=0.4621 (30.8s)
BA_z16 bistable   L=1 rlz=0: rho=0.1101 (3.4s)
BA_z16 bistable   L=4 rlz=0: rho=0.5065 (29.8s)
BA_z16 bistable   L=1 rlz=1: rho=0.0387 (3.4s)
BA_z16 bistable   L=4 rlz=1: rho=0.4850 (30.1s)
BA_z16 bistable   L=1 rlz=2: rho=0.1003 (3.5s)
BA_z16 bistable   L=4 rlz=2: rho=0.4829 (30.8s)
BA_z16 bistable   L=1 rlz=3: rho=0.0296 (3.5s)
BA_z16 bistable   L=4 rlz=3: rho=0.4273 (30.1s)
BA_z16 bistable   L=1 rlz=4: rho=0.0961 (3.4s)
BA_z16 bistable   L=4 rlz=4: rho=0.5071 (30.1s)
BA_z16 bistable   L=1 rlz=5: rho=0.0210 (3.5s)
BA_z16 bistable   L=4 rlz=5: rho=0.4477 (29.4s)
BA_z16 bistable   L=1 rlz=6: rho=0.0068 (3.3s)
BA_z16 bistable   L=4 rlz=6: rho=0.3961 (29.6s)
BA_z16 bistable   L=1 rlz=7: rho=0.0398 (3.4s)
BA_z16 bistable   L=4 rlz=7: rho=0.4301 (29.0s)
BA_z16 bistable   L=1 rlz=8: rho=0.0386 (3.4s)
BA_z16 bistable   L=4 rlz=8: rho=0.5272 (29.0s)
BA_z16 bistable   L=1 rlz=9: rho=0.0072 (3.3s)
BA_z16 bistable   L=4 rlz=9: rho=0.4239 (28.9s)
ER_z4: 3 points -> ['coop', 'defect', 'transition']
ER_z4 coop       L=1 rlz=0: rho=1.0000 (2.4s)
ER_z4 coop       L=4 rlz=0: rho=1.0000 (9.6s)
ER_z4 coop       L=1 rlz=1: rho=1.0000 (2.5s)
ER_z4 coop       L=4 rlz=1: rho=1.0000 (10.5s)
ER_z4 coop       L=1 rlz=2: rho=1.0000 (2.4s)
ER_z4 coop       L=4 rlz=2: rho=1.0000 (10.8s)
ER_z4 coop       L=1 rlz=3: rho=1.0000 (2.4s)
ER_z4 coop       L=4 rlz=3: rho=1.0000 (10.3s)
ER_z4 coop       L=1 rlz=4: rho=1.0000 (2.4s)
ER_z4 coop       L=4 rlz=4: rho=1.0000 (9.4s)
ER_z4 coop       L=1 rlz=5: rho=1.0000 (2.3s)
ER_z4 coop       L=4 rlz=5: rho=1.0000 (9.2s)
ER_z4 coop       L=1 rlz=6: rho=1.0000 (2.5s)
ER_z4 coop       L=4 rlz=6: rho=1.0000 (10.3s)
ER_z4 coop       L=1 rlz=7: rho=1.0000 (2.4s)
ER_z4 coop       L=4 rlz=7: rho=1.0000 (9.0s)
ER_z4 coop       L=1 rlz=8: rho=1.0000 (2.4s)
ER_z4 coop       L=4 rlz=8: rho=1.0000 (8.9s)
ER_z4 coop       L=1 rlz=9: rho=1.0000 (2.4s)
ER_z4 coop       L=4 rlz=9: rho=1.0000 (9.6s)
ER_z4 defect     L=1 rlz=0: rho=0.0005 (2.9s)
ER_z4 defect     L=4 rlz=0: rho=0.0015 (10.2s)
ER_z4 defect     L=1 rlz=1: rho=0.0000 (3.0s)
ER_z4 defect     L=4 rlz=1: rho=0.0001 (11.0s)
ER_z4 defect     L=1 rlz=2: rho=0.0000 (2.9s)
ER_z4 defect     L=4 rlz=2: rho=0.0000 (11.3s)
ER_z4 defect     L=1 rlz=3: rho=0.0008 (2.9s)
ER_z4 defect     L=4 rlz=3: rho=0.0008 (10.9s)
ER_z4 defect     L=1 rlz=4: rho=0.0000 (2.9s)
ER_z4 defect     L=4 rlz=4: rho=0.0000 (10.0s)
ER_z4 defect     L=1 rlz=5: rho=0.0000 (2.9s)
ER_z4 defect     L=4 rlz=5: rho=0.0202 (9.8s)
ER_z4 defect     L=1 rlz=6: rho=0.0000 (2.9s)
ER_z4 defect     L=4 rlz=6: rho=0.0000 (10.9s)
ER_z4 defect     L=1 rlz=7: rho=0.0026 (2.9s)
ER_z4 defect     L=4 rlz=7: rho=0.0030 (9.6s)
ER_z4 defect     L=1 rlz=8: rho=0.0000 (2.8s)
ER_z4 defect     L=4 rlz=8: rho=0.0000 (9.4s)
ER_z4 defect     L=1 rlz=9: rho=0.0006 (2.9s)
ER_z4 defect     L=4 rlz=9: rho=0.0006 (1030.1s)
ER_z4 transition L=1 rlz=0: rho=0.0003 (3.1s)
ER_z4 transition L=4 rlz=0: rho=0.6320 (10.0s)
ER_z4 transition L=1 rlz=1: rho=0.0000 (3.0s)
ER_z4 transition L=4 rlz=1: rho=0.4600 (11.0s)
ER_z4 transition L=1 rlz=2: rho=0.0000 (3.0s)
ER_z4 transition L=4 rlz=2: rho=0.4901 (11.2s)
ER_z4 transition L=1 rlz=3: rho=0.0006 (49.5s)
ER_z4 transition L=4 rlz=3: rho=0.5604 (10.9s)
ER_z4 transition L=1 rlz=4: rho=0.0000 (3.4s)
ER_z4 transition L=4 rlz=4: rho=0.6905 (9.8s)
ER_z4 transition L=1 rlz=5: rho=0.0000 (3.0s)
ER_z4 transition L=4 rlz=5: rho=0.7203 (9.7s)
ER_z4 transition L=1 rlz=6: rho=0.0000 (3.1s)
ER_z4 transition L=4 rlz=6: rho=0.6207 (10.8s)
ER_z4 transition L=1 rlz=7: rho=0.0026 (3.1s)
ER_z4 transition L=4 rlz=7: rho=0.7515 (9.4s)
ER_z4 transition L=1 rlz=8: rho=0.0002 (3.0s)
ER_z4 transition L=4 rlz=8: rho=0.6504 (9.3s)
ER_z4 transition L=1 rlz=9: rho=0.0006 (3.0s)
ER_z4 transition L=4 rlz=9: rho=0.6117 (10.0s)
ER_z16: 4 points -> ['coop', 'defect', 'transition', 'bistable']
ER_z16 coop       L=1 rlz=0: rho=0.2271 (6.0s)
ER_z16 coop       L=4 rlz=0: rho=0.9976 (28.2s)
ER_z16 coop       L=1 rlz=1: rho=0.2092 (5.2s)
ER_z16 coop       L=4 rlz=1: rho=0.9952 (28.6s)
ER_z16 coop       L=1 rlz=2: rho=0.2046 (13.4s)
ER_z16 coop       L=4 rlz=2: rho=1.0000 (27.8s)
ER_z16 coop       L=1 rlz=3: rho=0.2130 (5.7s)
ER_z16 coop       L=4 rlz=3: rho=0.9972 (27.9s)
ER_z16 coop       L=1 rlz=4: rho=0.2049 (4.8s)
ER_z16 coop       L=4 rlz=4: rho=1.0000 (27.5s)
ER_z16 coop       L=1 rlz=5: rho=0.2285 (5.7s)
ER_z16 coop       L=4 rlz=5: rho=0.9989 (27.8s)
ER_z16 coop       L=1 rlz=6: rho=0.2226 (5.5s)
ER_z16 coop       L=4 rlz=6: rho=0.9980 (27.8s)
ER_z16 coop       L=1 rlz=7: rho=0.2113 (6.0s)
ER_z16 coop       L=4 rlz=7: rho=0.9996 (27.9s)
ER_z16 coop       L=1 rlz=8: rho=0.2147 (5.5s)
ER_z16 coop       L=4 rlz=8: rho=0.9991 (33.6s)
ER_z16 coop       L=1 rlz=9: rho=0.2211 (5.8s)
ER_z16 coop       L=4 rlz=9: rho=0.9982 (27.9s)
ER_z16 defect     L=1 rlz=0: rho=0.0000 (3.4s)
ER_z16 defect     L=4 rlz=0: rho=0.0000 (27.9s)
ER_z16 defect     L=1 rlz=1: rho=0.0000 (3.3s)
ER_z16 defect     L=4 rlz=1: rho=0.0097 (27.9s)
ER_z16 defect     L=1 rlz=2: rho=0.0000 (3.3s)
ER_z16 defect     L=4 rlz=2: rho=0.0004 (27.9s)
ER_z16 defect     L=1 rlz=3: rho=0.0000 (3.3s)
ER_z16 defect     L=4 rlz=3: rho=0.0100 (28.0s)
ER_z16 defect     L=1 rlz=4: rho=0.0000 (3.3s)
ER_z16 defect     L=4 rlz=4: rho=0.0000 (27.9s)
ER_z16 defect     L=1 rlz=5: rho=0.0000 (3.3s)
ER_z16 defect     L=4 rlz=5: rho=0.0000 (28.1s)
ER_z16 defect     L=1 rlz=6: rho=0.0000 (3.3s)
ER_z16 defect     L=4 rlz=6: rho=0.0200 (27.8s)
ER_z16 defect     L=1 rlz=7: rho=0.0000 (11.1s)
ER_z16 defect     L=4 rlz=7: rho=0.0100 (28.1s)
ER_z16 defect     L=1 rlz=8: rho=0.0000 (3.3s)
ER_z16 defect     L=4 rlz=8: rho=0.0100 (28.3s)
ER_z16 defect     L=1 rlz=9: rho=0.0000 (3.3s)
ER_z16 defect     L=4 rlz=9: rho=0.0000 (28.3s)
ER_z16 transition L=1 rlz=0: rho=0.1045 (3.9s)
ER_z16 transition L=4 rlz=0: rho=0.6916 (482.0s)
ER_z16 transition L=1 rlz=1: rho=0.0932 (4.3s)
ER_z16 transition L=4 rlz=1: rho=0.4793 (33.4s)
ER_z16 transition L=1 rlz=2: rho=0.0948 (4.0s)
ER_z16 transition L=4 rlz=2: rho=0.5568 (31.5s)
ER_z16 transition L=1 rlz=3: rho=0.1043 (4.1s)
ER_z16 transition L=4 rlz=3: rho=0.5434 (32.3s)
ER_z16 transition L=1 rlz=4: rho=0.0949 (4.2s)
ER_z16 transition L=4 rlz=4: rho=0.5564 (31.1s)
ER_z16 transition L=1 rlz=5: rho=0.1072 (11.8s)
ER_z16 transition L=4 rlz=5: rho=0.5654 (32.0s)
ER_z16 transition L=1 rlz=6: rho=0.1019 (4.0s)
ER_z16 transition L=4 rlz=6: rho=0.6761 (30.6s)
ER_z16 transition L=1 rlz=7: rho=0.0990 (3.8s)
ER_z16 transition L=4 rlz=7: rho=0.6147 (30.6s)
ER_z16 transition L=1 rlz=8: rho=0.1080 (4.1s)
ER_z16 transition L=4 rlz=8: rho=0.6701 (30.4s)
ER_z16 transition L=1 rlz=9: rho=0.1010 (4.0s)
ER_z16 transition L=4 rlz=9: rho=0.6616 (30.3s)
ER_z16 bistable   L=1 rlz=0: rho=0.0175 (3.6s)
ER_z16 bistable   L=4 rlz=0: rho=0.4717 (29.4s)
ER_z16 bistable   L=1 rlz=1: rho=0.0063 (3.4s)
ER_z16 bistable   L=4 rlz=1: rho=0.2521 (29.4s)
ER_z16 bistable   L=1 rlz=2: rho=0.0109 (3.4s)
ER_z16 bistable   L=4 rlz=2: rho=0.3843 (30.2s)
ER_z16 bistable   L=1 rlz=3: rho=0.0104 (8.2s)
ER_z16 bistable   L=4 rlz=3: rho=0.3481 (28.6s)
ER_z16 bistable   L=1 rlz=4: rho=0.0093 (3.4s)
ER_z16 bistable   L=4 rlz=4: rho=0.3393 (30.0s)
ER_z16 bistable   L=1 rlz=5: rho=0.0111 (3.5s)
ER_z16 bistable   L=4 rlz=5: rho=0.5165 (29.3s)
ER_z16 bistable   L=1 rlz=6: rho=0.0074 (3.5s)
ER_z16 bistable   L=4 rlz=6: rho=0.4430 (29.1s)
ER_z16 bistable   L=1 rlz=7: rho=0.0078 (3.5s)
ER_z16 bistable   L=4 rlz=7: rho=0.4235 (28.3s)
ER_z16 bistable   L=1 rlz=8: rho=0.0095 (3.5s)
ER_z16 bistable   L=4 rlz=8: rho=0.3978 (29.2s)
ER_z16 bistable   L=1 rlz=9: rho=0.0119 (3.4s)
ER_z16 bistable   L=4 rlz=9: rho=0.4631 (28.6s)
TOTAL TIME: 5732.4s
Saved: /Users/mariapereda/Library/CloudStorage/Dropbox/UPM/investigacion/Mis_trabajos_en_curso/19. GabrielleMuller - TFM - Vigilantes 2.0 con distancia Estrada/long-range-social-pressure/robustness_checks/data/network_realization_L_effect.csv
