BA_z4 coop       L=1 N=  250 K=0.1: rho=1.0000 (1.0s)
BA_z4 coop       L=1 N=  500 K=0.1: rho=0.9915 (1.1s)
BA_z4 coop       L=1 N= 1000 K=0.1: rho=0.9652 (2.8s)
BA_z4 coop       L=1 N= 2000 K=0.1: rho=0.9701 (4.0s)
BA_z4 coop       L=1 N=1000 K=0.05: rho=0.9711 (2.8s)
BA_z4 coop       L=1 N=1000 K=0.2: rho=0.9743 (2.9s)
BA_z4 coop       L=1 ASYNC N=1000 K=0.1: rho=0.9544 (5.2s)
BA_z4 coop       L=4 N=  250 K=0.1: rho=1.0000 (2.3s)
BA_z4 coop       L=4 N=  500 K=0.1: rho=1.0000 (6.6s)
BA_z4 coop       L=4 N= 1000 K=0.1: rho=0.9986 (20.8s)
BA_z4 coop       L=4 N= 2000 K=0.1: rho=0.9997 (59.9s)
BA_z4 coop       L=4 N=1000 K=0.05: rho=0.9950 (21.1s)
BA_z4 coop       L=4 N=1000 K=0.2: rho=0.9987 (20.6s)
BA_z4 coop       L=4 ASYNC N=1000 K=0.1: rho=0.9979 (23.1s)
BA_z4 defect     L=1 N=  250 K=0.1: rho=0.4669 (1.1s)
BA_z4 defect     L=1 N=  500 K=0.1: rho=0.5848 (2.0s)
BA_z4 defect     L=1 N= 1000 K=0.1: rho=0.5828 (4.1s)
BA_z4 defect     L=1 N= 2000 K=0.1: rho=0.5946 (5.2s)
BA_z4 defect     L=1 N=1000 K=0.05: rho=0.5808 (4.2s)
BA_z4 defect     L=1 N=1000 K=0.2: rho=0.5854 (4.3s)
BA_z4 defect     L=1 ASYNC N=1000 K=0.1: rho=0.6496 (7.6s)
BA_z4 defect     L=4 N=  250 K=0.1: rho=0.4582 (3.7s)
BA_z4 defect     L=4 N=  500 K=0.1: rho=0.5856 (11.0s)
BA_z4 defect     L=4 N= 1000 K=0.1: rho=0.5870 (31.2s)
BA_z4 defect     L=4 N= 2000 K=0.1: rho=0.5964 (81.5s)
BA_z4 defect     L=4 N=1000 K=0.05: rho=0.5871 (31.4s)
BA_z4 defect     L=4 N=1000 K=0.2: rho=0.5887 (33.0s)
BA_z4 defect     L=4 ASYNC N=1000 K=0.1: rho=0.6434 (36.4s)
BA_z4 bistable   L=1 N=  250 K=0.1: rho=0.4609 (1.2s)
BA_z4 bistable   L=1 N=  500 K=0.1: rho=0.5811 (2.0s)
BA_z4 bistable   L=1 N= 1000 K=0.1: rho=0.5847 (4.2s)
BA_z4 bistable   L=1 N= 2000 K=0.1: rho=0.6023 (5.2s)
BA_z4 bistable   L=1 N=1000 K=0.05: rho=0.5834 (4.2s)
BA_z4 bistable   L=1 N=1000 K=0.2: rho=0.5826 (4.4s)
BA_z4 bistable   L=1 ASYNC N=1000 K=0.1: rho=0.6490 (7.4s)
BA_z4 bistable   L=4 N=  250 K=0.1: rho=0.6300 (3.2s)
BA_z4 bistable   L=4 N=  500 K=0.1: rho=0.7193 (9.8s)
BA_z4 bistable   L=4 N= 1000 K=0.1: rho=0.7505 (27.8s)
BA_z4 bistable   L=4 N= 2000 K=0.1: rho=0.7625 (68.6s)
BA_z4 bistable   L=4 N=1000 K=0.05: rho=0.7533 (27.3s)
BA_z4 bistable   L=4 N=1000 K=0.2: rho=0.7523 (28.7s)
BA_z4 bistable   L=4 ASYNC N=1000 K=0.1: rho=0.7828 (30.3s)
BA_z16 coop       L=1 N=  250 K=0.1: rho=0.9207 (0.9s)
BA_z16 coop       L=1 N=  500 K=0.1: rho=0.9525 (1.7s)
BA_z16 coop       L=1 N= 1000 K=0.1: rho=0.9788 (3.6s)
BA_z16 coop       L=1 N= 2000 K=0.1: rho=0.9707 (5.7s)
BA_z16 coop       L=1 N=1000 K=0.05: rho=0.9788 (3.3s)
BA_z16 coop       L=1 N=1000 K=0.2: rho=0.9678 (3.1s)
BA_z16 coop       L=1 ASYNC N=1000 K=0.1: rho=0.9574 (6.5s)
BA_z16 coop       L=4 N=  250 K=0.1: rho=0.9207 (2.8s)
BA_z16 coop       L=4 N=  500 K=0.1: rho=0.9525 (10.0s)
BA_z16 coop       L=4 N= 1000 K=0.1: rho=0.9788 (38.7s)
BA_z16 coop       L=4 N= 2000 K=0.1: rho=0.9707 (130.9s)
BA_z16 coop       L=4 N=1000 K=0.05: rho=0.9788 (33.8s)
BA_z16 coop       L=4 N=1000 K=0.2: rho=0.9678 (34.1s)
BA_z16 coop       L=4 ASYNC N=1000 K=0.1: rho=0.9574 (38.8s)
BA_z16 defect     L=1 N=  250 K=0.1: rho=0.0000 (1.0s)
BA_z16 defect     L=1 N=  500 K=0.1: rho=0.0000 (1.7s)
BA_z16 defect     L=1 N= 1000 K=0.1: rho=0.0025 (3.2s)
BA_z16 defect     L=1 N= 2000 K=0.1: rho=0.0406 (6.1s)
BA_z16 defect     L=1 N=1000 K=0.05: rho=0.0025 (3.3s)
BA_z16 defect     L=1 N=1000 K=0.2: rho=0.0033 (3.5s)
BA_z16 defect     L=1 ASYNC N=1000 K=0.1: rho=0.0028 (6.1s)
BA_z16 defect     L=4 N=  250 K=0.1: rho=0.0000 (2.8s)
BA_z16 defect     L=4 N=  500 K=0.1: rho=0.0000 (8.4s)
BA_z16 defect     L=4 N= 1000 K=0.1: rho=0.0032 (30.2s)
BA_z16 defect     L=4 N= 2000 K=0.1: rho=0.0339 (134.1s)
BA_z16 defect     L=4 N=1000 K=0.05: rho=0.0029 (29.9s)
BA_z16 defect     L=4 N=1000 K=0.2: rho=0.0023 (34.5s)
BA_z16 defect     L=4 ASYNC N=1000 K=0.1: rho=0.0036 (32.5s)
BA_z16 transition L=1 N=  250 K=0.1: rho=0.0500 (1.0s)
BA_z16 transition L=1 N=  500 K=0.1: rho=0.0914 (1.6s)
BA_z16 transition L=1 N= 1000 K=0.1: rho=0.1046 (3.6s)
BA_z16 transition L=1 N= 2000 K=0.1: rho=0.1876 (6.4s)
BA_z16 transition L=1 N=1000 K=0.05: rho=0.0928 (3.8s)
BA_z16 transition L=1 N=1000 K=0.2: rho=0.0820 (3.6s)
BA_z16 transition L=1 ASYNC N=1000 K=0.1: rho=0.1340 (7.8s)
BA_z16 transition L=4 N=  250 K=0.1: rho=0.2600 (2.6s)
BA_z16 transition L=4 N=  500 K=0.1: rho=0.4209 (8.4s)
BA_z16 transition L=4 N= 1000 K=0.1: rho=0.4721 (33.6s)
BA_z16 transition L=4 N= 2000 K=0.1: rho=0.5581 (143.2s)
BA_z16 transition L=4 N=1000 K=0.05: rho=0.4334 (34.4s)
BA_z16 transition L=4 N=1000 K=0.2: rho=0.4141 (33.6s)
BA_z16 transition L=4 ASYNC N=1000 K=0.1: rho=0.4399 (38.8s)
BA_z16 bistable   L=1 N=  250 K=0.1: rho=0.0100 (1.0s)
BA_z16 bistable   L=1 N=  500 K=0.1: rho=0.0600 (1.6s)
BA_z16 bistable   L=1 N= 1000 K=0.1: rho=0.1056 (3.4s)
BA_z16 bistable   L=1 N= 2000 K=0.1: rho=0.1818 (6.9s)
BA_z16 bistable   L=1 N=1000 K=0.05: rho=0.0997 (3.7s)
BA_z16 bistable   L=1 N=1000 K=0.2: rho=0.1205 (3.6s)
BA_z16 bistable   L=1 ASYNC N=1000 K=0.1: rho=0.1384 (6.7s)
BA_z16 bistable   L=4 N=  250 K=0.1: rho=0.2100 (2.6s)
BA_z16 bistable   L=4 N=  500 K=0.1: rho=0.3700 (8.3s)
BA_z16 bistable   L=4 N= 1000 K=0.1: rho=0.4761 (32.0s)
BA_z16 bistable   L=4 N= 2000 K=0.1: rho=0.5812 (136.7s)
BA_z16 bistable   L=4 N=1000 K=0.05: rho=0.4461 (32.1s)
BA_z16 bistable   L=4 N=1000 K=0.2: rho=0.4836 (32.9s)
BA_z16 bistable   L=4 ASYNC N=1000 K=0.1: rho=0.4878 (35.1s)
ER_z4 coop       L=1 N=  250 K=0.1: rho=1.0000 (0.7s)
ER_z4 coop       L=1 N=  500 K=0.1: rho=1.0000 (1.1s)
ER_z4 coop       L=1 N= 1000 K=0.1: rho=1.0000 (2.6s)
ER_z4 coop       L=1 N= 2000 K=0.1: rho=1.0000 (3.7s)
ER_z4 coop       L=1 N=1000 K=0.05: rho=1.0000 (2.6s)
ER_z4 coop       L=1 N=1000 K=0.2: rho=1.0000 (2.6s)
ER_z4 coop       L=1 ASYNC N=1000 K=0.1: rho=1.0000 (4.2s)
ER_z4 coop       L=4 N=  250 K=0.1: rho=1.0000 (1.8s)
ER_z4 coop       L=4 N=  500 K=0.1: rho=1.0000 (4.3s)
ER_z4 coop       L=4 N= 1000 K=0.1: rho=1.0000 (9.9s)
ER_z4 coop       L=4 N= 2000 K=0.1: rho=1.0000 (21.9s)
ER_z4 coop       L=4 N=1000 K=0.05: rho=1.0000 (10.4s)
ER_z4 coop       L=4 N=1000 K=0.2: rho=1.0000 (9.9s)
ER_z4 coop       L=4 ASYNC N=1000 K=0.1: rho=1.0000 (11.7s)
ER_z4 defect     L=1 N=  250 K=0.1: rho=0.0002 (0.9s)
ER_z4 defect     L=1 N=  500 K=0.1: rho=0.0000 (1.3s)
ER_z4 defect     L=1 N= 1000 K=0.1: rho=0.0005 (3.2s)
ER_z4 defect     L=1 N= 2000 K=0.1: rho=0.0000 (4.5s)
ER_z4 defect     L=1 N=1000 K=0.05: rho=0.0172 (3.1s)
ER_z4 defect     L=1 N=1000 K=0.2: rho=0.0000 (3.0s)
ER_z4 defect     L=1 ASYNC N=1000 K=0.1: rho=0.0016 (4.8s)
ER_z4 defect     L=4 N=  250 K=0.1: rho=0.0602 (1.9s)
ER_z4 defect     L=4 N=  500 K=0.1: rho=0.0100 (4.5s)
ER_z4 defect     L=4 N= 1000 K=0.1: rho=0.0110 (10.3s)
ER_z4 defect     L=4 N= 2000 K=0.1: rho=0.0001 (22.3s)
ER_z4 defect     L=4 N=1000 K=0.05: rho=0.0164 (10.3s)
ER_z4 defect     L=4 N=1000 K=0.2: rho=0.0000 (10.3s)
ER_z4 defect     L=4 ASYNC N=1000 K=0.1: rho=0.0426 (12.1s)
ER_z4 transition L=1 N=  250 K=0.1: rho=0.0002 (0.8s)
ER_z4 transition L=1 N=  500 K=0.1: rho=0.0000 (1.3s)
ER_z4 transition L=1 N= 1000 K=0.1: rho=0.0005 (3.0s)
ER_z4 transition L=1 N= 2000 K=0.1: rho=0.0001 (4.3s)
ER_z4 transition L=1 N=1000 K=0.05: rho=0.0167 (3.0s)
ER_z4 transition L=1 N=1000 K=0.2: rho=0.0000 (3.0s)
ER_z4 transition L=1 ASYNC N=1000 K=0.1: rho=0.0015 (4.8s)
ER_z4 transition L=4 N=  250 K=0.1: rho=0.3908 (1.8s)
ER_z4 transition L=4 N=  500 K=0.1: rho=0.5311 (4.4s)
ER_z4 transition L=4 N= 1000 K=0.1: rho=0.6026 (10.3s)
ER_z4 transition L=4 N= 2000 K=0.1: rho=0.6500 (22.6s)
ER_z4 transition L=4 N=1000 K=0.05: rho=0.6572 (10.4s)
ER_z4 transition L=4 N=1000 K=0.2: rho=0.5200 (10.2s)
ER_z4 transition L=4 ASYNC N=1000 K=0.1: rho=0.8613 (11.7s)
ER_z16 coop       L=1 N=  250 K=0.1: rho=0.0000 (1.0s)
ER_z16 coop       L=1 N=  500 K=0.1: rho=0.0568 (2.2s)
ER_z16 coop       L=1 N= 1000 K=0.1: rho=0.2295 (5.3s)
ER_z16 coop       L=1 N= 2000 K=0.1: rho=0.2383 (8.0s)
ER_z16 coop       L=1 N=1000 K=0.05: rho=0.2714 (5.5s)
ER_z16 coop       L=1 N=1000 K=0.2: rho=0.1606 (5.0s)
ER_z16 coop       L=1 ASYNC N=1000 K=0.1: rho=0.3936 (9.8s)
ER_z16 coop       L=4 N=  250 K=0.1: rho=0.3200 (2.7s)
ER_z16 coop       L=4 N=  500 K=0.1: rho=0.9594 (8.6s)
ER_z16 coop       L=4 N= 1000 K=0.1: rho=0.9984 (30.1s)
ER_z16 coop       L=4 N= 2000 K=0.1: rho=0.9997 (111.7s)
ER_z16 coop       L=4 N=1000 K=0.05: rho=0.9979 (29.9s)
ER_z16 coop       L=4 N=1000 K=0.2: rho=0.9971 (30.0s)
ER_z16 coop       L=4 ASYNC N=1000 K=0.1: rho=0.9959 (32.4s)
ER_z16 defect     L=1 N=  250 K=0.1: rho=0.0000 (1.0s)
ER_z16 defect     L=1 N=  500 K=0.1: rho=0.0000 (1.7s)
ER_z16 defect     L=1 N= 1000 K=0.1: rho=0.0000 (3.2s)
ER_z16 defect     L=1 N= 2000 K=0.1: rho=0.0079 (5.7s)
ER_z16 defect     L=1 N=1000 K=0.05: rho=0.0005 (3.3s)
ER_z16 defect     L=1 N=1000 K=0.2: rho=0.0000 (3.2s)
ER_z16 defect     L=1 ASYNC N=1000 K=0.1: rho=0.0032 (5.7s)
ER_z16 defect     L=4 N=  250 K=0.1: rho=0.0000 (2.7s)
ER_z16 defect     L=4 N=  500 K=0.1: rho=0.0000 (8.4s)
ER_z16 defect     L=4 N= 1000 K=0.1: rho=0.0100 (29.3s)
ER_z16 defect     L=4 N= 2000 K=0.1: rho=0.0112 (116.5s)
ER_z16 defect     L=4 N=1000 K=0.05: rho=0.0008 (29.5s)
ER_z16 defect     L=4 N=1000 K=0.2: rho=0.0000 (29.1s)
ER_z16 defect     L=4 ASYNC N=1000 K=0.1: rho=0.1263 (33.8s)
ER_z16 transition L=1 N=  250 K=0.1: rho=0.0000 (1.0s)
ER_z16 transition L=1 N=  500 K=0.1: rho=0.0025 (1.7s)
ER_z16 transition L=1 N= 1000 K=0.1: rho=0.1064 (3.8s)
ER_z16 transition L=1 N= 2000 K=0.1: rho=0.1228 (6.1s)
ER_z16 transition L=1 N=1000 K=0.05: rho=0.1169 (3.8s)
ER_z16 transition L=1 N=1000 K=0.2: rho=0.0824 (3.8s)
ER_z16 transition L=1 ASYNC N=1000 K=0.1: rho=0.1521 (6.3s)
ER_z16 transition L=4 N=  250 K=0.1: rho=0.1200 (2.6s)
ER_z16 transition L=4 N=  500 K=0.1: rho=0.2419 (8.6s)
ER_z16 transition L=4 N= 1000 K=0.1: rho=0.5897 (32.3s)
ER_z16 transition L=4 N= 2000 K=0.1: rho=0.7633 (113.5s)
ER_z16 transition L=4 N=1000 K=0.05: rho=0.6469 (36.1s)
ER_z16 transition L=4 N=1000 K=0.2: rho=0.6211 (32.3s)
ER_z16 transition L=4 ASYNC N=1000 K=0.1: rho=0.9622 (32.2s)
ER_z16 bistable   L=1 N=  250 K=0.1: rho=0.0000 (1.0s)
ER_z16 bistable   L=1 N=  500 K=0.1: rho=0.0000 (1.7s)
ER_z16 bistable   L=1 N= 1000 K=0.1: rho=0.0137 (3.3s)
ER_z16 bistable   L=1 N= 2000 K=0.1: rho=0.0590 (5.7s)
ER_z16 bistable   L=1 N=1000 K=0.05: rho=0.0253 (3.4s)
ER_z16 bistable   L=1 N=1000 K=0.2: rho=0.0005 (3.2s)
ER_z16 bistable   L=1 ASYNC N=1000 K=0.1: rho=0.0698 (6.0s)
ER_z16 bistable   L=4 N=  250 K=0.1: rho=0.1000 (2.6s)
ER_z16 bistable   L=4 N=  500 K=0.1: rho=0.1799 (8.4s)
ER_z16 bistable   L=4 N= 1000 K=0.1: rho=0.4472 (31.0s)
ER_z16 bistable   L=4 N= 2000 K=0.1: rho=0.4818 (116.7s)
ER_z16 bistable   L=4 N=1000 K=0.05: rho=0.7058 (30.2s)
ER_z16 bistable   L=4 N=1000 K=0.2: rho=0.1711 (29.4s)
ER_z16 bistable   L=4 ASYNC N=1000 K=0.1: rho=0.9595 (31.9s)
TOTAL TIME: 3281.6s
topo  z     regime  L sweep   value  rho_mean  rho_std
  BA  4   bistable  1     K    0.05  0.583358 0.051014
  BA  4   bistable  1     K    0.20  0.582621 0.066215
  BA  4   bistable  1     N  250.00  0.460921 0.214341
  BA  4   bistable  1     N  500.00  0.581096 0.108699
  BA  4   bistable  1     N 1000.00  0.584691 0.051691
  BA  4   bistable  1     N 2000.00  0.602350 0.048529
  BA  4   bistable  1 async    1.00  0.649016 0.085187
  BA  4   bistable  4     K    0.05  0.753304 0.204262
  BA  4   bistable  4     K    0.20  0.752299 0.204745
  BA  4   bistable  4     N  250.00  0.629995 0.325017
  BA  4   bistable  4     N  500.00  0.719309 0.227580
  BA  4   bistable  4     N 1000.00  0.750518 0.207762
  BA  4   bistable  4     N 2000.00  0.762468 0.193467
  BA  4   bistable  4 async    1.00  0.782779 0.201167
  BA  4       coop  1     K    0.05  0.971052 0.080044
  BA  4       coop  1     K    0.20  0.974340 0.079296
  BA  4       coop  1     N  250.00  1.000000 0.000000
  BA  4       coop  1     N  500.00  0.991471 0.046952
  BA  4       coop  1     N 1000.00  0.965206 0.087003
  BA  4       coop  1     N 2000.00  0.970110 0.066618
  BA  4       coop  1 async    1.00  0.954394 0.090922
  BA  4       coop  4     K    0.05  0.995047 0.030955
  BA  4       coop  4     K    0.20  0.998671 0.013287
  BA  4       coop  4     N  250.00  1.000000 0.000000
  BA  4       coop  4     N  500.00  1.000000 0.000000
  BA  4       coop  4     N 1000.00  0.998649 0.013513
  BA  4       coop  4     N 2000.00  0.999675 0.001965
  BA  4       coop  4 async    1.00  0.997930 0.014562
  BA  4     defect  1     K    0.05  0.580824 0.053440
  BA  4     defect  1     K    0.20  0.585378 0.062657
  BA  4     defect  1     N  250.00  0.466891 0.209636
  BA  4     defect  1     N  500.00  0.584800 0.108179
  BA  4     defect  1     N 1000.00  0.582759 0.054418
  BA  4     defect  1     N 2000.00  0.594618 0.056706
  BA  4     defect  1 async    1.00  0.649567 0.086495
  BA  4     defect  4     K    0.05  0.587060 0.045180
  BA  4     defect  4     K    0.20  0.588696 0.059948
  BA  4     defect  4     N  250.00  0.458178 0.217143
  BA  4     defect  4     N  500.00  0.585640 0.108557
  BA  4     defect  4     N 1000.00  0.586953 0.046233
  BA  4     defect  4     N 2000.00  0.596369 0.053243
  BA  4     defect  4 async    1.00  0.643408 0.088754
  BA 16   bistable  1     K    0.05  0.099706 0.268712
  BA 16   bistable  1     K    0.20  0.120545 0.311756
  BA 16   bistable  1     N  250.00  0.010000 0.100000
  BA 16   bistable  1     N  500.00  0.060000 0.238683
  BA 16   bistable  1     N 1000.00  0.105641 0.284108
  BA 16   bistable  1     N 2000.00  0.181751 0.305457
  BA 16   bistable  1 async    1.00  0.138377 0.321515
  BA 16   bistable  4     K    0.05  0.446101 0.493730
  BA 16   bistable  4     K    0.20  0.483650 0.498801
  BA 16   bistable  4     N  250.00  0.210000 0.409360
  BA 16   bistable  4     N  500.00  0.370000 0.485237
  BA 16   bistable  4     N 1000.00  0.476128 0.496224
  BA 16   bistable  4     N 2000.00  0.581249 0.460990
  BA 16   bistable  4 async    1.00  0.487845 0.495088
  BA 16       coop  1     K    0.05  0.978833 0.103202
  BA 16       coop  1     K    0.20  0.967758 0.130551
  BA 16       coop  1     N  250.00  0.920703 0.264611
  BA 16       coop  1     N  500.00  0.952523 0.163969
  BA 16       coop  1     N 1000.00  0.978833 0.103202
  BA 16       coop  1     N 2000.00  0.970653 0.121076
  BA 16       coop  1 async    1.00  0.957448 0.149377
  BA 16       coop  4     K    0.05  0.978833 0.103202
  BA 16       coop  4     K    0.20  0.967758 0.130551
  BA 16       coop  4     N  250.00  0.920703 0.264611
  BA 16       coop  4     N  500.00  0.952523 0.163969
  BA 16       coop  4     N 1000.00  0.978833 0.103202
  BA 16       coop  4     N 2000.00  0.970653 0.121076
  BA 16       coop  4 async    1.00  0.957448 0.149377
  BA 16     defect  1     K    0.05  0.002506 0.011086
  BA 16     defect  1     K    0.20  0.003347 0.011464
  BA 16     defect  1     N  250.00  0.000000 0.000000
  BA 16     defect  1     N  500.00  0.000000 0.000000
  BA 16     defect  1     N 1000.00  0.002506 0.011086
  BA 16     defect  1     N 2000.00  0.040632 0.032813
  BA 16     defect  1 async    1.00  0.002823 0.010495
  BA 16     defect  4     K    0.05  0.002861 0.011563
  BA 16     defect  4     K    0.20  0.002261 0.009674
  BA 16     defect  4     N  250.00  0.000000 0.000000
  BA 16     defect  4     N  500.00  0.000000 0.000000
  BA 16     defect  4     N 1000.00  0.003250 0.012105
  BA 16     defect  4     N 2000.00  0.033923 0.031254
  BA 16     defect  4 async    1.00  0.003574 0.011727
  BA 16 transition  1     K    0.05  0.092833 0.234200
  BA 16 transition  1     K    0.20  0.082026 0.236199
  BA 16 transition  1     N  250.00  0.050000 0.219043
  BA 16 transition  1     N  500.00  0.091389 0.287352
  BA 16 transition  1     N 1000.00  0.104632 0.252362
  BA 16 transition  1     N 2000.00  0.187577 0.276355
  BA 16 transition  1 async    1.00  0.134022 0.293756
  BA 16 transition  4     K    0.05  0.433387 0.476398
  BA 16 transition  4     K    0.20  0.414104 0.481817
  BA 16 transition  4     N  250.00  0.260000 0.440844
  BA 16 transition  4     N  500.00  0.420930 0.495336
  BA 16 transition  4     N 1000.00  0.472095 0.490419
  BA 16 transition  4     N 2000.00  0.558083 0.448015
  BA 16 transition  4 async    1.00  0.439939 0.480140
  ER  4       coop  1     K    0.05  1.000000 0.000000
  ER  4       coop  1     K    0.20  1.000000 0.000000
  ER  4       coop  1     N  250.00  1.000000 0.000000
  ER  4       coop  1     N  500.00  1.000000 0.000000
  ER  4       coop  1     N 1000.00  1.000000 0.000000
  ER  4       coop  1     N 2000.00  0.999970 0.000295
  ER  4       coop  1 async    1.00  1.000000 0.000000
  ER  4       coop  4     K    0.05  1.000000 0.000000
  ER  4       coop  4     K    0.20  1.000000 0.000000
  ER  4       coop  4     N  250.00  1.000000 0.000000
  ER  4       coop  4     N  500.00  1.000000 0.000000
  ER  4       coop  4     N 1000.00  1.000000 0.000000
  ER  4       coop  4     N 2000.00  0.999970 0.000295
  ER  4       coop  4 async    1.00  1.000000 0.000000
  ER  4     defect  1     K    0.05  0.017238 0.013065
  ER  4     defect  1     K    0.20  0.000000 0.000000
  ER  4     defect  1     N  250.00  0.000214 0.002137
  ER  4     defect  1     N  500.00  0.000000 0.000000
  ER  4     defect  1     N 1000.00  0.000461 0.001827
  ER  4     defect  1     N 2000.00  0.000018 0.000165
  ER  4     defect  1 async    1.00  0.001554 0.004725
  ER  4     defect  4     K    0.05  0.016415 0.012278
  ER  4     defect  4     K    0.20  0.000000 0.000000
  ER  4     defect  4     N  250.00  0.060214 0.238639
  ER  4     defect  4     N  500.00  0.010000 0.100000
  ER  4     defect  4     N 1000.00  0.011043 0.099937
  ER  4     defect  4     N 2000.00  0.000050 0.000280
  ER  4     defect  4 async    1.00  0.042617 0.196511
  ER  4 transition  1     K    0.05  0.016673 0.013378
  ER  4 transition  1     K    0.20  0.000000 0.000000
  ER  4 transition  1     N  250.00  0.000214 0.002137
  ER  4 transition  1     N  500.00  0.000000 0.000000
  ER  4 transition  1     N 1000.00  0.000527 0.001956
  ER  4 transition  1     N 2000.00  0.000079 0.000319
  ER  4 transition  1 async    1.00  0.001517 0.004957
  ER  4 transition  4     K    0.05  0.657208 0.469581
  ER  4 transition  4     K    0.20  0.520045 0.502070
  ER  4 transition  4     N  250.00  0.390757 0.489618
  ER  4 transition  4     N  500.00  0.531112 0.500503
  ER  4 transition  4     N 1000.00  0.602631 0.489243
  ER  4 transition  4     N 2000.00  0.650010 0.479161
  ER  4 transition  4 async    1.00  0.861276 0.345596
  ER 16   bistable  1     K    0.05  0.025325 0.031200
  ER 16   bistable  1     K    0.20  0.000531 0.005307
  ER 16   bistable  1     N  250.00  0.000000 0.000000
  ER 16   bistable  1     N  500.00  0.000000 0.000000
  ER 16   bistable  1     N 1000.00  0.013652 0.023172
  ER 16   bistable  1     N 2000.00  0.059035 0.013666
  ER 16   bistable  1 async    1.00  0.069813 0.021816
  ER 16   bistable  4     K    0.05  0.705759 0.449244
  ER 16   bistable  4     K    0.20  0.171067 0.375947
  ER 16   bistable  4     N  250.00  0.100000 0.301511
  ER 16   bistable  4     N  500.00  0.179851 0.385805
  ER 16   bistable  4     N 1000.00  0.447250 0.490731
  ER 16   bistable  4     N 2000.00  0.481833 0.470388
  ER 16   bistable  4 async    1.00  0.959509 0.185618
  ER 16       coop  1     K    0.05  0.271448 0.026929
  ER 16       coop  1     K    0.20  0.160628 0.030156
  ER 16       coop  1     N  250.00  0.000000 0.000000
  ER 16       coop  1     N  500.00  0.056776 0.087460
  ER 16       coop  1     N 1000.00  0.229515 0.024348
  ER 16       coop  1     N 2000.00  0.238326 0.017918
  ER 16       coop  1 async    1.00  0.393619 0.225551
  ER 16       coop  4     K    0.05  0.997874 0.004813
  ER 16       coop  4     K    0.20  0.997101 0.005799
  ER 16       coop  4     N  250.00  0.320000 0.468826
  ER 16       coop  4     N  500.00  0.959432 0.196850
  ER 16       coop  4     N 1000.00  0.998432 0.004137
  ER 16       coop  4     N 2000.00  0.999738 0.001482
  ER 16       coop  4 async    1.00  0.995925 0.006413
  ER 16     defect  1     K    0.05  0.000539 0.004085
  ER 16     defect  1     K    0.20  0.000000 0.000000
  ER 16     defect  1     N  250.00  0.000000 0.000000
  ER 16     defect  1     N  500.00  0.000000 0.000000
  ER 16     defect  1     N 1000.00  0.000000 0.000000
  ER 16     defect  1     N 2000.00  0.007904 0.013581
  ER 16     defect  1 async    1.00  0.003240 0.011090
  ER 16     defect  4     K    0.05  0.000835 0.004788
  ER 16     defect  4     K    0.20  0.000000 0.000000
  ER 16     defect  4     N  250.00  0.000000 0.000000
  ER 16     defect  4     N  500.00  0.000000 0.000000
  ER 16     defect  4     N 1000.00  0.010000 0.100000
  ER 16     defect  4     N 2000.00  0.011222 0.014583
  ER 16     defect  4 async    1.00  0.126283 0.322700
  ER 16 transition  1     K    0.05  0.116937 0.031275
  ER 16 transition  1     K    0.20  0.082424 0.035278
  ER 16 transition  1     N  250.00  0.000000 0.000000
  ER 16 transition  1     N  500.00  0.002481 0.012554
  ER 16 transition  1     N 1000.00  0.106379 0.033968
  ER 16 transition  1     N 2000.00  0.122844 0.007115
  ER 16 transition  1 async    1.00  0.152136 0.008259
  ER 16 transition  4     K    0.05  0.646865 0.433978
  ER 16 transition  4     K    0.20  0.621089 0.454047
  ER 16 transition  4     N  250.00  0.120000 0.326599
  ER 16 transition  4     N  500.00  0.241918 0.427369
  ER 16 transition  4     N 1000.00  0.589739 0.445159
  ER 16 transition  4     N 2000.00  0.763333 0.390905
  ER 16 transition  4 async    1.00  0.962183 0.166447
Saved: /Users/mariapereda/Library/CloudStorage/Dropbox/UPM/investigacion/Mis_trabajos_en_curso/19. GabrielleMuller - TFM - Vigilantes 2.0 con distancia Estrada/long-range-social-pressure/robustness_checks/data/nk_async_robustness.csv /Users/mariapereda/Library/CloudStorage/Dropbox/UPM/investigacion/Mis_trabajos_en_curso/19. GabrielleMuller - TFM - Vigilantes 2.0 con distancia Estrada/long-range-social-pressure/robustness_checks/data/nk_async_robustness_summary.csv
