BA_z4 b=1.8 L=1 N=  250 K=0.1: rho=0.8002 (1.3s)
BA_z4 b=1.8 L=1 N=  500 K=0.1: rho=0.8588 (1.6s)
BA_z4 b=1.8 L=1 N= 1000 K=0.1: rho=0.8145 (3.6s)
BA_z4 b=1.8 L=1 N= 2000 K=0.1: rho=0.8305 (4.9s)
BA_z4 b=1.8 L=1 N=1000 K=0.05: rho=0.8191 (3.8s)
BA_z4 b=1.8 L=1 N=1000 K=0.2: rho=0.8327 (3.8s)
BA_z4 b=1.8 L=1 ASYNC N=1000 K=0.1: rho=0.8469 (6.3s)
BA_z4 b=1.8 L=4 N=  250 K=0.1: rho=0.9856 (2.5s)
BA_z4 b=1.8 L=4 N=  500 K=0.1: rho=0.9973 (6.6s)
BA_z4 b=1.8 L=4 N= 1000 K=0.1: rho=0.9977 (19.9s)
BA_z4 b=1.8 L=4 N= 2000 K=0.1: rho=0.9996 (57.4s)
BA_z4 b=1.8 L=4 N=1000 K=0.05: rho=0.9977 (19.8s)
BA_z4 b=1.8 L=4 N=1000 K=0.2: rho=0.9987 (19.8s)
BA_z4 b=1.8 L=4 ASYNC N=1000 K=0.1: rho=0.9990 (22.1s)
BA_z4 b=2.0 L=1 N=  250 K=0.1: rho=0.5793 (1.0s)
BA_z4 b=2.0 L=1 N=  500 K=0.1: rho=0.6707 (1.8s)
BA_z4 b=2.0 L=1 N= 1000 K=0.1: rho=0.6553 (3.8s)
BA_z4 b=2.0 L=1 N= 2000 K=0.1: rho=0.6695 (4.9s)
BA_z4 b=2.0 L=1 N=1000 K=0.05: rho=0.6541 (3.9s)
BA_z4 b=2.0 L=1 N=1000 K=0.2: rho=0.6486 (3.9s)
BA_z4 b=2.0 L=1 ASYNC N=1000 K=0.1: rho=0.7250 (7.1s)
BA_z4 b=2.0 L=4 N=  250 K=0.1: rho=0.9543 (2.5s)
BA_z4 b=2.0 L=4 N=  500 K=0.1: rho=0.9916 (6.7s)
BA_z4 b=2.0 L=4 N= 1000 K=0.1: rho=0.9989 (20.3s)
BA_z4 b=2.0 L=4 N= 2000 K=0.1: rho=0.9988 (57.6s)
BA_z4 b=2.0 L=4 N=1000 K=0.05: rho=0.9977 (19.9s)
BA_z4 b=2.0 L=4 N=1000 K=0.2: rho=0.9987 (20.0s)
BA_z4 b=2.0 L=4 ASYNC N=1000 K=0.1: rho=0.9979 (22.1s)
BA_z16 b=1.5 L=1 N=  250 K=0.1: rho=0.0100 (1.0s)
BA_z16 b=1.5 L=1 N=  500 K=0.1: rho=0.0405 (2.0s)
BA_z16 b=1.5 L=1 N= 1000 K=0.1: rho=0.1705 (5.9s)
BA_z16 b=1.5 L=1 N= 2000 K=0.1: rho=0.2595 (11.0s)
BA_z16 b=1.5 L=1 N=1000 K=0.05: rho=0.1435 (6.2s)
BA_z16 b=1.5 L=1 N=1000 K=0.2: rho=0.1686 (5.6s)
BA_z16 b=1.5 L=1 ASYNC N=1000 K=0.1: rho=0.1847 (11.6s)
BA_z16 b=1.5 L=4 N=  250 K=0.1: rho=0.3500 (2.8s)
BA_z16 b=1.5 L=4 N=  500 K=0.1: rho=0.4820 (9.4s)
BA_z16 b=1.5 L=4 N= 1000 K=0.1: rho=0.6145 (35.9s)
BA_z16 b=1.5 L=4 N= 2000 K=0.1: rho=0.7175 (150.7s)
BA_z16 b=1.5 L=4 N=1000 K=0.05: rho=0.6065 (42.5s)
BA_z16 b=1.5 L=4 N=1000 K=0.2: rho=0.6111 (40.4s)
BA_z16 b=1.5 L=4 ASYNC N=1000 K=0.1: rho=0.5980 (44.9s)
BA_z16 b=1.7 L=1 N=  250 K=0.1: rho=0.0100 (1.0s)
BA_z16 b=1.7 L=1 N=  500 K=0.1: rho=0.0017 (1.8s)
BA_z16 b=1.7 L=1 N= 1000 K=0.1: rho=0.0318 (3.8s)
BA_z16 b=1.7 L=1 N= 2000 K=0.1: rho=0.0986 (7.8s)
BA_z16 b=1.7 L=1 N=1000 K=0.05: rho=0.0280 (3.6s)
BA_z16 b=1.7 L=1 N=1000 K=0.2: rho=0.0332 (3.9s)
BA_z16 b=1.7 L=1 ASYNC N=1000 K=0.1: rho=0.0526 (7.6s)
BA_z16 b=1.7 L=4 N=  250 K=0.1: rho=0.2500 (2.7s)
BA_z16 b=1.7 L=4 N=  500 K=0.1: rho=0.3828 (8.4s)
BA_z16 b=1.7 L=4 N= 1000 K=0.1: rho=0.4160 (32.4s)
BA_z16 b=1.7 L=4 N= 2000 K=0.1: rho=0.5073 (150.6s)
BA_z16 b=1.7 L=4 N=1000 K=0.05: rho=0.4153 (32.1s)
BA_z16 b=1.7 L=4 N=1000 K=0.2: rho=0.4461 (33.6s)
BA_z16 b=1.7 L=4 ASYNC N=1000 K=0.1: rho=0.4522 (37.5s)
ER_z4 b=1.4 L=1 N=  250 K=0.1: rho=0.0381 (1.0s)
ER_z4 b=1.4 L=1 N=  500 K=0.1: rho=0.0758 (2.0s)
ER_z4 b=1.4 L=1 N= 1000 K=0.1: rho=0.2220 (4.6s)
ER_z4 b=1.4 L=1 N= 2000 K=0.1: rho=0.2100 (6.4s)
ER_z4 b=1.4 L=1 N=1000 K=0.05: rho=0.2580 (4.4s)
ER_z4 b=1.4 L=1 N=1000 K=0.2: rho=0.1162 (4.3s)
ER_z4 b=1.4 L=1 ASYNC N=1000 K=0.1: rho=0.3022 (6.8s)
ER_z4 b=1.4 L=4 N=  250 K=0.1: rho=0.9400 (1.9s)
ER_z4 b=1.4 L=4 N=  500 K=0.1: rho=0.9903 (4.4s)
ER_z4 b=1.4 L=4 N= 1000 K=0.1: rho=1.0000 (9.8s)
ER_z4 b=1.4 L=4 N= 2000 K=0.1: rho=1.0000 (21.5s)
ER_z4 b=1.4 L=4 N=1000 K=0.05: rho=1.0000 (9.9s)
ER_z4 b=1.4 L=4 N=1000 K=0.2: rho=1.0000 (9.8s)
ER_z4 b=1.4 L=4 ASYNC N=1000 K=0.1: rho=1.0000 (11.5s)
ER_z4 b=1.6 L=1 N=  250 K=0.1: rho=0.0039 (0.8s)
ER_z4 b=1.6 L=1 N=  500 K=0.1: rho=0.0007 (1.5s)
ER_z4 b=1.6 L=1 N= 1000 K=0.1: rho=0.0082 (3.1s)
ER_z4 b=1.6 L=1 N= 2000 K=0.1: rho=0.0014 (4.4s)
ER_z4 b=1.6 L=1 N=1000 K=0.05: rho=0.0251 (3.1s)
ER_z4 b=1.6 L=1 N=1000 K=0.2: rho=0.0000 (3.0s)
ER_z4 b=1.6 L=1 ASYNC N=1000 K=0.1: rho=0.0122 (4.7s)
ER_z4 b=1.6 L=4 N=  250 K=0.1: rho=0.9102 (1.9s)
ER_z4 b=1.6 L=4 N=  500 K=0.1: rho=0.9900 (4.4s)
ER_z4 b=1.6 L=4 N= 1000 K=0.1: rho=1.0000 (9.9s)
ER_z4 b=1.6 L=4 N= 2000 K=0.1: rho=0.9999 (21.4s)
ER_z4 b=1.6 L=4 N=1000 K=0.05: rho=1.0000 (9.8s)
ER_z4 b=1.6 L=4 N=1000 K=0.2: rho=1.0000 (9.9s)
ER_z4 b=1.6 L=4 ASYNC N=1000 K=0.1: rho=1.0000 (11.5s)
ER_z16 b=1.1 L=1 N=  250 K=0.1: rho=0.0000 (1.0s)
ER_z16 b=1.1 L=1 N=  500 K=0.1: rho=0.1903 (3.2s)
ER_z16 b=1.1 L=1 N= 1000 K=0.1: rho=0.3266 (5.2s)
ER_z16 b=1.1 L=1 N= 2000 K=0.1: rho=0.3375 (8.8s)
ER_z16 b=1.1 L=1 N=1000 K=0.05: rho=0.3628 (5.1s)
ER_z16 b=1.1 L=1 N=1000 K=0.2: rho=0.2632 (5.4s)
ER_z16 b=1.1 L=1 ASYNC N=1000 K=0.1: rho=0.4111 (7.6s)
ER_z16 b=1.1 L=4 N=  250 K=0.1: rho=0.5100 (2.7s)
ER_z16 b=1.1 L=4 N=  500 K=0.1: rho=0.8624 (10.3s)
ER_z16 b=1.1 L=4 N= 1000 K=0.1: rho=0.9917 (29.7s)
ER_z16 b=1.1 L=4 N= 2000 K=0.1: rho=0.9998 (108.9s)
ER_z16 b=1.1 L=4 N=1000 K=0.05: rho=0.9849 (29.4s)
ER_z16 b=1.1 L=4 N=1000 K=0.2: rho=0.9973 (29.0s)
ER_z16 b=1.1 L=4 ASYNC N=1000 K=0.1: rho=0.9961 (31.3s)
ER_z16 b=1.2 L=1 N=  250 K=0.1: rho=0.0000 (1.1s)
ER_z16 b=1.2 L=1 N=  500 K=0.1: rho=0.0012 (1.8s)
ER_z16 b=1.2 L=1 N= 1000 K=0.1: rho=0.1046 (4.1s)
ER_z16 b=1.2 L=1 N= 2000 K=0.1: rho=0.1240 (6.4s)
ER_z16 b=1.2 L=1 N=1000 K=0.05: rho=0.1127 (4.1s)
ER_z16 b=1.2 L=1 N=1000 K=0.2: rho=0.0786 (4.0s)
ER_z16 b=1.2 L=1 ASYNC N=1000 K=0.1: rho=0.1501 (6.1s)
ER_z16 b=1.2 L=4 N=  250 K=0.1: rho=0.2200 (2.8s)
ER_z16 b=1.2 L=4 N=  500 K=0.1: rho=0.6709 (8.5s)
ER_z16 b=1.2 L=4 N= 1000 K=0.1: rho=0.9265 (29.7s)
ER_z16 b=1.2 L=4 N= 2000 K=0.1: rho=0.9997 (108.0s)
ER_z16 b=1.2 L=4 N=1000 K=0.05: rho=0.9179 (28.9s)
ER_z16 b=1.2 L=4 N=1000 K=0.2: rho=0.9140 (29.3s)
ER_z16 b=1.2 L=4 ASYNC N=1000 K=0.1: rho=0.9961 (30.7s)
TOTAL TIME: 1776.6s
topo  z   b  L sweep   value  rho_mean  rho_std
  BA  4 1.8  1     K    0.05  0.819129 0.138939
  BA  4 1.8  1     K    0.20  0.832684 0.113315
  BA  4 1.8  1     N  250.00  0.800176 0.178141
  BA  4 1.8  1     N  500.00  0.858817 0.100096
  BA  4 1.8  1     N 1000.00  0.814549 0.144986
  BA  4 1.8  1     N 2000.00  0.830465 0.119424
  BA  4 1.8  1 async    1.00  0.846912 0.140843
  BA  4 1.8  4     K    0.05  0.997705 0.016152
  BA  4 1.8  4     K    0.20  0.998654 0.013463
  BA  4 1.8  4     N  250.00  0.985646 0.104166
  BA  4 1.8  4     N  500.00  0.997320 0.026796
  BA  4 1.8  4     N 1000.00  0.997715 0.016081
  BA  4 1.8  4     N 2000.00  0.999587 0.002155
  BA  4 1.8  4 async    1.00  0.998971 0.010288
  BA  4 2.0  1     K    0.05  0.654051 0.146902
  BA  4 2.0  1     K    0.20  0.648592 0.154259
  BA  4 2.0  1     N  250.00  0.579325 0.322299
  BA  4 2.0  1     N  500.00  0.670653 0.199046
  BA  4 2.0  1     N 1000.00  0.655287 0.150127
  BA  4 2.0  1     N 2000.00  0.669470 0.148196
  BA  4 2.0  1 async    1.00  0.725035 0.182912
  BA  4 2.0  4     K    0.05  0.997701 0.016178
  BA  4 2.0  4     K    0.20  0.998652 0.013483
  BA  4 2.0  4     N  250.00  0.954331 0.170929
  BA  4 2.0  4     N  500.00  0.991632 0.058893
  BA  4 2.0  4     N 1000.00  0.998880 0.011205
  BA  4 2.0  4     N 2000.00  0.998840 0.008580
  BA  4 2.0  4 async    1.00  0.997902 0.014760
  BA 16 1.5  1     K    0.05  0.143501 0.135239
  BA 16 1.5  1     K    0.20  0.168570 0.156923
  BA 16 1.5  1     N  250.00  0.010000 0.100000
  BA 16 1.5  1     N  500.00  0.040461 0.122573
  BA 16 1.5  1     N 1000.00  0.170539 0.116526
  BA 16 1.5  1     N 2000.00  0.259534 0.183789
  BA 16 1.5  1 async    1.00  0.184687 0.164347
  BA 16 1.5  4     K    0.05  0.606540 0.431904
  BA 16 1.5  4     K    0.20  0.611085 0.431836
  BA 16 1.5  4     N  250.00  0.350000 0.479372
  BA 16 1.5  4     N  500.00  0.481970 0.492500
  BA 16 1.5  4     N 1000.00  0.614468 0.437460
  BA 16 1.5  4     N 2000.00  0.717520 0.379455
  BA 16 1.5  4 async    1.00  0.597969 0.429983
  BA 16 1.7  1     K    0.05  0.028022 0.035780
  BA 16 1.7  1     K    0.20  0.033196 0.050349
  BA 16 1.7  1     N  250.00  0.010000 0.100000
  BA 16 1.7  1     N  500.00  0.001663 0.012392
  BA 16 1.7  1     N 1000.00  0.031790 0.044606
  BA 16 1.7  1     N 2000.00  0.098643 0.048773
  BA 16 1.7  1 async    1.00  0.052592 0.055288
  BA 16 1.7  4     K    0.05  0.415322 0.480953
  BA 16 1.7  4     K    0.20  0.446067 0.484448
  BA 16 1.7  4     N  250.00  0.250000 0.435194
  BA 16 1.7  4     N  500.00  0.382804 0.485892
  BA 16 1.7  4     N 1000.00  0.416047 0.480353
  BA 16 1.7  4     N 2000.00  0.507264 0.448563
  BA 16 1.7  4 async    1.00  0.452177 0.479469
  ER  4 1.4  1     K    0.05  0.258017 0.022464
  ER  4 1.4  1     K    0.20  0.116234 0.066037
  ER  4 1.4  1     N  250.00  0.038079 0.109005
  ER  4 1.4  1     N  500.00  0.075802 0.071565
  ER  4 1.4  1     N 1000.00  0.222012 0.026255
  ER  4 1.4  1     N 2000.00  0.209970 0.018026
  ER  4 1.4  1 async    1.00  0.302196 0.020626
  ER  4 1.4  4     K    0.05  1.000000 0.000000
  ER  4 1.4  4     K    0.20  1.000000 0.000000
  ER  4 1.4  4     N  250.00  0.940000 0.238683
  ER  4 1.4  4     N  500.00  0.990330 0.096701
  ER  4 1.4  4     N 1000.00  1.000000 0.000000
  ER  4 1.4  4     N 2000.00  0.999970 0.000295
  ER  4 1.4  4 async    1.00  1.000000 0.000000
  ER  4 1.6  1     K    0.05  0.025147 0.012667
  ER  4 1.6  1     K    0.20  0.000000 0.000000
  ER  4 1.6  1     N  250.00  0.003887 0.010857
  ER  4 1.6  1     N  500.00  0.000709 0.003546
  ER  4 1.6  1     N 1000.00  0.008217 0.011335
  ER  4 1.6  1     N 2000.00  0.001392 0.002679
  ER  4 1.6  1 async    1.00  0.012220 0.013676
  ER  4 1.6  4     K    0.05  1.000000 0.000000
  ER  4 1.6  4     K    0.20  1.000000 0.000000
  ER  4 1.6  4     N  250.00  0.910183 0.285866
  ER  4 1.6  4     N  500.00  0.990000 0.100000
  ER  4 1.6  4     N 1000.00  1.000000 0.000000
  ER  4 1.6  4     N 2000.00  0.999908 0.000538
  ER  4 1.6  4 async    1.00  1.000000 0.000000
  ER 16 1.1  1     K    0.05  0.362847 0.025837
  ER 16 1.1  1     K    0.20  0.263213 0.025016
  ER 16 1.1  1     N  250.00  0.000000 0.000000
  ER 16 1.1  1     N  500.00  0.190260 0.124044
  ER 16 1.1  1     N 1000.00  0.326580 0.028447
  ER 16 1.1  1     N 2000.00  0.337514 0.020332
  ER 16 1.1  1 async    1.00  0.411149 0.016186
  ER 16 1.1  4     K    0.05  0.984891 0.090016
  ER 16 1.1  4     K    0.20  0.997293 0.005651
  ER 16 1.1  4     N  250.00  0.510000 0.502418
  ER 16 1.1  4     N  500.00  0.862358 0.308942
  ER 16 1.1  4     N 1000.00  0.991658 0.066948
  ER 16 1.1  4     N 2000.00  0.999824 0.001190
  ER 16 1.1  4 async    1.00  0.996062 0.006419
  ER 16 1.2  1     K    0.05  0.112700 0.037588
  ER 16 1.2  1     K    0.20  0.078576 0.038322
  ER 16 1.2  1     N  250.00  0.000000 0.000000
  ER 16 1.2  1     N  500.00  0.001243 0.012432
  ER 16 1.2  1     N 1000.00  0.104578 0.035185
  ER 16 1.2  1     N 2000.00  0.124020 0.007986
  ER 16 1.2  1 async    1.00  0.150141 0.008852
  ER 16 1.2  4     K    0.05  0.917861 0.256320
  ER 16 1.2  4     K    0.20  0.913996 0.268853
  ER 16 1.2  4     N  250.00  0.220000 0.416333
  ER 16 1.2  4     N  500.00  0.670884 0.469969
  ER 16 1.2  4     N 1000.00  0.926480 0.244278
  ER 16 1.2  4     N 2000.00  0.999676 0.001611
  ER 16 1.2  4 async    1.00  0.996093 0.006349
Saved: /Users/mariapereda/Library/CloudStorage/Dropbox/UPM/investigacion/Mis_trabajos_en_curso/19. GabrielleMuller - TFM - Vigilantes 2.0 con distancia Estrada/long-range-social-pressure/robustness_checks/data/nk_async_theta03.csv /Users/mariapereda/Library/CloudStorage/Dropbox/UPM/investigacion/Mis_trabajos_en_curso/19. GabrielleMuller - TFM - Vigilantes 2.0 con distancia Estrada/long-range-social-pressure/robustness_checks/data/nk_async_theta03_summary.csv
